warning: profiles for the non root package will be ignored, specify profiles at the workspace root:
package:   /workspaces/noa_ark_os/core/Cargo.toml
workspace: /workspaces/noa_ark_os/Cargo.toml
 Downloading crates ...
  Downloaded adler2 v2.0.1
  Downloaded anstream v0.6.21
  Downloaded async-stream-impl v0.3.6
  Downloaded anstyle v1.0.13
  Downloaded anstyle-parse v0.2.7
  Downloaded anstyle-query v1.1.4
  Downloaded cfg-if v1.0.4
  Downloaded inotify-sys v0.1.5
  Downloaded futures-sink v0.3.31
  Downloaded fixedbitset v0.4.2
  Downloaded iana-time-zone v0.1.64
  Downloaded is_terminal_polyfill v1.70.2
  Downloaded synstructure v0.13.2
  Downloaded thiserror v1.0.69
  Downloaded time-core v0.1.6
  Downloaded zerofrom v0.1.6
  Downloaded zerofrom-derive v0.1.6
  Downloaded zerovec-derive v0.11.2
  Downloaded serde_core v1.0.228
  Downloaded sysinfo v0.30.13
  Downloaded schemars v1.1.0
  Downloaded tower v0.4.13
  Downloaded tonic v0.11.0
  Downloaded tower v0.5.2
  Downloaded zerovec v0.11.5
  Downloaded url v2.5.7
  Downloaded typenum v1.19.0
  Downloaded vcpkg v0.2.15
  Downloaded openssl v0.10.75
  Downloaded zerotrie v0.2.3
  Downloaded syn v2.0.110
  Downloaded zip v0.6.6
  Downloaded zerocopy v0.8.27
  Downloaded regex-syntax v0.8.8
  Downloaded tracing-subscriber v0.3.20
  Downloaded tracing v0.1.41
  Downloaded serde_with v3.15.1
  Downloaded rustix v1.1.2
  Downloaded tokio-util v0.7.17
  Downloaded tokio v1.48.0
  Downloaded regex v1.12.2
  Downloaded rayon v1.11.0
  Downloaded serde_json v1.0.145
  Downloaded reqwest v0.11.27
  Downloaded regex-automata v0.4.13
  Downloaded icu_properties_data v2.1.1
  Downloaded mio v1.1.0
  Downloaded mio v0.8.11
  Downloaded memchr v2.7.6
  Downloaded libc v0.2.177
  Downloaded idna v1.1.0
  Downloaded serde v1.0.228
  Downloaded schemars v0.9.0
  Downloaded rand v0.8.5
  Downloaded proc-macro2 v1.0.103
  Downloaded prettyplease v0.2.37
  Downloaded openssl-sys v0.9.111
  Downloaded itertools v0.12.1
  Downloaded yoke-derive v0.8.1
  Downloaded tungstenite v0.24.0
  Downloaded time v0.3.44
  Downloaded socket2 v0.6.1
  Downloaded socket2 v0.5.10
  Downloaded sharded-slab v0.1.7
  Downloaded serde_derive v1.0.228
  Downloaded ryu v1.0.20
  Downloaded rayon-core v1.13.0
  Downloaded parking_lot_core v0.9.12
  Downloaded parking_lot v0.12.5
  Downloaded miniz_oxide v0.8.9
  Downloaded log v0.4.28
  Downloaded indexmap v2.12.0
  Downloaded yoke v0.8.1
  Downloaded petgraph v0.6.5
  Downloaded want v0.3.1
  Downloaded walkdir v2.5.0
  Downloaded uuid v1.18.1
  Downloaded utf8parse v0.2.2
  Downloaded utf8_iter v1.0.4
  Downloaded utf-8 v0.7.6
  Downloaded unsafe-libyaml v0.2.11
  Downloaded unicode-ident v1.0.22
  Downloaded try-lock v0.2.5
  Downloaded tracing-log v0.2.0
  Downloaded tracing-core v0.1.34
  Downloaded tracing-attributes v0.1.30
  Downloaded tower-service v0.3.3
  Downloaded prost-types v0.12.6
  Downloaded prost-build v0.12.6
  Downloaded pin-project-lite v0.2.16
  Downloaded pin-project-internal v1.1.10
  Downloaded pin-project v1.1.10
  Downloaded num-traits v0.2.19
  Downloaded nu-ansi-term v0.50.3
  Downloaded notify v6.1.1
  Downloaded hashbrown v0.12.3
  Downloaded xattr v1.6.1
  Downloaded writeable v0.6.2
  Downloaded version_check v0.9.5
  Downloaded tower-layer v0.3.3
  Downloaded tonic-build v0.11.0
  Downloaded tokio-tungstenite v0.24.0
  Downloaded tokio-stream v0.1.17
  Downloaded tokio-native-tls v0.3.1
  Downloaded tokio-macros v2.6.0
  Downloaded tokio-io-timeout v1.2.1
  Downloaded tinystr v0.8.2
  Downloaded time-macros v0.2.24
  Downloaded strsim v0.11.1
  Downloaded spin v0.9.8
  Downloaded smallvec v1.15.1
  Downloaded slab v0.4.11
  Downloaded simd-adler32 v0.3.7
  Downloaded serde_with_macros v3.15.1
  Downloaded serde_urlencoded v0.7.1
  Downloaded serde_repr v0.1.20
  Downloaded serde_path_to_error v0.1.20
  Downloaded ref-cast-impl v1.0.25
  Downloaded quote v1.0.42
  Downloaded prost-derive v0.12.6
  Downloaded ppv-lite86 v0.2.21
  Downloaded powerfmt v0.2.0
  Downloaded potential_utf v0.1.4
  Downloaded pkg-config v0.3.32
  Downloaded percent-encoding v2.3.2
  Downloaded once_cell v1.21.3
  Downloaded native-tls v0.2.14
  Downloaded multimap v0.10.1
  Downloaded multer v3.1.0
  Downloaded matchit v0.7.3
  Downloaded lock_api v0.4.14
  Downloaded icu_provider v2.1.1
  Downloaded icu_normalizer_data v2.1.1
  Downloaded encoding_rs v0.8.35
  Downloaded thread_local v1.1.9
  Downloaded thiserror-impl v1.0.69
  Downloaded stable_deref_trait v1.2.1
  Downloaded signal-hook-registry v1.4.6
  Downloaded shlex v1.3.0
  Downloaded sha1 v0.10.6
  Downloaded serde_yaml v0.9.34+deprecated
  Downloaded scopeguard v1.2.0
  Downloaded same-file v1.0.6
  Downloaded rustversion v1.0.22
  Downloaded rustls-pemfile v1.0.4
  Downloaded ref-cast v1.0.25
  Downloaded linux-raw-sys v0.11.0
  Downloaded rand_core v0.6.4
  Downloaded rand_chacha v0.3.1
  Downloaded prost v0.12.6
  Downloaded pin-utils v0.1.0
  Downloaded icu_collections v2.1.1
  Downloaded hyper v0.14.32
  Downloaded futures-util v0.3.31
  Downloaded csv v1.4.0
  Downloaded tempfile v3.23.0
  Downloaded tar v0.4.44
  Downloaded openssl-probe v0.1.6
  Downloaded openssl-macros v0.1.1
  Downloaded num-conv v0.1.0
  Downloaded mime v0.3.17
  Downloaded litemap v0.8.1
  Downloaded inotify v0.9.6
  Downloaded idna_adapter v1.2.1
  Downloaded icu_normalizer v2.1.1
  Downloaded hyper-util v0.1.17
  Downloaded hyper v1.8.0
  Downloaded http v1.3.1
  Downloaded hashbrown v0.16.0
  Downloaded h2 v0.3.27
  Downloaded flate2 v1.1.5
  Downloaded chrono v0.4.42
  Downloaded sync_wrapper v1.0.2
  Downloaded sync_wrapper v0.1.2
  Downloaded matchers v0.2.0
  Downloaded lazy_static v1.5.0
  Downloaded itoa v1.0.15
  Downloaded indexmap v1.9.3
  Downloaded icu_properties v2.1.1
  Downloaded http-body-util v0.1.3
  Downloaded http-body v0.4.6
  Downloaded http v0.2.12
  Downloaded hashbrown v0.14.5
  Downloaded getrandom v0.2.16
  Downloaded futures v0.3.31
  Downloaded darling_core v0.21.3
  Downloaded csv-core v0.1.13
  Downloaded crossbeam-epoch v0.9.18
  Downloaded crossbeam-channel v0.5.15
  Downloaded crc32fast v1.5.0
  Downloaded clap_builder v4.5.51
  Downloaded blake3 v1.8.2
  Downloaded base64 v0.21.7
  Downloaded axum v0.7.9
  Downloaded axum v0.6.20
  Downloaded aho-corasick v1.1.4
  Downloaded ipnet v2.11.0
  Downloaded ident_case v1.0.1
  Downloaded icu_locale_core v2.1.1
  Downloaded hyper-tls v0.5.0
  Downloaded httparse v1.10.1
  Downloaded heck v0.5.0
  Downloaded getrandom v0.3.4
  Downloaded futures-channel v0.3.31
  Downloaded find-msvc-tools v0.1.4
  Downloaded filetime v0.2.26
  Downloaded crypto-common v0.1.7
  Downloaded crossbeam-utils v0.8.21
  Downloaded cpufeatures v0.2.17
  Downloaded constant_time_eq v0.3.1
  Downloaded cc v1.2.45
  Downloaded bytes v1.10.1
  Downloaded hyper-timeout v0.4.1
  Downloaded httpdate v1.0.3
  Downloaded http-body v1.0.1
  Downloaded hex v0.4.3
  Downloaded generic-array v0.14.7
  Downloaded futures-task v0.3.31
  Downloaded futures-macro v0.3.31
  Downloaded futures-io v0.3.31
  Downloaded futures-executor v0.3.31
  Downloaded futures-core v0.3.31
  Downloaded form_urlencoded v1.2.2
  Downloaded foreign-types v0.3.2
  Downloaded fnv v1.0.7
  Downloaded fastrand v2.3.0
  Downloaded errno v0.3.14
  Downloaded either v1.15.0
  Downloaded displaydoc v0.2.5
  Downloaded deranged v0.5.5
  Downloaded darling v0.21.3
  Downloaded clap v4.5.51
  Downloaded bitflags v2.10.0
  Downloaded base64 v0.22.1
  Downloaded equivalent v1.0.2
  Downloaded dyn-clone v1.0.20
  Downloaded data-encoding v2.9.0
  Downloaded crossbeam-deque v0.8.6
  Downloaded async-stream v0.3.6
  Downloaded anyhow v1.0.100
  Downloaded foreign-types-shared v0.1.1
  Downloaded digest v0.10.7
  Downloaded dashmap v5.5.3
  Downloaded darling_macro v0.21.3
  Downloaded clap_derive v4.5.49
  Downloaded arrayvec v0.7.6
  Downloaded arrayref v0.3.9
  Downloaded colorchoice v1.0.4
  Downloaded clap_lex v0.7.6
  Downloaded block-buffer v0.10.4
  Downloaded axum-core v0.3.4
  Downloaded atomic-waker v1.1.2
  Downloaded byteorder v1.5.0
  Downloaded bitflags v1.3.2
  Downloaded axum-core v0.4.5
  Downloaded autocfg v1.5.0
  Downloaded async-trait v0.1.89
   Compiling proc-macro2 v1.0.103
   Compiling unicode-ident v1.0.22
     Running `/home/codespace/.rustup/toolchains/stable-x86_64-unknown-linux-gnu/bin/rustc --crate-name build_script_build --edition=2021 /home/codespace/.cargo/registry/src/index.crates.io-1949cf8c6b5b557f/proc-macro2-1.0.103/build.rs --error-format=json --json=diagnostic-rendered-ansi,artifacts,future-incompat --crate-type bin --emit=dep-info,link -C embed-bitcode=no --cfg 'feature="default"' --cfg 'feature="proc-macro"' --check-cfg 'cfg(docsrs,test)' --check-cfg 'cfg(feature, values("default", "nightly", "proc-macro", "span-locations"))' -C metadata=8c8f4618fc605461 -C extra-filename=-45ab644921c07854 --out-dir /workspaces/noa_ark_os/target/debug/build/proc-macro2-45ab644921c07854 -L dependency=/workspaces/noa_ark_os/target/debug/deps --cap-lints allow`
     Running `/home/codespace/.rustup/toolchains/stable-x86_64-unknown-linux-gnu/bin/rustc --crate-name unicode_ident --edition=2018 /home/codespace/.cargo/registry/src/index.crates.io-1949cf8c6b5b557f/unicode-ident-1.0.22/src/lib.rs --error-format=json --json=diagnostic-rendered-ansi,artifacts,future-incompat --crate-type lib --emit=dep-info,metadata,link -C embed-bitcode=no --check-cfg 'cfg(docsrs,test)' --check-cfg 'cfg(feature, values())' -C metadata=0e42dda1c1fa187a -C extra-filename=-3c2fd7f55134ed81 --out-dir /workspaces/noa_ark_os/target/debug/deps -L dependency=/workspaces/noa_ark_os/target/debug/deps --cap-lints allow`
   Compiling quote v1.0.42
     Running `/home/codespace/.rustup/toolchains/stable-x86_64-unknown-linux-gnu/bin/rustc --crate-name build_script_build --edition=2018 /home/codespace/.cargo/registry/src/index.crates.io-1949cf8c6b5b557f/quote-1.0.42/build.rs --error-format=json --json=diagnostic-rendered-ansi,artifacts,future-incompat --crate-type bin --emit=dep-info,link -C embed-bitcode=no --cfg 'feature="default"' --cfg 'feature="proc-macro"' --check-cfg 'cfg(docsrs,test)' --check-cfg 'cfg(feature, values("default", "proc-macro"))' -C metadata=66a9dfc5f48d9737 -C extra-filename=-ac667f50521aed49 --out-dir /workspaces/noa_ark_os/target/debug/build/quote-ac667f50521aed49 -L dependency=/workspaces/noa_ark_os/target/debug/deps --cap-lints allow`
     Running `/workspaces/noa_ark_os/target/debug/build/quote-ac667f50521aed49/build-script-build`
     Running `/workspaces/noa_ark_os/target/debug/build/proc-macro2-45ab644921c07854/build-script-build`
   Compiling libc v0.2.177
     Running `/home/codespace/.rustup/toolchains/stable-x86_64-unknown-linux-gnu/bin/rustc --crate-name build_script_build --edition=2021 /home/codespace/.cargo/registry/src/index.crates.io-1949cf8c6b5b557f/libc-0.2.177/build.rs --error-format=json --json=diagnostic-rendered-ansi,artifacts,future-incompat --crate-type bin --emit=dep-info,link -C embed-bitcode=no '--allow=clippy::used_underscore_binding' --allow=unused_qualifications '--warn=clippy::unnecessary_semicolon' '--allow=clippy::unnecessary_cast' '--allow=clippy::uninlined_format_args' '--warn=clippy::ptr_as_ptr' '--allow=clippy::non_minimal_cfg' '--allow=clippy::missing_safety_doc' '--warn=clippy::map_unwrap_or' '--warn=clippy::manual_assert' '--allow=clippy::identity_op' '--warn=clippy::explicit_iter_loop' '--allow=clippy::expl_impl_clone_on_copy' --cfg 'feature="default"' --cfg 'feature="std"' --check-cfg 'cfg(docsrs,test)' --check-cfg 'cfg(feature, values("align", "const-extern-fn", "default", "extra_traits", "rustc-dep-of-std", "rustc-std-workspace-core", "std", "use_std"))' -C metadata=56b6495476e3757c -C extra-filename=-317fdfd4f2e765bb --out-dir /workspaces/noa_ark_os/target/debug/build/libc-317fdfd4f2e765bb -L dependency=/workspaces/noa_ark_os/target/debug/deps --cap-lints allow`
     Running `/home/codespace/.rustup/toolchains/stable-x86_64-unknown-linux-gnu/bin/rustc --crate-name proc_macro2 --edition=2021 /home/codespace/.cargo/registry/src/index.crates.io-1949cf8c6b5b557f/proc-macro2-1.0.103/src/lib.rs --error-format=json --json=diagnostic-rendered-ansi,artifacts,future-incompat --crate-type lib --emit=dep-info,metadata,link -C embed-bitcode=no --cfg 'feature="default"' --cfg 'feature="proc-macro"' --check-cfg 'cfg(docsrs,test)' --check-cfg 'cfg(feature, values("default", "nightly", "proc-macro", "span-locations"))' -C metadata=ffd0f8d0c5fa2851 -C extra-filename=-0d3780dccc1fd28c --out-dir /workspaces/noa_ark_os/target/debug/deps -L dependency=/workspaces/noa_ark_os/target/debug/deps --extern unicode_ident=/workspaces/noa_ark_os/target/debug/deps/libunicode_ident-3c2fd7f55134ed81.rmeta --cap-lints allow --cfg wrap_proc_macro --cfg proc_macro_span_location --cfg proc_macro_span_file --check-cfg 'cfg(fuzzing)' --check-cfg 'cfg(no_is_available)' --check-cfg 'cfg(no_literal_byte_character)' --check-cfg 'cfg(no_literal_c_string)' --check-cfg 'cfg(no_source_text)' --check-cfg 'cfg(proc_macro_span)' --check-cfg 'cfg(proc_macro_span_file)' --check-cfg 'cfg(proc_macro_span_location)' --check-cfg 'cfg(procmacro2_backtrace)' --check-cfg 'cfg(procmacro2_build_probe)' --check-cfg 'cfg(procmacro2_nightly_testing)' --check-cfg 'cfg(procmacro2_semver_exempt)' --check-cfg 'cfg(randomize_layout)' --check-cfg 'cfg(span_locations)' --check-cfg 'cfg(super_unstable)' --check-cfg 'cfg(wrap_proc_macro)'`
     Running `/workspaces/noa_ark_os/target/debug/build/libc-317fdfd4f2e765bb/build-script-build`
    Checking cfg-if v1.0.4
     Running `/home/codespace/.rustup/toolchains/stable-x86_64-unknown-linux-gnu/bin/rustc --crate-name cfg_if --edition=2018 /home/codespace/.cargo/registry/src/index.crates.io-1949cf8c6b5b557f/cfg-if-1.0.4/src/lib.rs --error-format=json --json=diagnostic-rendered-ansi,artifacts,future-incompat --crate-type lib --emit=dep-info,metadata -C embed-bitcode=no -C debuginfo=2 --check-cfg 'cfg(docsrs,test)' --check-cfg 'cfg(feature, values("core", "rustc-dep-of-std"))' -C metadata=ac58756a3a3cd246 -C extra-filename=-8a61fb9a152698a3 --out-dir /workspaces/noa_ark_os/target/debug/deps -L dependency=/workspaces/noa_ark_os/target/debug/deps --cap-lints allow`
     Running `/home/codespace/.rustup/toolchains/stable-x86_64-unknown-linux-gnu/bin/rustc --crate-name libc --edition=2021 /home/codespace/.cargo/registry/src/index.crates.io-1949cf8c6b5b557f/libc-0.2.177/src/lib.rs --error-format=json --json=diagnostic-rendered-ansi,artifacts,future-incompat --crate-type lib --emit=dep-info,metadata -C embed-bitcode=no -C debuginfo=2 '--allow=clippy::used_underscore_binding' --allow=unused_qualifications '--warn=clippy::unnecessary_semicolon' '--allow=clippy::unnecessary_cast' '--allow=clippy::uninlined_format_args' '--warn=clippy::ptr_as_ptr' '--allow=clippy::non_minimal_cfg' '--allow=clippy::missing_safety_doc' '--warn=clippy::map_unwrap_or' '--warn=clippy::manual_assert' '--allow=clippy::identity_op' '--warn=clippy::explicit_iter_loop' '--allow=clippy::expl_impl_clone_on_copy' --cfg 'feature="default"' --cfg 'feature="std"' --check-cfg 'cfg(docsrs,test)' --check-cfg 'cfg(feature, values("align", "const-extern-fn", "default", "extra_traits", "rustc-dep-of-std", "rustc-std-workspace-core", "std", "use_std"))' -C metadata=c46d7f3ce093e95e -C extra-filename=-3840e63bd17729f1 --out-dir /workspaces/noa_ark_os/target/debug/deps -L dependency=/workspaces/noa_ark_os/target/debug/deps --cap-lints allow --cfg freebsd12 --check-cfg 'cfg(emscripten_old_stat_abi)' --check-cfg 'cfg(espidf_time32)' --check-cfg 'cfg(freebsd10)' --check-cfg 'cfg(freebsd11)' --check-cfg 'cfg(freebsd12)' --check-cfg 'cfg(freebsd13)' --check-cfg 'cfg(freebsd14)' --check-cfg 'cfg(freebsd15)' --check-cfg 'cfg(gnu_file_offset_bits64)' --check-cfg 'cfg(gnu_time_bits64)' --check-cfg 'cfg(libc_deny_warnings)' --check-cfg 'cfg(libc_thread_local)' --check-cfg 'cfg(linux_time_bits64)' --check-cfg 'cfg(musl_v1_2_3)' --check-cfg 'cfg(target_os,values("switch","aix","ohos","hurd","rtems","visionos","nuttx","cygwin"))' --check-cfg 'cfg(target_env,values("illumos","wasi","aix","ohos","nto71_iosock","nto80"))' --check-cfg 'cfg(target_arch,values("loongarch64","mips32r6","mips64r6","csky"))'`
     Running `/home/codespace/.rustup/toolchains/stable-x86_64-unknown-linux-gnu/bin/rustc --crate-name quote --edition=2018 /home/codespace/.cargo/registry/src/index.crates.io-1949cf8c6b5b557f/quote-1.0.42/src/lib.rs --error-format=json --json=diagnostic-rendered-ansi,artifacts,future-incompat --crate-type lib --emit=dep-info,metadata,link -C embed-bitcode=no --cfg 'feature="default"' --cfg 'feature="proc-macro"' --check-cfg 'cfg(docsrs,test)' --check-cfg 'cfg(feature, values("default", "proc-macro"))' -C metadata=ce8b0656ee6719cb -C extra-filename=-3ffe4560c0d1aec9 --out-dir /workspaces/noa_ark_os/target/debug/deps -L dependency=/workspaces/noa_ark_os/target/debug/deps --extern proc_macro2=/workspaces/noa_ark_os/target/debug/deps/libproc_macro2-0d3780dccc1fd28c.rmeta --cap-lints allow --check-cfg 'cfg(no_diagnostic_namespace)'`
   Compiling syn v2.0.110
     Running `/home/codespace/.rustup/toolchains/stable-x86_64-unknown-linux-gnu/bin/rustc --crate-name syn --edition=2021 /home/codespace/.cargo/registry/src/index.crates.io-1949cf8c6b5b557f/syn-2.0.110/src/lib.rs --error-format=json --json=diagnostic-rendered-ansi,artifacts,future-incompat --crate-type lib --emit=dep-info,metadata,link -C embed-bitcode=no --cfg 'feature="clone-impls"' --cfg 'feature="default"' --cfg 'feature="derive"' --cfg 'feature="extra-traits"' --cfg 'feature="fold"' --cfg 'feature="full"' --cfg 'feature="parsing"' --cfg 'feature="printing"' --cfg 'feature="proc-macro"' --cfg 'feature="visit"' --cfg 'feature="visit-mut"' --check-cfg 'cfg(docsrs,test)' --check-cfg 'cfg(feature, values("clone-impls", "default", "derive", "extra-traits", "fold", "full", "parsing", "printing", "proc-macro", "test", "visit", "visit-mut"))' -C metadata=1114611b52892d34 -C extra-filename=-70f96d4c829c7253 --out-dir /workspaces/noa_ark_os/target/debug/deps -L dependency=/workspaces/noa_ark_os/target/debug/deps --extern proc_macro2=/workspaces/noa_ark_os/target/debug/deps/libproc_macro2-0d3780dccc1fd28c.rmeta --extern quote=/workspaces/noa_ark_os/target/debug/deps/libquote-3ffe4560c0d1aec9.rmeta --extern unicode_ident=/workspaces/noa_ark_os/target/debug/deps/libunicode_ident-3c2fd7f55134ed81.rmeta --cap-lints allow`
    Checking itoa v1.0.15
     Running `/home/codespace/.rustup/toolchains/stable-x86_64-unknown-linux-gnu/bin/rustc --crate-name itoa --edition=2018 /home/codespace/.cargo/registry/src/index.crates.io-1949cf8c6b5b557f/itoa-1.0.15/src/lib.rs --error-format=json --json=diagnostic-rendered-ansi,artifacts,future-incompat --crate-type lib --emit=dep-info,metadata -C embed-bitcode=no -C debuginfo=2 --check-cfg 'cfg(docsrs,test)' --check-cfg 'cfg(feature, values("no-panic"))' -C metadata=9cc8a37991332ddd -C extra-filename=-5464c517accf7a26 --out-dir /workspaces/noa_ark_os/target/debug/deps -L dependency=/workspaces/noa_ark_os/target/debug/deps --cap-lints allow`
    Checking bytes v1.10.1
     Running `/home/codespace/.rustup/toolchains/stable-x86_64-unknown-linux-gnu/bin/rustc --crate-name bytes --edition=2018 /home/codespace/.cargo/registry/src/index.crates.io-1949cf8c6b5b557f/bytes-1.10.1/src/lib.rs --error-format=json --json=diagnostic-rendered-ansi,artifacts,future-incompat --crate-type lib --emit=dep-info,metadata -C embed-bitcode=no -C debuginfo=2 --warn=unexpected_cfgs --check-cfg 'cfg(loom)' --cfg 'feature="default"' --cfg 'feature="std"' --check-cfg 'cfg(docsrs,test)' --check-cfg 'cfg(feature, values("default", "extra-platforms", "serde", "std"))' -C metadata=bd8a648a36846b6a -C extra-filename=-770a4d47e567a9d3 --out-dir /workspaces/noa_ark_os/target/debug/deps -L dependency=/workspaces/noa_ark_os/target/debug/deps --cap-lints allow`
    Checking pin-project-lite v0.2.16
     Running `/home/codespace/.rustup/toolchains/stable-x86_64-unknown-linux-gnu/bin/rustc --crate-name pin_project_lite --edition=2018 /home/codespace/.cargo/registry/src/index.crates.io-1949cf8c6b5b557f/pin-project-lite-0.2.16/src/lib.rs --error-format=json --json=diagnostic-rendered-ansi,artifacts,future-incompat --crate-type lib --emit=dep-info,metadata -C embed-bitcode=no -C debuginfo=2 --warn=unreachable_pub --warn=unexpected_cfgs '--warn=clippy::undocumented_unsafe_blocks' '--warn=clippy::transmute_undefined_repr' '--warn=clippy::trailing_empty_array' --warn=single_use_lifetimes --warn=rust_2018_idioms '--warn=clippy::pedantic' --warn=non_ascii_idents '--warn=clippy::inline_asm_x86_att_syntax' --warn=improper_ctypes_definitions --warn=improper_ctypes --warn=deprecated_safe '--warn=clippy::default_union_representation' '--warn=clippy::as_underscore' '--warn=clippy::as_ptr_cast_mut' '--warn=clippy::all' '--allow=clippy::unreadable_literal' '--allow=clippy::type_complexity' '--allow=clippy::too_many_lines' '--allow=clippy::too_many_arguments' '--allow=clippy::struct_field_names' '--allow=clippy::struct_excessive_bools' '--allow=clippy::single_match_else' '--allow=clippy::single_match' '--allow=clippy::similar_names' '--allow=clippy::range_plus_one' '--allow=clippy::nonminimal_bool' '--allow=clippy::naive_bytecount' '--allow=clippy::module_name_repetitions' '--allow=clippy::missing_errors_doc' '--allow=clippy::manual_range_contains' '--allow=clippy::manual_assert' '--allow=clippy::lint_groups_priority' '--allow=clippy::incompatible_msrv' '--allow=clippy::float_cmp' '--allow=clippy::doc_markdown' '--allow=clippy::declare_interior_mutable_const' '--allow=clippy::cast_lossless' '--allow=clippy::borrow_as_ptr' '--allow=clippy::bool_assert_comparison' --check-cfg 'cfg(docsrs,test)' --check-cfg 'cfg(feature, values())' -C metadata=095f40fd257c0767 -C extra-filename=-1abd4834f7300c42 --out-dir /workspaces/noa_ark_os/target/debug/deps -L dependency=/workspaces/noa_ark_os/target/debug/deps --cap-lints allow`
    Checking smallvec v1.15.1
     Running `/home/codespace/.rustup/toolchains/stable-x86_64-unknown-linux-gnu/bin/rustc --crate-name smallvec --edition=2018 /home/codespace/.cargo/registry/src/index.crates.io-1949cf8c6b5b557f/smallvec-1.15.1/src/lib.rs --error-format=json --json=diagnostic-rendered-ansi,artifacts,future-incompat --crate-type lib --emit=dep-info,metadata -C embed-bitcode=no -C debuginfo=2 --cfg 'feature="const_generics"' --cfg 'feature="const_new"' --check-cfg 'cfg(docsrs,test)' --check-cfg 'cfg(feature, values("arbitrary", "bincode", "const_generics", "const_new", "debugger_visualizer", "drain_filter", "drain_keep_rest", "impl_bincode", "malloc_size_of", "may_dangle", "serde", "specialization", "union", "unty", "write"))' -C metadata=a26f6c83e1eaf6d8 -C extra-filename=-346c429c14fab3be --out-dir /workspaces/noa_ark_os/target/debug/deps -L dependency=/workspaces/noa_ark_os/target/debug/deps --cap-lints allow`
    Checking memchr v2.7.6
     Running `/home/codespace/.rustup/toolchains/stable-x86_64-unknown-linux-gnu/bin/rustc --crate-name memchr --edition=2021 /home/codespace/.cargo/registry/src/index.crates.io-1949cf8c6b5b557f/memchr-2.7.6/src/lib.rs --error-format=json --json=diagnostic-rendered-ansi,artifacts,future-incompat --crate-type lib --emit=dep-info,metadata -C embed-bitcode=no -C debuginfo=2 --cfg 'feature="alloc"' --cfg 'feature="default"' --cfg 'feature="std"' --check-cfg 'cfg(docsrs,test)' --check-cfg 'cfg(feature, values("alloc", "core", "default", "libc", "logging", "rustc-dep-of-std", "std", "use_std"))' -C metadata=8492f792d26003f7 -C extra-filename=-5438e9ad5d4917e5 --out-dir /workspaces/noa_ark_os/target/debug/deps -L dependency=/workspaces/noa_ark_os/target/debug/deps --cap-lints allow`
    Checking once_cell v1.21.3
     Running `/home/codespace/.rustup/toolchains/stable-x86_64-unknown-linux-gnu/bin/rustc --crate-name once_cell --edition=2021 /home/codespace/.cargo/registry/src/index.crates.io-1949cf8c6b5b557f/once_cell-1.21.3/src/lib.rs --error-format=json --json=diagnostic-rendered-ansi,artifacts,future-incompat --crate-type lib --emit=dep-info,metadata -C embed-bitcode=no -C debuginfo=2 --cfg 'feature="alloc"' --cfg 'feature="default"' --cfg 'feature="race"' --cfg 'feature="std"' --check-cfg 'cfg(docsrs,test)' --check-cfg 'cfg(feature, values("alloc", "atomic-polyfill", "critical-section", "default", "parking_lot", "portable-atomic", "race", "std", "unstable"))' -C metadata=17648be019facccc -C extra-filename=-1750827ad4c3fd33 --out-dir /workspaces/noa_ark_os/target/debug/deps -L dependency=/workspaces/noa_ark_os/target/debug/deps --cap-lints allow`
   Compiling serde_core v1.0.228
     Running `/home/codespace/.rustup/toolchains/stable-x86_64-unknown-linux-gnu/bin/rustc --crate-name build_script_build --edition=2021 /home/codespace/.cargo/registry/src/index.crates.io-1949cf8c6b5b557f/serde_core-1.0.228/build.rs --error-format=json --json=diagnostic-rendered-ansi,artifacts,future-incompat --crate-type bin --emit=dep-info,link -C embed-bitcode=no --cfg 'feature="alloc"' --cfg 'feature="default"' --cfg 'feature="result"' --cfg 'feature="std"' --check-cfg 'cfg(docsrs,test)' --check-cfg 'cfg(feature, values("alloc", "default", "rc", "result", "std", "unstable"))' -C metadata=4fbd6dc4ea80ccb9 -C extra-filename=-45e1f425541da91e --out-dir /workspaces/noa_ark_os/target/debug/build/serde_core-45e1f425541da91e -L dependency=/workspaces/noa_ark_os/target/debug/deps --cap-lints allow`
     Running `/workspaces/noa_ark_os/target/debug/build/serde_core-45e1f425541da91e/build-script-build`
   Compiling parking_lot_core v0.9.12
     Running `/home/codespace/.rustup/toolchains/stable-x86_64-unknown-linux-gnu/bin/rustc --crate-name build_script_build --edition=2021 /home/codespace/.cargo/registry/src/index.crates.io-1949cf8c6b5b557f/parking_lot_core-0.9.12/build.rs --error-format=json --json=diagnostic-rendered-ansi,artifacts,future-incompat --crate-type bin --emit=dep-info,link -C embed-bitcode=no --check-cfg 'cfg(docsrs,test)' --check-cfg 'cfg(feature, values("backtrace", "deadlock_detection", "nightly", "petgraph"))' -C metadata=ebfe5c2cbca8711c -C extra-filename=-98919fa8a0f2855d --out-dir /workspaces/noa_ark_os/target/debug/build/parking_lot_core-98919fa8a0f2855d -L dependency=/workspaces/noa_ark_os/target/debug/deps --cap-lints allow`
     Running `/workspaces/noa_ark_os/target/debug/build/parking_lot_core-98919fa8a0f2855d/build-script-build`
     Running `/home/codespace/.rustup/toolchains/stable-x86_64-unknown-linux-gnu/bin/rustc --crate-name serde_core --edition=2021 /home/codespace/.cargo/registry/src/index.crates.io-1949cf8c6b5b557f/serde_core-1.0.228/src/lib.rs --error-format=json --json=diagnostic-rendered-ansi,artifacts,future-incompat --crate-type lib --emit=dep-info,metadata -C embed-bitcode=no -C debuginfo=2 --cfg 'feature="alloc"' --cfg 'feature="default"' --cfg 'feature="result"' --cfg 'feature="std"' --check-cfg 'cfg(docsrs,test)' --check-cfg 'cfg(feature, values("alloc", "default", "rc", "result", "std", "unstable"))' -C metadata=3448f3365ae07d0f -C extra-filename=-9b4466dc71da9955 --out-dir /workspaces/noa_ark_os/target/debug/deps -L dependency=/workspaces/noa_ark_os/target/debug/deps --cap-lints allow --check-cfg 'cfg(if_docsrs_then_no_serde_core)' --check-cfg 'cfg(no_core_cstr)' --check-cfg 'cfg(no_core_error)' --check-cfg 'cfg(no_core_net)' --check-cfg 'cfg(no_core_num_saturating)' --check-cfg 'cfg(no_diagnostic_namespace)' --check-cfg 'cfg(no_serde_derive)' --check-cfg 'cfg(no_std_atomic)' --check-cfg 'cfg(no_std_atomic64)' --check-cfg 'cfg(no_target_has_atomic)'`
    Checking scopeguard v1.2.0
     Running `/home/codespace/.rustup/toolchains/stable-x86_64-unknown-linux-gnu/bin/rustc --crate-name scopeguard --edition=2015 /home/codespace/.cargo/registry/src/index.crates.io-1949cf8c6b5b557f/scopeguard-1.2.0/src/lib.rs --error-format=json --json=diagnostic-rendered-ansi,artifacts,future-incompat --crate-type lib --emit=dep-info,metadata -C embed-bitcode=no -C debuginfo=2 --check-cfg 'cfg(docsrs,test)' --check-cfg 'cfg(feature, values("default", "use_std"))' -C metadata=937cb589e2f541c0 -C extra-filename=-c8669fae5b549630 --out-dir /workspaces/noa_ark_os/target/debug/deps -L dependency=/workspaces/noa_ark_os/target/debug/deps --cap-lints allow`
    Checking lock_api v0.4.14
     Running `/home/codespace/.rustup/toolchains/stable-x86_64-unknown-linux-gnu/bin/rustc --crate-name lock_api --edition=2021 /home/codespace/.cargo/registry/src/index.crates.io-1949cf8c6b5b557f/lock_api-0.4.14/src/lib.rs --error-format=json --json=diagnostic-rendered-ansi,artifacts,future-incompat --crate-type lib --emit=dep-info,metadata -C embed-bitcode=no -C debuginfo=2 --cfg 'feature="atomic_usize"' --cfg 'feature="default"' --check-cfg 'cfg(docsrs,test)' --check-cfg 'cfg(feature, values("arc_lock", "atomic_usize", "default", "nightly", "owning_ref", "serde"))' -C metadata=16847fb8b4d68847 -C extra-filename=-804a78642dae6774 --out-dir /workspaces/noa_ark_os/target/debug/deps -L dependency=/workspaces/noa_ark_os/target/debug/deps --extern scopeguard=/workspaces/noa_ark_os/target/debug/deps/libscopeguard-c8669fae5b549630.rmeta --cap-lints allow`
     Running `/home/codespace/.rustup/toolchains/stable-x86_64-unknown-linux-gnu/bin/rustc --crate-name parking_lot_core --edition=2021 /home/codespace/.cargo/registry/src/index.crates.io-1949cf8c6b5b557f/parking_lot_core-0.9.12/src/lib.rs --error-format=json --json=diagnostic-rendered-ansi,artifacts,future-incompat --crate-type lib --emit=dep-info,metadata -C embed-bitcode=no -C debuginfo=2 --check-cfg 'cfg(docsrs,test)' --check-cfg 'cfg(feature, values("backtrace", "deadlock_detection", "nightly", "petgraph"))' -C metadata=a5fc5d9e15486429 -C extra-filename=-7a01610e8cc1b9cf --out-dir /workspaces/noa_ark_os/target/debug/deps -L dependency=/workspaces/noa_ark_os/target/debug/deps --extern cfg_if=/workspaces/noa_ark_os/target/debug/deps/libcfg_if-8a61fb9a152698a3.rmeta --extern libc=/workspaces/noa_ark_os/target/debug/deps/liblibc-3840e63bd17729f1.rmeta --extern smallvec=/workspaces/noa_ark_os/target/debug/deps/libsmallvec-346c429c14fab3be.rmeta --cap-lints allow --check-cfg 'cfg(tsan_enabled)'`
    Checking log v0.4.28
     Running `/home/codespace/.rustup/toolchains/stable-x86_64-unknown-linux-gnu/bin/rustc --crate-name log --edition=2021 /home/codespace/.cargo/registry/src/index.crates.io-1949cf8c6b5b557f/log-0.4.28/src/lib.rs --error-format=json --json=diagnostic-rendered-ansi,artifacts,future-incompat --crate-type lib --emit=dep-info,metadata -C embed-bitcode=no -C debuginfo=2 --cfg 'feature="std"' --check-cfg 'cfg(docsrs,test)' --check-cfg 'cfg(feature, values("kv", "kv_serde", "kv_std", "kv_sval", "kv_unstable", "kv_unstable_serde", "kv_unstable_std", "kv_unstable_sval", "max_level_debug", "max_level_error", "max_level_info", "max_level_off", "max_level_trace", "max_level_warn", "release_max_level_debug", "release_max_level_error", "release_max_level_info", "release_max_level_off", "release_max_level_trace", "release_max_level_warn", "serde", "std", "sval", "sval_ref", "value-bag"))' -C metadata=7999d123f0040466 -C extra-filename=-ca95c85a3b6980cc --out-dir /workspaces/noa_ark_os/target/debug/deps -L dependency=/workspaces/noa_ark_os/target/debug/deps --cap-lints allow`
    Checking futures-core v0.3.31
     Running `/home/codespace/.rustup/toolchains/stable-x86_64-unknown-linux-gnu/bin/rustc --crate-name futures_core --edition=2018 /home/codespace/.cargo/registry/src/index.crates.io-1949cf8c6b5b557f/futures-core-0.3.31/src/lib.rs --error-format=json --json=diagnostic-rendered-ansi,artifacts,future-incompat --crate-type lib --emit=dep-info,metadata -C embed-bitcode=no -C debuginfo=2 --warn=unreachable_pub --warn=unexpected_cfgs --warn=single_use_lifetimes --warn=rust_2018_idioms --warn=missing_debug_implementations --check-cfg 'cfg(futures_sanitizer)' --cfg 'feature="alloc"' --cfg 'feature="default"' --cfg 'feature="std"' --check-cfg 'cfg(docsrs,test)' --check-cfg 'cfg(feature, values("alloc", "cfg-target-has-atomic", "default", "portable-atomic", "std", "unstable"))' -C metadata=b410ed7c966a38cb -C extra-filename=-ef4635112164cc9c --out-dir /workspaces/noa_ark_os/target/debug/deps -L dependency=/workspaces/noa_ark_os/target/debug/deps --cap-lints allow`
    Checking parking_lot v0.12.5
     Running `/home/codespace/.rustup/toolchains/stable-x86_64-unknown-linux-gnu/bin/rustc --crate-name parking_lot --edition=2021 /home/codespace/.cargo/registry/src/index.crates.io-1949cf8c6b5b557f/parking_lot-0.12.5/src/lib.rs --error-format=json --json=diagnostic-rendered-ansi,artifacts,future-incompat --crate-type lib --emit=dep-info,metadata -C embed-bitcode=no -C debuginfo=2 --cfg 'feature="default"' --check-cfg 'cfg(docsrs,test)' --check-cfg 'cfg(feature, values("arc_lock", "deadlock_detection", "default", "hardware-lock-elision", "nightly", "owning_ref", "send_guard", "serde"))' -C metadata=35818177d9616d06 -C extra-filename=-5bd94219500a9c73 --out-dir /workspaces/noa_ark_os/target/debug/deps -L dependency=/workspaces/noa_ark_os/target/debug/deps --extern lock_api=/workspaces/noa_ark_os/target/debug/deps/liblock_api-804a78642dae6774.rmeta --extern parking_lot_core=/workspaces/noa_ark_os/target/debug/deps/libparking_lot_core-7a01610e8cc1b9cf.rmeta --cap-lints allow`
    Checking signal-hook-registry v1.4.6
     Running `/home/codespace/.rustup/toolchains/stable-x86_64-unknown-linux-gnu/bin/rustc --crate-name signal_hook_registry --edition=2015 /home/codespace/.cargo/registry/src/index.crates.io-1949cf8c6b5b557f/signal-hook-registry-1.4.6/src/lib.rs --error-format=json --json=diagnostic-rendered-ansi,artifacts,future-incompat --crate-type lib --emit=dep-info,metadata -C embed-bitcode=no -C debuginfo=2 --check-cfg 'cfg(docsrs,test)' --check-cfg 'cfg(feature, values())' -C metadata=6cefc852f959bb81 -C extra-filename=-dabf4762b37b75d1 --out-dir /workspaces/noa_ark_os/target/debug/deps -L dependency=/workspaces/noa_ark_os/target/debug/deps --extern libc=/workspaces/noa_ark_os/target/debug/deps/liblibc-3840e63bd17729f1.rmeta --cap-lints allow`
    Checking mio v1.1.0
     Running `/home/codespace/.rustup/toolchains/stable-x86_64-unknown-linux-gnu/bin/rustc --crate-name mio --edition=2021 /home/codespace/.cargo/registry/src/index.crates.io-1949cf8c6b5b557f/mio-1.1.0/src/lib.rs --error-format=json --json=diagnostic-rendered-ansi,artifacts,future-incompat --crate-type lib --emit=dep-info,metadata -C embed-bitcode=no -C debuginfo=2 --warn=unexpected_cfgs --check-cfg 'cfg(mio_unsupported_force_poll_poll)' --check-cfg 'cfg(mio_unsupported_force_waker_pipe)' --cfg 'feature="net"' --cfg 'feature="os-ext"' --cfg 'feature="os-poll"' --check-cfg 'cfg(docsrs,test)' --check-cfg 'cfg(feature, values("default", "log", "net", "os-ext", "os-poll"))' -C metadata=80daca069e57529f -C extra-filename=-116425610d3c35a9 --out-dir /workspaces/noa_ark_os/target/debug/deps -L dependency=/workspaces/noa_ark_os/target/debug/deps --extern libc=/workspaces/noa_ark_os/target/debug/deps/liblibc-3840e63bd17729f1.rmeta --cap-lints allow`
    Checking socket2 v0.6.1
     Running `/home/codespace/.rustup/toolchains/stable-x86_64-unknown-linux-gnu/bin/rustc --crate-name socket2 --edition=2021 /home/codespace/.cargo/registry/src/index.crates.io-1949cf8c6b5b557f/socket2-0.6.1/src/lib.rs --error-format=json --json=diagnostic-rendered-ansi,artifacts,future-incompat --crate-type lib --emit=dep-info,metadata -C embed-bitcode=no -C debuginfo=2 --cfg 'feature="all"' --check-cfg 'cfg(docsrs,test)' --check-cfg 'cfg(feature, values("all"))' -C metadata=94bf50623eee7f12 -C extra-filename=-cbb1ea26608f0bd5 --out-dir /workspaces/noa_ark_os/target/debug/deps -L dependency=/workspaces/noa_ark_os/target/debug/deps --extern libc=/workspaces/noa_ark_os/target/debug/deps/liblibc-3840e63bd17729f1.rmeta --cap-lints allow`
   Compiling tokio-macros v2.6.0
     Running `/home/codespace/.rustup/toolchains/stable-x86_64-unknown-linux-gnu/bin/rustc --crate-name tokio_macros --edition=2021 /home/codespace/.cargo/registry/src/index.crates.io-1949cf8c6b5b557f/tokio-macros-2.6.0/src/lib.rs --error-format=json --json=diagnostic-rendered-ansi,artifacts,future-incompat --crate-type proc-macro --emit=dep-info,link -C prefer-dynamic -C embed-bitcode=no --warn=unexpected_cfgs --check-cfg 'cfg(fuzzing)' --check-cfg 'cfg(loom)' --check-cfg 'cfg(mio_unsupported_force_poll_poll)' --check-cfg 'cfg(tokio_allow_from_blocking_fd)' --check-cfg 'cfg(tokio_internal_mt_counters)' --check-cfg 'cfg(tokio_no_parking_lot)' --check-cfg 'cfg(tokio_no_tuning_tests)' --check-cfg 'cfg(tokio_unstable)' --check-cfg 'cfg(target_os, values("cygwin"))' --check-cfg 'cfg(docsrs,test)' --check-cfg 'cfg(feature, values())' -C metadata=3123e69f8c5e6e4d -C extra-filename=-d6c880bf73346879 --out-dir /workspaces/noa_ark_os/target/debug/deps -L dependency=/workspaces/noa_ark_os/target/debug/deps --extern proc_macro2=/workspaces/noa_ark_os/target/debug/deps/libproc_macro2-0d3780dccc1fd28c.rlib --extern quote=/workspaces/noa_ark_os/target/debug/deps/libquote-3ffe4560c0d1aec9.rlib --extern syn=/workspaces/noa_ark_os/target/debug/deps/libsyn-70f96d4c829c7253.rlib --extern proc_macro --cap-lints allow`
   Compiling serde v1.0.228
     Running `/home/codespace/.rustup/toolchains/stable-x86_64-unknown-linux-gnu/bin/rustc --crate-name build_script_build --edition=2021 /home/codespace/.cargo/registry/src/index.crates.io-1949cf8c6b5b557f/serde-1.0.228/build.rs --error-format=json --json=diagnostic-rendered-ansi,artifacts,future-incompat --crate-type bin --emit=dep-info,link -C embed-bitcode=no --cfg 'feature="default"' --cfg 'feature="derive"' --cfg 'feature="serde_derive"' --cfg 'feature="std"' --check-cfg 'cfg(docsrs,test)' --check-cfg 'cfg(feature, values("alloc", "default", "derive", "rc", "serde_derive", "std", "unstable"))' -C metadata=291fc4756d5c1b6c -C extra-filename=-e1e36c21d8b3343e --out-dir /workspaces/noa_ark_os/target/debug/build/serde-e1e36c21d8b3343e -L dependency=/workspaces/noa_ark_os/target/debug/deps --cap-lints allow`
     Running `/workspaces/noa_ark_os/target/debug/build/serde-e1e36c21d8b3343e/build-script-build`
   Compiling serde_derive v1.0.228
     Running `/home/codespace/.rustup/toolchains/stable-x86_64-unknown-linux-gnu/bin/rustc --crate-name serde_derive --edition=2021 /home/codespace/.cargo/registry/src/index.crates.io-1949cf8c6b5b557f/serde_derive-1.0.228/src/lib.rs --error-format=json --json=diagnostic-rendered-ansi,artifacts,future-incompat --crate-type proc-macro --emit=dep-info,link -C prefer-dynamic -C embed-bitcode=no --cfg 'feature="default"' --check-cfg 'cfg(docsrs,test)' --check-cfg 'cfg(feature, values("default", "deserialize_in_place"))' -C metadata=1407a0ae704cfab9 -C extra-filename=-36a9a81cc1acfddb --out-dir /workspaces/noa_ark_os/target/debug/deps -L dependency=/workspaces/noa_ark_os/target/debug/deps --extern proc_macro2=/workspaces/noa_ark_os/target/debug/deps/libproc_macro2-0d3780dccc1fd28c.rlib --extern quote=/workspaces/noa_ark_os/target/debug/deps/libquote-3ffe4560c0d1aec9.rlib --extern syn=/workspaces/noa_ark_os/target/debug/deps/libsyn-70f96d4c829c7253.rlib --extern proc_macro --cap-lints allow`
    Checking tokio v1.48.0
     Running `/home/codespace/.rustup/toolchains/stable-x86_64-unknown-linux-gnu/bin/rustc --crate-name tokio --edition=2021 /home/codespace/.cargo/registry/src/index.crates.io-1949cf8c6b5b557f/tokio-1.48.0/src/lib.rs --error-format=json --json=diagnostic-rendered-ansi,artifacts,future-incompat --crate-type lib --emit=dep-info,metadata -C embed-bitcode=no -C debuginfo=2 --warn=unexpected_cfgs --check-cfg 'cfg(fuzzing)' --check-cfg 'cfg(loom)' --check-cfg 'cfg(mio_unsupported_force_poll_poll)' --check-cfg 'cfg(tokio_allow_from_blocking_fd)' --check-cfg 'cfg(tokio_internal_mt_counters)' --check-cfg 'cfg(tokio_no_parking_lot)' --check-cfg 'cfg(tokio_no_tuning_tests)' --check-cfg 'cfg(tokio_unstable)' --check-cfg 'cfg(target_os, values("cygwin"))' --cfg 'feature="bytes"' --cfg 'feature="default"' --cfg 'feature="fs"' --cfg 'feature="full"' --cfg 'feature="io-std"' --cfg 'feature="io-util"' --cfg 'feature="libc"' --cfg 'feature="macros"' --cfg 'feature="mio"' --cfg 'feature="net"' --cfg 'feature="parking_lot"' --cfg 'feature="process"' --cfg 'feature="rt"' --cfg 'feature="rt-multi-thread"' --cfg 'feature="signal"' --cfg 'feature="signal-hook-registry"' --cfg 'feature="socket2"' --cfg 'feature="sync"' --cfg 'feature="time"' --cfg 'feature="tokio-macros"' --check-cfg 'cfg(docsrs,test)' --check-cfg 'cfg(feature, values("bytes", "default", "fs", "full", "io-std", "io-uring", "io-util", "libc", "macros", "mio", "net", "parking_lot", "process", "rt", "rt-multi-thread", "signal", "signal-hook-registry", "socket2", "sync", "taskdump", "test-util", "time", "tokio-macros", "tracing", "windows-sys"))' -C metadata=ca8b50a5bd58a33f -C extra-filename=-a79c50a8f766ff76 --out-dir /workspaces/noa_ark_os/target/debug/deps -L dependency=/workspaces/noa_ark_os/target/debug/deps --extern bytes=/workspaces/noa_ark_os/target/debug/deps/libbytes-770a4d47e567a9d3.rmeta --extern libc=/workspaces/noa_ark_os/target/debug/deps/liblibc-3840e63bd17729f1.rmeta --extern mio=/workspaces/noa_ark_os/target/debug/deps/libmio-116425610d3c35a9.rmeta --extern parking_lot=/workspaces/noa_ark_os/target/debug/deps/libparking_lot-5bd94219500a9c73.rmeta --extern pin_project_lite=/workspaces/noa_ark_os/target/debug/deps/libpin_project_lite-1abd4834f7300c42.rmeta --extern signal_hook_registry=/workspaces/noa_ark_os/target/debug/deps/libsignal_hook_registry-dabf4762b37b75d1.rmeta --extern socket2=/workspaces/noa_ark_os/target/debug/deps/libsocket2-cbb1ea26608f0bd5.rmeta --extern tokio_macros=/workspaces/noa_ark_os/target/debug/deps/libtokio_macros-d6c880bf73346879.so --cap-lints allow`
    Checking futures-sink v0.3.31
     Running `/home/codespace/.rustup/toolchains/stable-x86_64-unknown-linux-gnu/bin/rustc --crate-name futures_sink --edition=2018 /home/codespace/.cargo/registry/src/index.crates.io-1949cf8c6b5b557f/futures-sink-0.3.31/src/lib.rs --error-format=json --json=diagnostic-rendered-ansi,artifacts,future-incompat --crate-type lib --emit=dep-info,metadata -C embed-bitcode=no -C debuginfo=2 --warn=unreachable_pub --warn=unexpected_cfgs --warn=single_use_lifetimes --warn=rust_2018_idioms --warn=missing_debug_implementations --check-cfg 'cfg(futures_sanitizer)' --cfg 'feature="alloc"' --cfg 'feature="default"' --cfg 'feature="std"' --check-cfg 'cfg(docsrs,test)' --check-cfg 'cfg(feature, values("alloc", "default", "std"))' -C metadata=d5739600fe841e4c -C extra-filename=-c7a22e93b24bd68e --out-dir /workspaces/noa_ark_os/target/debug/deps -L dependency=/workspaces/noa_ark_os/target/debug/deps --cap-lints allow`
     Running `/home/codespace/.rustup/toolchains/stable-x86_64-unknown-linux-gnu/bin/rustc --crate-name serde --edition=2021 /home/codespace/.cargo/registry/src/index.crates.io-1949cf8c6b5b557f/serde-1.0.228/src/lib.rs --error-format=json --json=diagnostic-rendered-ansi,artifacts,future-incompat --crate-type lib --emit=dep-info,metadata -C embed-bitcode=no -C debuginfo=2 --cfg 'feature="default"' --cfg 'feature="derive"' --cfg 'feature="serde_derive"' --cfg 'feature="std"' --check-cfg 'cfg(docsrs,test)' --check-cfg 'cfg(feature, values("alloc", "default", "derive", "rc", "serde_derive", "std", "unstable"))' -C metadata=149f0554d26ef57e -C extra-filename=-05763c756793585d --out-dir /workspaces/noa_ark_os/target/debug/deps -L dependency=/workspaces/noa_ark_os/target/debug/deps --extern serde_core=/workspaces/noa_ark_os/target/debug/deps/libserde_core-9b4466dc71da9955.rmeta --extern serde_derive=/workspaces/noa_ark_os/target/debug/deps/libserde_derive-36a9a81cc1acfddb.so --cap-lints allow --cfg if_docsrs_then_no_serde_core --check-cfg 'cfg(feature, values("result"))' --check-cfg 'cfg(if_docsrs_then_no_serde_core)' --check-cfg 'cfg(no_core_cstr)' --check-cfg 'cfg(no_core_error)' --check-cfg 'cfg(no_core_net)' --check-cfg 'cfg(no_core_num_saturating)' --check-cfg 'cfg(no_diagnostic_namespace)' --check-cfg 'cfg(no_serde_derive)' --check-cfg 'cfg(no_std_atomic)' --check-cfg 'cfg(no_std_atomic64)' --check-cfg 'cfg(no_target_has_atomic)'`
    Checking fnv v1.0.7
     Running `/home/codespace/.rustup/toolchains/stable-x86_64-unknown-linux-gnu/bin/rustc --crate-name fnv --edition=2015 /home/codespace/.cargo/registry/src/index.crates.io-1949cf8c6b5b557f/fnv-1.0.7/lib.rs --error-format=json --json=diagnostic-rendered-ansi,artifacts,future-incompat --crate-type lib --emit=dep-info,metadata -C embed-bitcode=no -C debuginfo=2 --cfg 'feature="default"' --cfg 'feature="std"' --check-cfg 'cfg(docsrs,test)' --check-cfg 'cfg(feature, values("default", "std"))' -C metadata=f8100f6a0e7a138f -C extra-filename=-fb5c1aa124147496 --out-dir /workspaces/noa_ark_os/target/debug/deps -L dependency=/workspaces/noa_ark_os/target/debug/deps --cap-lints allow`
   Compiling anyhow v1.0.100
     Running `/home/codespace/.rustup/toolchains/stable-x86_64-unknown-linux-gnu/bin/rustc --crate-name build_script_build --edition=2018 /home/codespace/.cargo/registry/src/index.crates.io-1949cf8c6b5b557f/anyhow-1.0.100/build.rs --error-format=json --json=diagnostic-rendered-ansi,artifacts,future-incompat --crate-type bin --emit=dep-info,link -C embed-bitcode=no --cfg 'feature="default"' --cfg 'feature="std"' --check-cfg 'cfg(docsrs,test)' --check-cfg 'cfg(feature, values("backtrace", "default", "std"))' -C metadata=4f963cb6ec91a96d -C extra-filename=-51833f0978f26e01 --out-dir /workspaces/noa_ark_os/target/debug/build/anyhow-51833f0978f26e01 -L dependency=/workspaces/noa_ark_os/target/debug/deps --cap-lints allow`
     Running `/workspaces/noa_ark_os/target/debug/build/anyhow-51833f0978f26e01/build-script-build`
    Checking futures-channel v0.3.31
     Running `/home/codespace/.rustup/toolchains/stable-x86_64-unknown-linux-gnu/bin/rustc --crate-name futures_channel --edition=2018 /home/codespace/.cargo/registry/src/index.crates.io-1949cf8c6b5b557f/futures-channel-0.3.31/src/lib.rs --error-format=json --json=diagnostic-rendered-ansi,artifacts,future-incompat --crate-type lib --emit=dep-info,metadata -C embed-bitcode=no -C debuginfo=2 --warn=unreachable_pub --warn=unexpected_cfgs --warn=single_use_lifetimes --warn=rust_2018_idioms --warn=missing_debug_implementations --check-cfg 'cfg(futures_sanitizer)' --cfg 'feature="alloc"' --cfg 'feature="default"' --cfg 'feature="futures-sink"' --cfg 'feature="sink"' --cfg 'feature="std"' --check-cfg 'cfg(docsrs,test)' --check-cfg 'cfg(feature, values("alloc", "cfg-target-has-atomic", "default", "futures-sink", "sink", "std", "unstable"))' -C metadata=90e81285bb99a2cb -C extra-filename=-15276bfa71a7903e --out-dir /workspaces/noa_ark_os/target/debug/deps -L dependency=/workspaces/noa_ark_os/target/debug/deps --extern futures_core=/workspaces/noa_ark_os/target/debug/deps/libfutures_core-ef4635112164cc9c.rmeta --extern futures_sink=/workspaces/noa_ark_os/target/debug/deps/libfutures_sink-c7a22e93b24bd68e.rmeta --cap-lints allow`
    Checking tracing-core v0.1.34
     Running `/home/codespace/.rustup/toolchains/stable-x86_64-unknown-linux-gnu/bin/rustc --crate-name tracing_core --edition=2018 /home/codespace/.cargo/registry/src/index.crates.io-1949cf8c6b5b557f/tracing-core-0.1.34/src/lib.rs --error-format=json --json=diagnostic-rendered-ansi,artifacts,future-incompat --crate-type lib --emit=dep-info,metadata -C embed-bitcode=no -C debuginfo=2 --warn=unexpected_cfgs --check-cfg 'cfg(flaky_tests)' --check-cfg 'cfg(tracing_unstable)' --check-cfg 'cfg(unsound_local_offset)' --cfg 'feature="default"' --cfg 'feature="once_cell"' --cfg 'feature="std"' --check-cfg 'cfg(docsrs,test)' --check-cfg 'cfg(feature, values("default", "once_cell", "std", "valuable"))' -C metadata=1690063780a62d21 -C extra-filename=-d3e5fd1547b1076a --out-dir /workspaces/noa_ark_os/target/debug/deps -L dependency=/workspaces/noa_ark_os/target/debug/deps --extern once_cell=/workspaces/noa_ark_os/target/debug/deps/libonce_cell-1750827ad4c3fd33.rmeta --cap-lints allow`
    Checking pin-utils v0.1.0
     Running `/home/codespace/.rustup/toolchains/stable-x86_64-unknown-linux-gnu/bin/rustc --crate-name pin_utils --edition=2018 /home/codespace/.cargo/registry/src/index.crates.io-1949cf8c6b5b557f/pin-utils-0.1.0/src/lib.rs --error-format=json --json=diagnostic-rendered-ansi,artifacts,future-incompat --crate-type lib --emit=dep-info,metadata -C embed-bitcode=no -C debuginfo=2 --check-cfg 'cfg(docsrs,test)' --check-cfg 'cfg(feature, values())' -C metadata=6ca69da159a9deca -C extra-filename=-c5f2e2152c33e0ae --out-dir /workspaces/noa_ark_os/target/debug/deps -L dependency=/workspaces/noa_ark_os/target/debug/deps --cap-lints allow`
    Checking equivalent v1.0.2
     Running `/home/codespace/.rustup/toolchains/stable-x86_64-unknown-linux-gnu/bin/rustc --crate-name equivalent --edition=2015 /home/codespace/.cargo/registry/src/index.crates.io-1949cf8c6b5b557f/equivalent-1.0.2/src/lib.rs --error-format=json --json=diagnostic-rendered-ansi,artifacts,future-incompat --crate-type lib --emit=dep-info,metadata -C embed-bitcode=no -C debuginfo=2 --check-cfg 'cfg(docsrs,test)' --check-cfg 'cfg(feature, values())' -C metadata=13259a6e9e7bc467 -C extra-filename=-985e93c260c26ab5 --out-dir /workspaces/noa_ark_os/target/debug/deps -L dependency=/workspaces/noa_ark_os/target/debug/deps --cap-lints allow`
    Checking hashbrown v0.16.0
     Running `/home/codespace/.rustup/toolchains/stable-x86_64-unknown-linux-gnu/bin/rustc --crate-name hashbrown --edition=2021 /home/codespace/.cargo/registry/src/index.crates.io-1949cf8c6b5b557f/hashbrown-0.16.0/src/lib.rs --error-format=json --json=diagnostic-rendered-ansi,artifacts,future-incompat --crate-type lib --emit=dep-info,metadata -C embed-bitcode=no -C debuginfo=2 --check-cfg 'cfg(docsrs,test)' --check-cfg 'cfg(feature, values("alloc", "allocator-api2", "core", "default", "default-hasher", "equivalent", "inline-more", "nightly", "raw-entry", "rayon", "rustc-dep-of-std", "rustc-internal-api", "serde"))' -C metadata=0253f6918b10ebf7 -C extra-filename=-8e9227ffd979b19f --out-dir /workspaces/noa_ark_os/target/debug/deps -L dependency=/workspaces/noa_ark_os/target/debug/deps --cap-lints allow`
   Compiling tracing-attributes v0.1.30
     Running `/home/codespace/.rustup/toolchains/stable-x86_64-unknown-linux-gnu/bin/rustc --crate-name tracing_attributes --edition=2018 /home/codespace/.cargo/registry/src/index.crates.io-1949cf8c6b5b557f/tracing-attributes-0.1.30/src/lib.rs --error-format=json --json=diagnostic-rendered-ansi,artifacts,future-incompat --crate-type proc-macro --emit=dep-info,link -C prefer-dynamic -C embed-bitcode=no --warn=unexpected_cfgs --check-cfg 'cfg(flaky_tests)' --check-cfg 'cfg(tracing_unstable)' --check-cfg 'cfg(unsound_local_offset)' --check-cfg 'cfg(docsrs,test)' --check-cfg 'cfg(feature, values("async-await"))' -C metadata=83cfaccfb13edbf7 -C extra-filename=-3b1199023b922ea9 --out-dir /workspaces/noa_ark_os/target/debug/deps -L dependency=/workspaces/noa_ark_os/target/debug/deps --extern proc_macro2=/workspaces/noa_ark_os/target/debug/deps/libproc_macro2-0d3780dccc1fd28c.rlib --extern quote=/workspaces/noa_ark_os/target/debug/deps/libquote-3ffe4560c0d1aec9.rlib --extern syn=/workspaces/noa_ark_os/target/debug/deps/libsyn-70f96d4c829c7253.rlib --extern proc_macro --cap-lints allow`
    Checking indexmap v2.12.0
     Running `/home/codespace/.rustup/toolchains/stable-x86_64-unknown-linux-gnu/bin/rustc --crate-name indexmap --edition=2021 /home/codespace/.cargo/registry/src/index.crates.io-1949cf8c6b5b557f/indexmap-2.12.0/src/lib.rs --error-format=json --json=diagnostic-rendered-ansi,artifacts,future-incompat --crate-type lib --emit=dep-info,metadata -C embed-bitcode=no -C debuginfo=2 --deny=unsafe-code --deny=unreachable-pub --deny=unnameable-types '--allow=clippy::style' --warn=rust-2018-idioms --deny=private-interfaces --deny=private-bounds --cfg 'feature="default"' --cfg 'feature="std"' --check-cfg 'cfg(docsrs,test)' --check-cfg 'cfg(feature, values("arbitrary", "borsh", "default", "quickcheck", "rayon", "serde", "std", "sval", "test_debug"))' -C metadata=a859c8c60eb22f69 -C extra-filename=-12377062ef2fd13b --out-dir /workspaces/noa_ark_os/target/debug/deps -L dependency=/workspaces/noa_ark_os/target/debug/deps --extern equivalent=/workspaces/noa_ark_os/target/debug/deps/libequivalent-985e93c260c26ab5.rmeta --extern hashbrown=/workspaces/noa_ark_os/target/debug/deps/libhashbrown-8e9227ffd979b19f.rmeta --cap-lints allow`
   Compiling futures-macro v0.3.31
     Running `/home/codespace/.rustup/toolchains/stable-x86_64-unknown-linux-gnu/bin/rustc --crate-name futures_macro --edition=2018 /home/codespace/.cargo/registry/src/index.crates.io-1949cf8c6b5b557f/futures-macro-0.3.31/src/lib.rs --error-format=json --json=diagnostic-rendered-ansi,artifacts,future-incompat --crate-type proc-macro --emit=dep-info,link -C prefer-dynamic -C embed-bitcode=no --warn=unreachable_pub --warn=unexpected_cfgs --warn=single_use_lifetimes --warn=rust_2018_idioms --warn=missing_debug_implementations --check-cfg 'cfg(futures_sanitizer)' --check-cfg 'cfg(docsrs,test)' --check-cfg 'cfg(feature, values())' -C metadata=e645e9033ac7bb88 -C extra-filename=-57cb2496e4a17659 --out-dir /workspaces/noa_ark_os/target/debug/deps -L dependency=/workspaces/noa_ark_os/target/debug/deps --extern proc_macro2=/workspaces/noa_ark_os/target/debug/deps/libproc_macro2-0d3780dccc1fd28c.rlib --extern quote=/workspaces/noa_ark_os/target/debug/deps/libquote-3ffe4560c0d1aec9.rlib --extern syn=/workspaces/noa_ark_os/target/debug/deps/libsyn-70f96d4c829c7253.rlib --extern proc_macro --cap-lints allow`
    Checking tracing v0.1.41
     Running `/home/codespace/.rustup/toolchains/stable-x86_64-unknown-linux-gnu/bin/rustc --crate-name tracing --edition=2018 /home/codespace/.cargo/registry/src/index.crates.io-1949cf8c6b5b557f/tracing-0.1.41/src/lib.rs --error-format=json --json=diagnostic-rendered-ansi,artifacts,future-incompat --crate-type lib --emit=dep-info,metadata -C embed-bitcode=no -C debuginfo=2 --warn=unexpected_cfgs --check-cfg 'cfg(flaky_tests)' --check-cfg 'cfg(tracing_unstable)' --cfg 'feature="attributes"' --cfg 'feature="default"' --cfg 'feature="log"' --cfg 'feature="std"' --cfg 'feature="tracing-attributes"' --check-cfg 'cfg(docsrs,test)' --check-cfg 'cfg(feature, values("async-await", "attributes", "default", "log", "log-always", "max_level_debug", "max_level_error", "max_level_info", "max_level_off", "max_level_trace", "max_level_warn", "release_max_level_debug", "release_max_level_error", "release_max_level_info", "release_max_level_off", "release_max_level_trace", "release_max_level_warn", "std", "tracing-attributes", "valuable"))' -C metadata=0fcaacd719792444 -C extra-filename=-f3d5401452431b0d --out-dir /workspaces/noa_ark_os/target/debug/deps -L dependency=/workspaces/noa_ark_os/target/debug/deps --extern log=/workspaces/noa_ark_os/target/debug/deps/liblog-ca95c85a3b6980cc.rmeta --extern pin_project_lite=/workspaces/noa_ark_os/target/debug/deps/libpin_project_lite-1abd4834f7300c42.rmeta --extern tracing_attributes=/workspaces/noa_ark_os/target/debug/deps/libtracing_attributes-3b1199023b922ea9.so --extern tracing_core=/workspaces/noa_ark_os/target/debug/deps/libtracing_core-d3e5fd1547b1076a.rmeta --cap-lints allow`
    Checking slab v0.4.11
     Running `/home/codespace/.rustup/toolchains/stable-x86_64-unknown-linux-gnu/bin/rustc --crate-name slab --edition=2018 /home/codespace/.cargo/registry/src/index.crates.io-1949cf8c6b5b557f/slab-0.4.11/src/lib.rs --error-format=json --json=diagnostic-rendered-ansi,artifacts,future-incompat --crate-type lib --emit=dep-info,metadata -C embed-bitcode=no -C debuginfo=2 --cfg 'feature="default"' --cfg 'feature="std"' --check-cfg 'cfg(docsrs,test)' --check-cfg 'cfg(feature, values("default", "serde", "std"))' -C metadata=d7d93c5351f4a6ce -C extra-filename=-7302a3b4c04533bf --out-dir /workspaces/noa_ark_os/target/debug/deps -L dependency=/workspaces/noa_ark_os/target/debug/deps --cap-lints allow`
    Checking futures-task v0.3.31
     Running `/home/codespace/.rustup/toolchains/stable-x86_64-unknown-linux-gnu/bin/rustc --crate-name futures_task --edition=2018 /home/codespace/.cargo/registry/src/index.crates.io-1949cf8c6b5b557f/futures-task-0.3.31/src/lib.rs --error-format=json --json=diagnostic-rendered-ansi,artifacts,future-incompat --crate-type lib --emit=dep-info,metadata -C embed-bitcode=no -C debuginfo=2 --warn=unreachable_pub --warn=unexpected_cfgs --warn=single_use_lifetimes --warn=rust_2018_idioms --warn=missing_debug_implementations --check-cfg 'cfg(futures_sanitizer)' --cfg 'feature="alloc"' --cfg 'feature="std"' --check-cfg 'cfg(docsrs,test)' --check-cfg 'cfg(feature, values("alloc", "cfg-target-has-atomic", "default", "std", "unstable"))' -C metadata=7f4103c1495025e0 -C extra-filename=-5a2bc8c849377ff1 --out-dir /workspaces/noa_ark_os/target/debug/deps -L dependency=/workspaces/noa_ark_os/target/debug/deps --cap-lints allow`
    Checking ryu v1.0.20
     Running `/home/codespace/.rustup/toolchains/stable-x86_64-unknown-linux-gnu/bin/rustc --crate-name ryu --edition=2018 /home/codespace/.cargo/registry/src/index.crates.io-1949cf8c6b5b557f/ryu-1.0.20/src/lib.rs --error-format=json --json=diagnostic-rendered-ansi,artifacts,future-incompat --crate-type lib --emit=dep-info,metadata -C embed-bitcode=no -C debuginfo=2 --check-cfg 'cfg(docsrs,test)' --check-cfg 'cfg(feature, values("no-panic", "small"))' -C metadata=2ba37f539a156134 -C extra-filename=-09b181dadcf8bb5c --out-dir /workspaces/noa_ark_os/target/debug/deps -L dependency=/workspaces/noa_ark_os/target/debug/deps --cap-lints allow`
    Checking futures-io v0.3.31
   Compiling crossbeam-utils v0.8.21
     Running `/home/codespace/.rustup/toolchains/stable-x86_64-unknown-linux-gnu/bin/rustc --crate-name futures_io --edition=2018 /home/codespace/.cargo/registry/src/index.crates.io-1949cf8c6b5b557f/futures-io-0.3.31/src/lib.rs --error-format=json --json=diagnostic-rendered-ansi,artifacts,future-incompat --crate-type lib --emit=dep-info,metadata -C embed-bitcode=no -C debuginfo=2 --warn=unreachable_pub --warn=unexpected_cfgs --warn=single_use_lifetimes --warn=rust_2018_idioms --warn=missing_debug_implementations --check-cfg 'cfg(futures_sanitizer)' --cfg 'feature="std"' --check-cfg 'cfg(docsrs,test)' --check-cfg 'cfg(feature, values("default", "std", "unstable"))' -C metadata=b5f4e5aae2ebee7c -C extra-filename=-0127b49d7fef78ed --out-dir /workspaces/noa_ark_os/target/debug/deps -L dependency=/workspaces/noa_ark_os/target/debug/deps --cap-lints allow`
     Running `/home/codespace/.rustup/toolchains/stable-x86_64-unknown-linux-gnu/bin/rustc --crate-name build_script_build --edition=2021 /home/codespace/.cargo/registry/src/index.crates.io-1949cf8c6b5b557f/crossbeam-utils-0.8.21/build.rs --error-format=json --json=diagnostic-rendered-ansi,artifacts,future-incompat --crate-type bin --emit=dep-info,link -C embed-bitcode=no --warn=unexpected_cfgs '--allow=clippy::lint_groups_priority' '--allow=clippy::declare_interior_mutable_const' --check-cfg 'cfg(crossbeam_loom)' --check-cfg 'cfg(crossbeam_sanitize)' --cfg 'feature="default"' --cfg 'feature="std"' --check-cfg 'cfg(docsrs,test)' --check-cfg 'cfg(feature, values("default", "loom", "nightly", "std"))' -C metadata=ef43629c50aef4c7 -C extra-filename=-b39f955688e531ab --out-dir /workspaces/noa_ark_os/target/debug/build/crossbeam-utils-b39f955688e531ab -L dependency=/workspaces/noa_ark_os/target/debug/deps --cap-lints allow`
    Checking futures-util v0.3.31
     Running `/home/codespace/.rustup/toolchains/stable-x86_64-unknown-linux-gnu/bin/rustc --crate-name futures_util --edition=2018 /home/codespace/.cargo/registry/src/index.crates.io-1949cf8c6b5b557f/futures-util-0.3.31/src/lib.rs --error-format=json --json=diagnostic-rendered-ansi,artifacts,future-incompat --crate-type lib --emit=dep-info,metadata -C embed-bitcode=no -C debuginfo=2 --warn=unreachable_pub --warn=unexpected_cfgs --warn=single_use_lifetimes --warn=rust_2018_idioms --warn=missing_debug_implementations --check-cfg 'cfg(futures_sanitizer)' --cfg 'feature="alloc"' --cfg 'feature="async-await"' --cfg 'feature="async-await-macro"' --cfg 'feature="channel"' --cfg 'feature="futures-channel"' --cfg 'feature="futures-io"' --cfg 'feature="futures-macro"' --cfg 'feature="futures-sink"' --cfg 'feature="io"' --cfg 'feature="memchr"' --cfg 'feature="sink"' --cfg 'feature="slab"' --cfg 'feature="std"' --check-cfg 'cfg(docsrs,test)' --check-cfg 'cfg(feature, values("alloc", "async-await", "async-await-macro", "bilock", "cfg-target-has-atomic", "channel", "compat", "default", "futures-channel", "futures-io", "futures-macro", "futures-sink", "futures_01", "io", "io-compat", "memchr", "portable-atomic", "sink", "slab", "std", "tokio-io", "unstable", "write-all-vectored"))' -C metadata=7fd9e25bf44ea650 -C extra-filename=-6d059a5e08de3c2c --out-dir /workspaces/noa_ark_os/target/debug/deps -L dependency=/workspaces/noa_ark_os/target/debug/deps --extern futures_channel=/workspaces/noa_ark_os/target/debug/deps/libfutures_channel-15276bfa71a7903e.rmeta --extern futures_core=/workspaces/noa_ark_os/target/debug/deps/libfutures_core-ef4635112164cc9c.rmeta --extern futures_io=/workspaces/noa_ark_os/target/debug/deps/libfutures_io-0127b49d7fef78ed.rmeta --extern futures_macro=/workspaces/noa_ark_os/target/debug/deps/libfutures_macro-57cb2496e4a17659.so --extern futures_sink=/workspaces/noa_ark_os/target/debug/deps/libfutures_sink-c7a22e93b24bd68e.rmeta --extern futures_task=/workspaces/noa_ark_os/target/debug/deps/libfutures_task-5a2bc8c849377ff1.rmeta --extern memchr=/workspaces/noa_ark_os/target/debug/deps/libmemchr-5438e9ad5d4917e5.rmeta --extern pin_project_lite=/workspaces/noa_ark_os/target/debug/deps/libpin_project_lite-1abd4834f7300c42.rmeta --extern pin_utils=/workspaces/noa_ark_os/target/debug/deps/libpin_utils-c5f2e2152c33e0ae.rmeta --extern slab=/workspaces/noa_ark_os/target/debug/deps/libslab-7302a3b4c04533bf.rmeta --cap-lints allow`
     Running `/workspaces/noa_ark_os/target/debug/build/crossbeam-utils-b39f955688e531ab/build-script-build`
   Compiling synstructure v0.13.2
     Running `/home/codespace/.rustup/toolchains/stable-x86_64-unknown-linux-gnu/bin/rustc --crate-name synstructure --edition=2018 /home/codespace/.cargo/registry/src/index.crates.io-1949cf8c6b5b557f/synstructure-0.13.2/src/lib.rs --error-format=json --json=diagnostic-rendered-ansi,artifacts,future-incompat --crate-type lib --emit=dep-info,metadata,link -C embed-bitcode=no --cfg 'feature="default"' --cfg 'feature="proc-macro"' --check-cfg 'cfg(docsrs,test)' --check-cfg 'cfg(feature, values("default", "proc-macro"))' -C metadata=4340003636566e28 -C extra-filename=-7c73669e3ac492fd --out-dir /workspaces/noa_ark_os/target/debug/deps -L dependency=/workspaces/noa_ark_os/target/debug/deps --extern proc_macro2=/workspaces/noa_ark_os/target/debug/deps/libproc_macro2-0d3780dccc1fd28c.rmeta --extern quote=/workspaces/noa_ark_os/target/debug/deps/libquote-3ffe4560c0d1aec9.rmeta --extern syn=/workspaces/noa_ark_os/target/debug/deps/libsyn-70f96d4c829c7253.rmeta --cap-lints allow`
     Running `/home/codespace/.rustup/toolchains/stable-x86_64-unknown-linux-gnu/bin/rustc --crate-name crossbeam_utils --edition=2021 /home/codespace/.cargo/registry/src/index.crates.io-1949cf8c6b5b557f/crossbeam-utils-0.8.21/src/lib.rs --error-format=json --json=diagnostic-rendered-ansi,artifacts,future-incompat --crate-type lib --emit=dep-info,metadata -C embed-bitcode=no -C debuginfo=2 --warn=unexpected_cfgs '--allow=clippy::lint_groups_priority' '--allow=clippy::declare_interior_mutable_const' --check-cfg 'cfg(crossbeam_loom)' --check-cfg 'cfg(crossbeam_sanitize)' --cfg 'feature="default"' --cfg 'feature="std"' --check-cfg 'cfg(docsrs,test)' --check-cfg 'cfg(feature, values("default", "loom", "nightly", "std"))' -C metadata=002f5b98baf4a95c -C extra-filename=-141b23c02c335ff9 --out-dir /workspaces/noa_ark_os/target/debug/deps -L dependency=/workspaces/noa_ark_os/target/debug/deps --cap-lints allow --check-cfg 'cfg(crossbeam_no_atomic,crossbeam_sanitize_thread)'`
   Compiling shlex v1.3.0
     Running `/home/codespace/.rustup/toolchains/stable-x86_64-unknown-linux-gnu/bin/rustc --crate-name shlex --edition=2015 /home/codespace/.cargo/registry/src/index.crates.io-1949cf8c6b5b557f/shlex-1.3.0/src/lib.rs --error-format=json --json=diagnostic-rendered-ansi,artifacts,future-incompat --crate-type lib --emit=dep-info,metadata,link -C embed-bitcode=no --cfg 'feature="default"' --cfg 'feature="std"' --check-cfg 'cfg(docsrs,test)' --check-cfg 'cfg(feature, values("default", "std"))' -C metadata=33eb24242d2491f5 -C extra-filename=-68503acf491aba38 --out-dir /workspaces/noa_ark_os/target/debug/deps -L dependency=/workspaces/noa_ark_os/target/debug/deps --cap-lints allow`
   Compiling serde_json v1.0.145
     Running `/home/codespace/.rustup/toolchains/stable-x86_64-unknown-linux-gnu/bin/rustc --crate-name build_script_build --edition=2021 /home/codespace/.cargo/registry/src/index.crates.io-1949cf8c6b5b557f/serde_json-1.0.145/build.rs --error-format=json --json=diagnostic-rendered-ansi,artifacts,future-incompat --crate-type bin --emit=dep-info,link -C embed-bitcode=no --cfg 'feature="default"' --cfg 'feature="raw_value"' --cfg 'feature="std"' --check-cfg 'cfg(docsrs,test)' --check-cfg 'cfg(feature, values("alloc", "arbitrary_precision", "default", "float_roundtrip", "indexmap", "preserve_order", "raw_value", "std", "unbounded_depth"))' -C metadata=66468a9465c3ac1d -C extra-filename=-0e1022975124e78e --out-dir /workspaces/noa_ark_os/target/debug/build/serde_json-0e1022975124e78e -L dependency=/workspaces/noa_ark_os/target/debug/deps --cap-lints allow`
   Compiling find-msvc-tools v0.1.4
     Running `/home/codespace/.rustup/toolchains/stable-x86_64-unknown-linux-gnu/bin/rustc --crate-name find_msvc_tools --edition=2018 /home/codespace/.cargo/registry/src/index.crates.io-1949cf8c6b5b557f/find-msvc-tools-0.1.4/src/lib.rs --error-format=json --json=diagnostic-rendered-ansi,artifacts,future-incompat --crate-type lib --emit=dep-info,metadata,link -C embed-bitcode=no --allow=unexpected_cfgs --check-cfg 'cfg(disable_clang_cl_tests)' --check-cfg 'cfg(docsrs,test)' --check-cfg 'cfg(feature, values())' -C metadata=52fe8febe6ad7710 -C extra-filename=-90ef7695e3845b80 --out-dir /workspaces/noa_ark_os/target/debug/deps -L dependency=/workspaces/noa_ark_os/target/debug/deps --cap-lints allow`
   Compiling cc v1.2.45
     Running `/home/codespace/.rustup/toolchains/stable-x86_64-unknown-linux-gnu/bin/rustc --crate-name cc --edition=2018 /home/codespace/.cargo/registry/src/index.crates.io-1949cf8c6b5b557f/cc-1.2.45/src/lib.rs --error-format=json --json=diagnostic-rendered-ansi,artifacts,future-incompat --crate-type lib --emit=dep-info,metadata,link -C embed-bitcode=no --allow=unexpected_cfgs --check-cfg 'cfg(disable_clang_cl_tests)' --check-cfg 'cfg(docsrs,test)' --check-cfg 'cfg(feature, values("jobserver", "parallel"))' -C metadata=5b959f4ddbfbcd44 -C extra-filename=-ad6bc739ad2bef45 --out-dir /workspaces/noa_ark_os/target/debug/deps -L dependency=/workspaces/noa_ark_os/target/debug/deps --extern find_msvc_tools=/workspaces/noa_ark_os/target/debug/deps/libfind_msvc_tools-90ef7695e3845b80.rmeta --extern shlex=/workspaces/noa_ark_os/target/debug/deps/libshlex-68503acf491aba38.rmeta --cap-lints allow`
     Running `/workspaces/noa_ark_os/target/debug/build/serde_json-0e1022975124e78e/build-script-build`
   Compiling zerofrom-derive v0.1.6
     Running `/home/codespace/.rustup/toolchains/stable-x86_64-unknown-linux-gnu/bin/rustc --crate-name zerofrom_derive --edition=2021 /home/codespace/.cargo/registry/src/index.crates.io-1949cf8c6b5b557f/zerofrom-derive-0.1.6/src/lib.rs --error-format=json --json=diagnostic-rendered-ansi,artifacts,future-incompat --crate-type proc-macro --emit=dep-info,link -C prefer-dynamic -C embed-bitcode=no --check-cfg 'cfg(docsrs,test)' --check-cfg 'cfg(feature, values())' -C metadata=f224319c86ed0903 -C extra-filename=-d926d2ab909c36d4 --out-dir /workspaces/noa_ark_os/target/debug/deps -L dependency=/workspaces/noa_ark_os/target/debug/deps --extern proc_macro2=/workspaces/noa_ark_os/target/debug/deps/libproc_macro2-0d3780dccc1fd28c.rlib --extern quote=/workspaces/noa_ark_os/target/debug/deps/libquote-3ffe4560c0d1aec9.rlib --extern syn=/workspaces/noa_ark_os/target/debug/deps/libsyn-70f96d4c829c7253.rlib --extern synstructure=/workspaces/noa_ark_os/target/debug/deps/libsynstructure-7c73669e3ac492fd.rlib --extern proc_macro --cap-lints allow`
   Compiling getrandom v0.3.4
     Running `/home/codespace/.rustup/toolchains/stable-x86_64-unknown-linux-gnu/bin/rustc --crate-name build_script_build --edition=2021 /home/codespace/.cargo/registry/src/index.crates.io-1949cf8c6b5b557f/getrandom-0.3.4/build.rs --error-format=json --json=diagnostic-rendered-ansi,artifacts,future-incompat --crate-type bin --emit=dep-info,link -C embed-bitcode=no --warn=unexpected_cfgs --check-cfg 'cfg(getrandom_backend, values("custom", "efi_rng", "rdrand", "rndr", "linux_getrandom", "linux_raw", "wasm_js", "windows_legacy", "unsupported"))' --check-cfg 'cfg(getrandom_msan)' --check-cfg 'cfg(getrandom_test_linux_fallback)' --check-cfg 'cfg(getrandom_test_linux_without_fallback)' --check-cfg 'cfg(getrandom_test_netbsd_fallback)' --check-cfg 'cfg(target_os, values("cygwin"))' --check-cfg 'cfg(docsrs,test)' --check-cfg 'cfg(feature, values("std", "wasm_js"))' -C metadata=57f0cbc6ef802309 -C extra-filename=-5a1593a7435887f8 --out-dir /workspaces/noa_ark_os/target/debug/build/getrandom-5a1593a7435887f8 -L dependency=/workspaces/noa_ark_os/target/debug/deps --cap-lints allow`
   Compiling httparse v1.10.1
     Running `/home/codespace/.rustup/toolchains/stable-x86_64-unknown-linux-gnu/bin/rustc --crate-name build_script_build --edition=2018 /home/codespace/.cargo/registry/src/index.crates.io-1949cf8c6b5b557f/httparse-1.10.1/build.rs --error-format=json --json=diagnostic-rendered-ansi,artifacts,future-incompat --crate-type bin --emit=dep-info,link -C embed-bitcode=no --warn=unexpected_cfgs --check-cfg 'cfg(httparse_simd)' --check-cfg 'cfg(httparse_simd_target_feature_avx2)' --check-cfg 'cfg(httparse_simd_target_feature_sse42)' --check-cfg 'cfg(httparse_simd_neon_intrinsics)' --cfg 'feature="default"' --cfg 'feature="std"' --check-cfg 'cfg(docsrs,test)' --check-cfg 'cfg(feature, values("default", "std"))' -C metadata=51320c1e91874216 -C extra-filename=-8b302f4c55c92b91 --out-dir /workspaces/noa_ark_os/target/debug/build/httparse-8b302f4c55c92b91 -L dependency=/workspaces/noa_ark_os/target/debug/deps --cap-lints allow`
   Compiling thiserror v1.0.69
     Running `/home/codespace/.rustup/toolchains/stable-x86_64-unknown-linux-gnu/bin/rustc --crate-name build_script_build --edition=2021 /home/codespace/.cargo/registry/src/index.crates.io-1949cf8c6b5b557f/thiserror-1.0.69/build.rs --error-format=json --json=diagnostic-rendered-ansi,artifacts,future-incompat --crate-type bin --emit=dep-info,link -C embed-bitcode=no --check-cfg 'cfg(docsrs,test)' --check-cfg 'cfg(feature, values())' -C metadata=887edf7c9c51f003 -C extra-filename=-01289695c6f27cd2 --out-dir /workspaces/noa_ark_os/target/debug/build/thiserror-01289695c6f27cd2 -L dependency=/workspaces/noa_ark_os/target/debug/deps --cap-lints allow`
     Running `/workspaces/noa_ark_os/target/debug/build/thiserror-01289695c6f27cd2/build-script-build`
     Running `/workspaces/noa_ark_os/target/debug/build/httparse-8b302f4c55c92b91/build-script-build`
     Running `/workspaces/noa_ark_os/target/debug/build/getrandom-5a1593a7435887f8/build-script-build`
     Running `/home/codespace/.rustup/toolchains/stable-x86_64-unknown-linux-gnu/bin/rustc --crate-name serde_json --edition=2021 /home/codespace/.cargo/registry/src/index.crates.io-1949cf8c6b5b557f/serde_json-1.0.145/src/lib.rs --error-format=json --json=diagnostic-rendered-ansi,artifacts,future-incompat --crate-type lib --emit=dep-info,metadata -C embed-bitcode=no -C debuginfo=2 --cfg 'feature="default"' --cfg 'feature="raw_value"' --cfg 'feature="std"' --check-cfg 'cfg(docsrs,test)' --check-cfg 'cfg(feature, values("alloc", "arbitrary_precision", "default", "float_roundtrip", "indexmap", "preserve_order", "raw_value", "std", "unbounded_depth"))' -C metadata=7613bcabd72fd306 -C extra-filename=-da3ada2060f3594c --out-dir /workspaces/noa_ark_os/target/debug/deps -L dependency=/workspaces/noa_ark_os/target/debug/deps --extern itoa=/workspaces/noa_ark_os/target/debug/deps/libitoa-5464c517accf7a26.rmeta --extern memchr=/workspaces/noa_ark_os/target/debug/deps/libmemchr-5438e9ad5d4917e5.rmeta --extern ryu=/workspaces/noa_ark_os/target/debug/deps/libryu-09b181dadcf8bb5c.rmeta --extern serde_core=/workspaces/noa_ark_os/target/debug/deps/libserde_core-9b4466dc71da9955.rmeta --cap-lints allow --cfg 'fast_arithmetic="64"' --check-cfg 'cfg(fast_arithmetic, values("32", "64"))'`
    Checking zerofrom v0.1.6
     Running `/home/codespace/.rustup/toolchains/stable-x86_64-unknown-linux-gnu/bin/rustc --crate-name zerofrom --edition=2021 /home/codespace/.cargo/registry/src/index.crates.io-1949cf8c6b5b557f/zerofrom-0.1.6/src/lib.rs --error-format=json --json=diagnostic-rendered-ansi,artifacts,future-incompat --crate-type lib --emit=dep-info,metadata -C embed-bitcode=no -C debuginfo=2 --cfg 'feature="derive"' --check-cfg 'cfg(docsrs,test)' --check-cfg 'cfg(feature, values("alloc", "default", "derive"))' -C metadata=eecc47f07a514cc1 -C extra-filename=-9d891e77b413e232 --out-dir /workspaces/noa_ark_os/target/debug/deps -L dependency=/workspaces/noa_ark_os/target/debug/deps --extern zerofrom_derive=/workspaces/noa_ark_os/target/debug/deps/libzerofrom_derive-d926d2ab909c36d4.so --cap-lints allow`
   Compiling yoke-derive v0.8.1
     Running `/home/codespace/.rustup/toolchains/stable-x86_64-unknown-linux-gnu/bin/rustc --crate-name yoke_derive --edition=2021 /home/codespace/.cargo/registry/src/index.crates.io-1949cf8c6b5b557f/yoke-derive-0.8.1/src/lib.rs --error-format=json --json=diagnostic-rendered-ansi,artifacts,future-incompat --crate-type proc-macro --emit=dep-info,link -C prefer-dynamic -C embed-bitcode=no --check-cfg 'cfg(docsrs,test)' --check-cfg 'cfg(feature, values())' -C metadata=4dbf823af72f689d -C extra-filename=-bad76a25fabbbacb --out-dir /workspaces/noa_ark_os/target/debug/deps -L dependency=/workspaces/noa_ark_os/target/debug/deps --extern proc_macro2=/workspaces/noa_ark_os/target/debug/deps/libproc_macro2-0d3780dccc1fd28c.rlib --extern quote=/workspaces/noa_ark_os/target/debug/deps/libquote-3ffe4560c0d1aec9.rlib --extern syn=/workspaces/noa_ark_os/target/debug/deps/libsyn-70f96d4c829c7253.rlib --extern synstructure=/workspaces/noa_ark_os/target/debug/deps/libsynstructure-7c73669e3ac492fd.rlib --extern proc_macro --cap-lints allow`
   Compiling thiserror-impl v1.0.69
     Running `/home/codespace/.rustup/toolchains/stable-x86_64-unknown-linux-gnu/bin/rustc --crate-name thiserror_impl --edition=2021 /home/codespace/.cargo/registry/src/index.crates.io-1949cf8c6b5b557f/thiserror-impl-1.0.69/src/lib.rs --error-format=json --json=diagnostic-rendered-ansi,artifacts,future-incompat --crate-type proc-macro --emit=dep-info,link -C prefer-dynamic -C embed-bitcode=no --check-cfg 'cfg(docsrs,test)' --check-cfg 'cfg(feature, values())' -C metadata=a2c1d77374c34d6c -C extra-filename=-c12595c7d0fffffb --out-dir /workspaces/noa_ark_os/target/debug/deps -L dependency=/workspaces/noa_ark_os/target/debug/deps --extern proc_macro2=/workspaces/noa_ark_os/target/debug/deps/libproc_macro2-0d3780dccc1fd28c.rlib --extern quote=/workspaces/noa_ark_os/target/debug/deps/libquote-3ffe4560c0d1aec9.rlib --extern syn=/workspaces/noa_ark_os/target/debug/deps/libsyn-70f96d4c829c7253.rlib --extern proc_macro --cap-lints allow`
   Compiling autocfg v1.5.0
     Running `/home/codespace/.rustup/toolchains/stable-x86_64-unknown-linux-gnu/bin/rustc --crate-name autocfg --edition=2015 /home/codespace/.cargo/registry/src/index.crates.io-1949cf8c6b5b557f/autocfg-1.5.0/src/lib.rs --error-format=json --json=diagnostic-rendered-ansi,artifacts,future-incompat --crate-type lib --emit=dep-info,metadata,link -C embed-bitcode=no --check-cfg 'cfg(docsrs,test)' --check-cfg 'cfg(feature, values())' -C metadata=347de656f232e79e -C extra-filename=-2baaa58c24c54262 --out-dir /workspaces/noa_ark_os/target/debug/deps -L dependency=/workspaces/noa_ark_os/target/debug/deps --cap-lints allow`
    Checking stable_deref_trait v1.2.1
     Running `/home/codespace/.rustup/toolchains/stable-x86_64-unknown-linux-gnu/bin/rustc --crate-name stable_deref_trait --edition=2015 /home/codespace/.cargo/registry/src/index.crates.io-1949cf8c6b5b557f/stable_deref_trait-1.2.1/src/lib.rs --error-format=json --json=diagnostic-rendered-ansi,artifacts,future-incompat --crate-type lib --emit=dep-info,metadata -C embed-bitcode=no -C debuginfo=2 --check-cfg 'cfg(docsrs,test)' --check-cfg 'cfg(feature, values("alloc", "default", "std"))' -C metadata=c0f0bb7f7235b8dc -C extra-filename=-dc4af3f6d12d2e68 --out-dir /workspaces/noa_ark_os/target/debug/deps -L dependency=/workspaces/noa_ark_os/target/debug/deps --cap-lints allow`
    Checking yoke v0.8.1
     Running `/home/codespace/.rustup/toolchains/stable-x86_64-unknown-linux-gnu/bin/rustc --crate-name yoke --edition=2021 /home/codespace/.cargo/registry/src/index.crates.io-1949cf8c6b5b557f/yoke-0.8.1/src/lib.rs --error-format=json --json=diagnostic-rendered-ansi,artifacts,future-incompat --crate-type lib --emit=dep-info,metadata -C embed-bitcode=no -C debuginfo=2 --cfg 'feature="derive"' --cfg 'feature="zerofrom"' --check-cfg 'cfg(docsrs,test)' --check-cfg 'cfg(feature, values("alloc", "default", "derive", "serde", "zerofrom"))' -C metadata=149c6fc516cfe51a -C extra-filename=-a04b9ae497327d3f --out-dir /workspaces/noa_ark_os/target/debug/deps -L dependency=/workspaces/noa_ark_os/target/debug/deps --extern stable_deref_trait=/workspaces/noa_ark_os/target/debug/deps/libstable_deref_trait-dc4af3f6d12d2e68.rmeta --extern yoke_derive=/workspaces/noa_ark_os/target/debug/deps/libyoke_derive-bad76a25fabbbacb.so --extern zerofrom=/workspaces/noa_ark_os/target/debug/deps/libzerofrom-9d891e77b413e232.rmeta --cap-lints allow`
     Running `/home/codespace/.rustup/toolchains/stable-x86_64-unknown-linux-gnu/bin/rustc --crate-name httparse --edition=2018 /home/codespace/.cargo/registry/src/index.crates.io-1949cf8c6b5b557f/httparse-1.10.1/src/lib.rs --error-format=json --json=diagnostic-rendered-ansi,artifacts,future-incompat --crate-type lib --emit=dep-info,metadata -C embed-bitcode=no -C debuginfo=2 --warn=unexpected_cfgs --check-cfg 'cfg(httparse_simd)' --check-cfg 'cfg(httparse_simd_target_feature_avx2)' --check-cfg 'cfg(httparse_simd_target_feature_sse42)' --check-cfg 'cfg(httparse_simd_neon_intrinsics)' --cfg 'feature="default"' --cfg 'feature="std"' --check-cfg 'cfg(docsrs,test)' --check-cfg 'cfg(feature, values("default", "std"))' -C metadata=83ac47e26dc63172 -C extra-filename=-cf32ce9c71382594 --out-dir /workspaces/noa_ark_os/target/debug/deps -L dependency=/workspaces/noa_ark_os/target/debug/deps --cap-lints allow --cfg httparse_simd_neon_intrinsics --cfg httparse_simd`
     Running `/home/codespace/.rustup/toolchains/stable-x86_64-unknown-linux-gnu/bin/rustc --crate-name thiserror --edition=2021 /home/codespace/.cargo/registry/src/index.crates.io-1949cf8c6b5b557f/thiserror-1.0.69/src/lib.rs --error-format=json --json=diagnostic-rendered-ansi,artifacts,future-incompat --crate-type lib --emit=dep-info,metadata -C embed-bitcode=no -C debuginfo=2 --check-cfg 'cfg(docsrs,test)' --check-cfg 'cfg(feature, values())' -C metadata=f081b2d306aeba0c -C extra-filename=-a623725ffa7d7e7e --out-dir /workspaces/noa_ark_os/target/debug/deps -L dependency=/workspaces/noa_ark_os/target/debug/deps --extern thiserror_impl=/workspaces/noa_ark_os/target/debug/deps/libthiserror_impl-c12595c7d0fffffb.so --cap-lints allow --check-cfg 'cfg(error_generic_member_access)' --check-cfg 'cfg(thiserror_nightly_testing)'`
    Checking tower-service v0.3.3
     Running `/home/codespace/.rustup/toolchains/stable-x86_64-unknown-linux-gnu/bin/rustc --crate-name tower_service --edition=2018 /home/codespace/.cargo/registry/src/index.crates.io-1949cf8c6b5b557f/tower-service-0.3.3/src/lib.rs --error-format=json --json=diagnostic-rendered-ansi,artifacts,future-incompat --crate-type lib --emit=dep-info,metadata -C embed-bitcode=no -C debuginfo=2 --check-cfg 'cfg(docsrs,test)' --check-cfg 'cfg(feature, values())' -C metadata=0db7bbc16c595d3e -C extra-filename=-402939a1d16ccc7e --out-dir /workspaces/noa_ark_os/target/debug/deps -L dependency=/workspaces/noa_ark_os/target/debug/deps --cap-lints allow`
   Compiling zerovec-derive v0.11.2
     Running `/home/codespace/.rustup/toolchains/stable-x86_64-unknown-linux-gnu/bin/rustc --crate-name zerovec_derive --edition=2021 /home/codespace/.cargo/registry/src/index.crates.io-1949cf8c6b5b557f/zerovec-derive-0.11.2/src/lib.rs --error-format=json --json=diagnostic-rendered-ansi,artifacts,future-incompat --crate-type proc-macro --emit=dep-info,link -C prefer-dynamic -C embed-bitcode=no --check-cfg 'cfg(docsrs,test)' --check-cfg 'cfg(feature, values())' -C metadata=63594a9b8bf3df08 -C extra-filename=-18a13075caf2f1b9 --out-dir /workspaces/noa_ark_os/target/debug/deps -L dependency=/workspaces/noa_ark_os/target/debug/deps --extern proc_macro2=/workspaces/noa_ark_os/target/debug/deps/libproc_macro2-0d3780dccc1fd28c.rlib --extern quote=/workspaces/noa_ark_os/target/debug/deps/libquote-3ffe4560c0d1aec9.rlib --extern syn=/workspaces/noa_ark_os/target/debug/deps/libsyn-70f96d4c829c7253.rlib --extern proc_macro --cap-lints allow`
    Checking crossbeam-epoch v0.9.18
     Running `/home/codespace/.rustup/toolchains/stable-x86_64-unknown-linux-gnu/bin/rustc --crate-name crossbeam_epoch --edition=2021 /home/codespace/.cargo/registry/src/index.crates.io-1949cf8c6b5b557f/crossbeam-epoch-0.9.18/src/lib.rs --error-format=json --json=diagnostic-rendered-ansi,artifacts,future-incompat --crate-type lib --emit=dep-info,metadata -C embed-bitcode=no -C debuginfo=2 --cfg 'feature="alloc"' --cfg 'feature="std"' --check-cfg 'cfg(docsrs,test)' --check-cfg 'cfg(feature, values("alloc", "default", "loom", "loom-crate", "nightly", "std"))' -C metadata=6313bb26e76ef166 -C extra-filename=-a35ff91fec5f296c --out-dir /workspaces/noa_ark_os/target/debug/deps -L dependency=/workspaces/noa_ark_os/target/debug/deps --extern crossbeam_utils=/workspaces/noa_ark_os/target/debug/deps/libcrossbeam_utils-141b23c02c335ff9.rmeta --cap-lints allow`
   Compiling displaydoc v0.2.5
     Running `/home/codespace/.rustup/toolchains/stable-x86_64-unknown-linux-gnu/bin/rustc --crate-name displaydoc --edition=2021 /home/codespace/.cargo/registry/src/index.crates.io-1949cf8c6b5b557f/displaydoc-0.2.5/src/lib.rs --error-format=json --json=diagnostic-rendered-ansi,artifacts,future-incompat --crate-type proc-macro --emit=dep-info,link -C prefer-dynamic -C embed-bitcode=no --check-cfg 'cfg(docsrs,test)' --check-cfg 'cfg(feature, values("default", "std"))' -C metadata=363eb5fba568bf73 -C extra-filename=-b8972227e38ae970 --out-dir /workspaces/noa_ark_os/target/debug/deps -L dependency=/workspaces/noa_ark_os/target/debug/deps --extern proc_macro2=/workspaces/noa_ark_os/target/debug/deps/libproc_macro2-0d3780dccc1fd28c.rlib --extern quote=/workspaces/noa_ark_os/target/debug/deps/libquote-3ffe4560c0d1aec9.rlib --extern syn=/workspaces/noa_ark_os/target/debug/deps/libsyn-70f96d4c829c7253.rlib --extern proc_macro --cap-lints allow`
    Checking bitflags v2.10.0
     Running `/home/codespace/.rustup/toolchains/stable-x86_64-unknown-linux-gnu/bin/rustc --crate-name bitflags --edition=2021 /home/codespace/.cargo/registry/src/index.crates.io-1949cf8c6b5b557f/bitflags-2.10.0/src/lib.rs --error-format=json --json=diagnostic-rendered-ansi,artifacts,future-incompat --crate-type lib --emit=dep-info,metadata -C embed-bitcode=no -C debuginfo=2 --cfg 'feature="std"' --check-cfg 'cfg(docsrs,test)' --check-cfg 'cfg(feature, values("arbitrary", "bytemuck", "example_generated", "serde", "serde_core", "std"))' -C metadata=9c2d1b09f7998253 -C extra-filename=-4c8e4920d3540172 --out-dir /workspaces/noa_ark_os/target/debug/deps -L dependency=/workspaces/noa_ark_os/target/debug/deps --cap-lints allow`
   Compiling rayon-core v1.13.0
     Running `/home/codespace/.rustup/toolchains/stable-x86_64-unknown-linux-gnu/bin/rustc --crate-name build_script_build --edition=2021 /home/codespace/.cargo/registry/src/index.crates.io-1949cf8c6b5b557f/rayon-core-1.13.0/build.rs --error-format=json --json=diagnostic-rendered-ansi,artifacts,future-incompat --crate-type bin --emit=dep-info,link -C embed-bitcode=no --check-cfg 'cfg(docsrs,test)' --check-cfg 'cfg(feature, values("web_spin_lock"))' -C metadata=b107ebd112ad889f -C extra-filename=-5f86dbf15176a399 --out-dir /workspaces/noa_ark_os/target/debug/build/rayon-core-5f86dbf15176a399 -L dependency=/workspaces/noa_ark_os/target/debug/deps --cap-lints allow`
     Running `/workspaces/noa_ark_os/target/debug/build/rayon-core-5f86dbf15176a399/build-script-build`
    Checking crossbeam-deque v0.8.6
     Running `/home/codespace/.rustup/toolchains/stable-x86_64-unknown-linux-gnu/bin/rustc --crate-name crossbeam_deque --edition=2021 /home/codespace/.cargo/registry/src/index.crates.io-1949cf8c6b5b557f/crossbeam-deque-0.8.6/src/lib.rs --error-format=json --json=diagnostic-rendered-ansi,artifacts,future-incompat --crate-type lib --emit=dep-info,metadata -C embed-bitcode=no -C debuginfo=2 --warn=unexpected_cfgs '--allow=clippy::lint_groups_priority' '--allow=clippy::declare_interior_mutable_const' --check-cfg 'cfg(crossbeam_loom)' --check-cfg 'cfg(crossbeam_sanitize)' --cfg 'feature="default"' --cfg 'feature="std"' --check-cfg 'cfg(docsrs,test)' --check-cfg 'cfg(feature, values("default", "std"))' -C metadata=ce09fa853e7df479 -C extra-filename=-e4e099d596d14d41 --out-dir /workspaces/noa_ark_os/target/debug/deps -L dependency=/workspaces/noa_ark_os/target/debug/deps --extern crossbeam_epoch=/workspaces/noa_ark_os/target/debug/deps/libcrossbeam_epoch-a35ff91fec5f296c.rmeta --extern crossbeam_utils=/workspaces/noa_ark_os/target/debug/deps/libcrossbeam_utils-141b23c02c335ff9.rmeta --cap-lints allow`
    Checking zerovec v0.11.5
     Running `/home/codespace/.rustup/toolchains/stable-x86_64-unknown-linux-gnu/bin/rustc --crate-name zerovec --edition=2021 /home/codespace/.cargo/registry/src/index.crates.io-1949cf8c6b5b557f/zerovec-0.11.5/src/lib.rs --error-format=json --json=diagnostic-rendered-ansi,artifacts,future-incompat --crate-type lib --emit=dep-info,metadata -C embed-bitcode=no -C debuginfo=2 --cfg 'feature="derive"' --cfg 'feature="yoke"' --check-cfg 'cfg(docsrs,test)' --check-cfg 'cfg(feature, values("alloc", "databake", "derive", "hashmap", "serde", "std", "yoke"))' -C metadata=78842869faa10721 -C extra-filename=-3e97cbaeb54c1491 --out-dir /workspaces/noa_ark_os/target/debug/deps -L dependency=/workspaces/noa_ark_os/target/debug/deps --extern yoke=/workspaces/noa_ark_os/target/debug/deps/libyoke-a04b9ae497327d3f.rmeta --extern zerofrom=/workspaces/noa_ark_os/target/debug/deps/libzerofrom-9d891e77b413e232.rmeta --extern zerovec_derive=/workspaces/noa_ark_os/target/debug/deps/libzerovec_derive-18a13075caf2f1b9.so --cap-lints allow`
    Checking tokio-util v0.7.17
     Running `/home/codespace/.rustup/toolchains/stable-x86_64-unknown-linux-gnu/bin/rustc --crate-name tokio_util --edition=2021 /home/codespace/.cargo/registry/src/index.crates.io-1949cf8c6b5b557f/tokio-util-0.7.17/src/lib.rs --error-format=json --json=diagnostic-rendered-ansi,artifacts,future-incompat --crate-type lib --emit=dep-info,metadata -C embed-bitcode=no -C debuginfo=2 --warn=unexpected_cfgs --check-cfg 'cfg(fuzzing)' --check-cfg 'cfg(loom)' --check-cfg 'cfg(mio_unsupported_force_poll_poll)' --check-cfg 'cfg(tokio_allow_from_blocking_fd)' --check-cfg 'cfg(tokio_internal_mt_counters)' --check-cfg 'cfg(tokio_no_parking_lot)' --check-cfg 'cfg(tokio_no_tuning_tests)' --check-cfg 'cfg(tokio_unstable)' --check-cfg 'cfg(target_os, values("cygwin"))' --cfg 'feature="codec"' --cfg 'feature="default"' --cfg 'feature="io"' --check-cfg 'cfg(docsrs,test)' --check-cfg 'cfg(feature, values("__docs_rs", "codec", "compat", "default", "full", "futures-io", "futures-util", "hashbrown", "io", "io-util", "join-map", "net", "rt", "slab", "time", "tracing"))' -C metadata=ab83fedf416767d6 -C extra-filename=-656e09705aeacdd4 --out-dir /workspaces/noa_ark_os/target/debug/deps -L dependency=/workspaces/noa_ark_os/target/debug/deps --extern bytes=/workspaces/noa_ark_os/target/debug/deps/libbytes-770a4d47e567a9d3.rmeta --extern futures_core=/workspaces/noa_ark_os/target/debug/deps/libfutures_core-ef4635112164cc9c.rmeta --extern futures_sink=/workspaces/noa_ark_os/target/debug/deps/libfutures_sink-c7a22e93b24bd68e.rmeta --extern pin_project_lite=/workspaces/noa_ark_os/target/debug/deps/libpin_project_lite-1abd4834f7300c42.rmeta --extern tokio=/workspaces/noa_ark_os/target/debug/deps/libtokio-a79c50a8f766ff76.rmeta --cap-lints allow`
    Checking http v0.2.12
     Running `/home/codespace/.rustup/toolchains/stable-x86_64-unknown-linux-gnu/bin/rustc --crate-name http --edition=2018 /home/codespace/.cargo/registry/src/index.crates.io-1949cf8c6b5b557f/http-0.2.12/src/lib.rs --error-format=json --json=diagnostic-rendered-ansi,artifacts,future-incompat --crate-type lib --emit=dep-info,metadata -C embed-bitcode=no -C debuginfo=2 --check-cfg 'cfg(docsrs,test)' --check-cfg 'cfg(feature, values())' -C metadata=c62371d2fec97043 -C extra-filename=-41e24f544e6fe696 --out-dir /workspaces/noa_ark_os/target/debug/deps -L dependency=/workspaces/noa_ark_os/target/debug/deps --extern bytes=/workspaces/noa_ark_os/target/debug/deps/libbytes-770a4d47e567a9d3.rmeta --extern fnv=/workspaces/noa_ark_os/target/debug/deps/libfnv-fb5c1aa124147496.rmeta --extern itoa=/workspaces/noa_ark_os/target/debug/deps/libitoa-5464c517accf7a26.rmeta --cap-lints allow`
    Checking httpdate v1.0.3
     Running `/home/codespace/.rustup/toolchains/stable-x86_64-unknown-linux-gnu/bin/rustc --crate-name httpdate --edition=2021 /home/codespace/.cargo/registry/src/index.crates.io-1949cf8c6b5b557f/httpdate-1.0.3/src/lib.rs --error-format=json --json=diagnostic-rendered-ansi,artifacts,future-incompat --crate-type lib --emit=dep-info,metadata -C embed-bitcode=no -C debuginfo=2 --check-cfg 'cfg(docsrs,test)' --check-cfg 'cfg(feature, values())' -C metadata=c106794fc8e3af60 -C extra-filename=-bcff5e5f8235e028 --out-dir /workspaces/noa_ark_os/target/debug/deps -L dependency=/workspaces/noa_ark_os/target/debug/deps --cap-lints allow`
   Compiling pkg-config v0.3.32
     Running `/home/codespace/.rustup/toolchains/stable-x86_64-unknown-linux-gnu/bin/rustc --crate-name pkg_config --edition=2018 /home/codespace/.cargo/registry/src/index.crates.io-1949cf8c6b5b557f/pkg-config-0.3.32/src/lib.rs --error-format=json --json=diagnostic-rendered-ansi,artifacts,future-incompat --crate-type lib --emit=dep-info,metadata,link -C embed-bitcode=no --check-cfg 'cfg(docsrs,test)' --check-cfg 'cfg(feature, values())' -C metadata=1afa4f4ec6a60f51 -C extra-filename=-c339a1154bfb13d8 --out-dir /workspaces/noa_ark_os/target/debug/deps -L dependency=/workspaces/noa_ark_os/target/debug/deps --cap-lints allow`
   Compiling vcpkg v0.2.15
     Running `/home/codespace/.rustup/toolchains/stable-x86_64-unknown-linux-gnu/bin/rustc --crate-name vcpkg --edition=2015 /home/codespace/.cargo/registry/src/index.crates.io-1949cf8c6b5b557f/vcpkg-0.2.15/src/lib.rs --error-format=json --json=diagnostic-rendered-ansi,artifacts,future-incompat --crate-type lib --emit=dep-info,metadata,link -C embed-bitcode=no --check-cfg 'cfg(docsrs,test)' --check-cfg 'cfg(feature, values())' -C metadata=aee14c826a1f859d -C extra-filename=-9558a7d2912f8dd6 --out-dir /workspaces/noa_ark_os/target/debug/deps -L dependency=/workspaces/noa_ark_os/target/debug/deps --cap-lints allow`
    Checking unsafe-libyaml v0.2.11
     Running `/home/codespace/.rustup/toolchains/stable-x86_64-unknown-linux-gnu/bin/rustc --crate-name unsafe_libyaml --edition=2021 /home/codespace/.cargo/registry/src/index.crates.io-1949cf8c6b5b557f/unsafe-libyaml-0.2.11/src/lib.rs --error-format=json --json=diagnostic-rendered-ansi,artifacts,future-incompat --crate-type lib --emit=dep-info,metadata -C embed-bitcode=no -C debuginfo=2 --check-cfg 'cfg(docsrs,test)' --check-cfg 'cfg(feature, values())' -C metadata=90851cf704022628 -C extra-filename=-144c162a3eac7d4c --out-dir /workspaces/noa_ark_os/target/debug/deps -L dependency=/workspaces/noa_ark_os/target/debug/deps --cap-lints allow`
   Compiling openssl-sys v0.9.111
     Running `/home/codespace/.rustup/toolchains/stable-x86_64-unknown-linux-gnu/bin/rustc --crate-name build_script_main --edition=2021 /home/codespace/.cargo/registry/src/index.crates.io-1949cf8c6b5b557f/openssl-sys-0.9.111/build/main.rs --error-format=json --json=diagnostic-rendered-ansi,artifacts,future-incompat --crate-type bin --emit=dep-info,link -C embed-bitcode=no --check-cfg 'cfg(docsrs,test)' --check-cfg 'cfg(feature, values("aws-lc", "aws-lc-fips", "bindgen", "bssl-sys", "openssl-src", "unstable_boringssl", "vendored"))' -C metadata=592310a307d96603 -C extra-filename=-efb4f8f584669077 --out-dir /workspaces/noa_ark_os/target/debug/build/openssl-sys-efb4f8f584669077 -L dependency=/workspaces/noa_ark_os/target/debug/deps --extern cc=/workspaces/noa_ark_os/target/debug/deps/libcc-ad6bc739ad2bef45.rlib --extern pkg_config=/workspaces/noa_ark_os/target/debug/deps/libpkg_config-c339a1154bfb13d8.rlib --extern vcpkg=/workspaces/noa_ark_os/target/debug/deps/libvcpkg-9558a7d2912f8dd6.rlib --cap-lints allow`
    Checking serde_yaml v0.9.34+deprecated
     Running `/home/codespace/.rustup/toolchains/stable-x86_64-unknown-linux-gnu/bin/rustc --crate-name serde_yaml --edition=2021 /home/codespace/.cargo/registry/src/index.crates.io-1949cf8c6b5b557f/serde_yaml-0.9.34+deprecated/src/lib.rs --error-format=json --json=diagnostic-rendered-ansi,artifacts,future-incompat --crate-type lib --emit=dep-info,metadata -C embed-bitcode=no -C debuginfo=2 --check-cfg 'cfg(docsrs,test)' --check-cfg 'cfg(feature, values())' -C metadata=e70712dbecfad0fa -C extra-filename=-81fe5f479c85e33b --out-dir /workspaces/noa_ark_os/target/debug/deps -L dependency=/workspaces/noa_ark_os/target/debug/deps --extern indexmap=/workspaces/noa_ark_os/target/debug/deps/libindexmap-12377062ef2fd13b.rmeta --extern itoa=/workspaces/noa_ark_os/target/debug/deps/libitoa-5464c517accf7a26.rmeta --extern ryu=/workspaces/noa_ark_os/target/debug/deps/libryu-09b181dadcf8bb5c.rmeta --extern serde=/workspaces/noa_ark_os/target/debug/deps/libserde-05763c756793585d.rmeta --extern unsafe_libyaml=/workspaces/noa_ark_os/target/debug/deps/libunsafe_libyaml-144c162a3eac7d4c.rmeta --cap-lints allow`
     Running `/home/codespace/.rustup/toolchains/stable-x86_64-unknown-linux-gnu/bin/rustc --crate-name rayon_core --edition=2021 /home/codespace/.cargo/registry/src/index.crates.io-1949cf8c6b5b557f/rayon-core-1.13.0/src/lib.rs --error-format=json --json=diagnostic-rendered-ansi,artifacts,future-incompat --crate-type lib --emit=dep-info,metadata -C embed-bitcode=no -C debuginfo=2 --check-cfg 'cfg(docsrs,test)' --check-cfg 'cfg(feature, values("web_spin_lock"))' -C metadata=4147509dd33a6fb7 -C extra-filename=-de4b32dee4fd0b74 --out-dir /workspaces/noa_ark_os/target/debug/deps -L dependency=/workspaces/noa_ark_os/target/debug/deps --extern crossbeam_deque=/workspaces/noa_ark_os/target/debug/deps/libcrossbeam_deque-e4e099d596d14d41.rmeta --extern crossbeam_utils=/workspaces/noa_ark_os/target/debug/deps/libcrossbeam_utils-141b23c02c335ff9.rmeta --cap-lints allow`
    Checking either v1.15.0
     Running `/home/codespace/.rustup/toolchains/stable-x86_64-unknown-linux-gnu/bin/rustc --crate-name either --edition=2021 /home/codespace/.cargo/registry/src/index.crates.io-1949cf8c6b5b557f/either-1.15.0/src/lib.rs --error-format=json --json=diagnostic-rendered-ansi,artifacts,future-incompat --crate-type lib --emit=dep-info,metadata -C embed-bitcode=no -C debuginfo=2 --check-cfg 'cfg(docsrs,test)' --check-cfg 'cfg(feature, values("default", "serde", "std", "use_std"))' -C metadata=8d79ec9fe09d9bff -C extra-filename=-5983b1a71c65dc6b --out-dir /workspaces/noa_ark_os/target/debug/deps -L dependency=/workspaces/noa_ark_os/target/debug/deps --cap-lints allow`
    Checking rayon v1.11.0
     Running `/home/codespace/.rustup/toolchains/stable-x86_64-unknown-linux-gnu/bin/rustc --crate-name rayon --edition=2021 /home/codespace/.cargo/registry/src/index.crates.io-1949cf8c6b5b557f/rayon-1.11.0/src/lib.rs --error-format=json --json=diagnostic-rendered-ansi,artifacts,future-incompat --crate-type lib --emit=dep-info,metadata -C embed-bitcode=no -C debuginfo=2 --check-cfg 'cfg(docsrs,test)' --check-cfg 'cfg(feature, values("web_spin_lock"))' -C metadata=8142030fdad5ddcd -C extra-filename=-f446bd8086e05771 --out-dir /workspaces/noa_ark_os/target/debug/deps -L dependency=/workspaces/noa_ark_os/target/debug/deps --extern either=/workspaces/noa_ark_os/target/debug/deps/libeither-5983b1a71c65dc6b.rmeta --extern rayon_core=/workspaces/noa_ark_os/target/debug/deps/librayon_core-de4b32dee4fd0b74.rmeta --cap-lints allow`
     Running `/workspaces/noa_ark_os/target/debug/build/openssl-sys-efb4f8f584669077/build-script-main`
    Checking http-body v0.4.6
     Running `/home/codespace/.rustup/toolchains/stable-x86_64-unknown-linux-gnu/bin/rustc --crate-name http_body --edition=2018 /home/codespace/.cargo/registry/src/index.crates.io-1949cf8c6b5b557f/http-body-0.4.6/src/lib.rs --error-format=json --json=diagnostic-rendered-ansi,artifacts,future-incompat --crate-type lib --emit=dep-info,metadata -C embed-bitcode=no -C debuginfo=2 --check-cfg 'cfg(docsrs,test)' --check-cfg 'cfg(feature, values())' -C metadata=bec8496aefe601b7 -C extra-filename=-cc3c514cd43135d8 --out-dir /workspaces/noa_ark_os/target/debug/deps -L dependency=/workspaces/noa_ark_os/target/debug/deps --extern bytes=/workspaces/noa_ark_os/target/debug/deps/libbytes-770a4d47e567a9d3.rmeta --extern http=/workspaces/noa_ark_os/target/debug/deps/libhttp-41e24f544e6fe696.rmeta --extern pin_project_lite=/workspaces/noa_ark_os/target/debug/deps/libpin_project_lite-1abd4834f7300c42.rmeta --cap-lints allow`
    Checking tinystr v0.8.2
     Running `/home/codespace/.rustup/toolchains/stable-x86_64-unknown-linux-gnu/bin/rustc --crate-name tinystr --edition=2021 /home/codespace/.cargo/registry/src/index.crates.io-1949cf8c6b5b557f/tinystr-0.8.2/src/lib.rs --error-format=json --json=diagnostic-rendered-ansi,artifacts,future-incompat --crate-type lib --emit=dep-info,metadata -C embed-bitcode=no -C debuginfo=2 --cfg 'feature="zerovec"' --check-cfg 'cfg(docsrs,test)' --check-cfg 'cfg(feature, values("alloc", "databake", "default", "serde", "std", "zerovec"))' -C metadata=e1aa7456bb0b45a5 -C extra-filename=-db85262e44e4d427 --out-dir /workspaces/noa_ark_os/target/debug/deps -L dependency=/workspaces/noa_ark_os/target/debug/deps --extern displaydoc=/workspaces/noa_ark_os/target/debug/deps/libdisplaydoc-b8972227e38ae970.so --extern zerovec=/workspaces/noa_ark_os/target/debug/deps/libzerovec-3e97cbaeb54c1491.rmeta --cap-lints allow`
     Running `/home/codespace/.rustup/toolchains/stable-x86_64-unknown-linux-gnu/bin/rustc --crate-name anyhow --edition=2018 /home/codespace/.cargo/registry/src/index.crates.io-1949cf8c6b5b557f/anyhow-1.0.100/src/lib.rs --error-format=json --json=diagnostic-rendered-ansi,artifacts,future-incompat --crate-type lib --emit=dep-info,metadata -C embed-bitcode=no -C debuginfo=2 --cfg 'feature="default"' --cfg 'feature="std"' --check-cfg 'cfg(docsrs,test)' --check-cfg 'cfg(feature, values("backtrace", "default", "std"))' -C metadata=ea3fcb9431542e94 -C extra-filename=-5507866cbcf9167e --out-dir /workspaces/noa_ark_os/target/debug/deps -L dependency=/workspaces/noa_ark_os/target/debug/deps --cap-lints allow --cfg std_backtrace --check-cfg 'cfg(anyhow_build_probe)' --check-cfg 'cfg(anyhow_nightly_testing)' --check-cfg 'cfg(anyhow_no_clippy_format_args)' --check-cfg 'cfg(anyhow_no_core_error)' --check-cfg 'cfg(anyhow_no_core_unwind_safe)' --check-cfg 'cfg(anyhow_no_fmt_arguments_as_str)' --check-cfg 'cfg(anyhow_no_ptr_addr_of)' --check-cfg 'cfg(anyhow_no_unsafe_op_in_unsafe_fn_lint)' --check-cfg 'cfg(error_generic_member_access)' --check-cfg 'cfg(std_backtrace)'`
    Checking writeable v0.6.2
     Running `/home/codespace/.rustup/toolchains/stable-x86_64-unknown-linux-gnu/bin/rustc --crate-name writeable --edition=2021 /home/codespace/.cargo/registry/src/index.crates.io-1949cf8c6b5b557f/writeable-0.6.2/src/lib.rs --error-format=json --json=diagnostic-rendered-ansi,artifacts,future-incompat --crate-type lib --emit=dep-info,metadata -C embed-bitcode=no -C debuginfo=2 --check-cfg 'cfg(docsrs,test)' --check-cfg 'cfg(feature, values("alloc", "default", "either"))' -C metadata=06b861fee5e50a60 -C extra-filename=-befc633d1cfa9d38 --out-dir /workspaces/noa_ark_os/target/debug/deps -L dependency=/workspaces/noa_ark_os/target/debug/deps --cap-lints allow`
   Compiling rustix v1.1.2
     Running `/home/codespace/.rustup/toolchains/stable-x86_64-unknown-linux-gnu/bin/rustc --crate-name build_script_build --edition=2021 /home/codespace/.cargo/registry/src/index.crates.io-1949cf8c6b5b557f/rustix-1.1.2/build.rs --error-format=json --json=diagnostic-rendered-ansi,artifacts,future-incompat --crate-type bin --emit=dep-info,link -C embed-bitcode=no --warn=unexpected_cfgs --check-cfg 'cfg(alloc_c_string)' --check-cfg 'cfg(alloc_ffi)' --check-cfg 'cfg(apple)' --check-cfg 'cfg(asm_experimental_arch)' --check-cfg 'cfg(bsd)' --check-cfg 'cfg(core_c_str)' --check-cfg 'cfg(core_ffi_c)' --check-cfg 'cfg(core_intrinsics)' --check-cfg 'cfg(criterion)' --check-cfg 'cfg(document_experimental_runtime_api)' --check-cfg 'cfg(error_in_core)' --check-cfg 'cfg(fix_y2038)' --check-cfg 'cfg(freebsdlike)' --check-cfg 'cfg(libc)' --check-cfg 'cfg(linux_kernel)' --check-cfg 'cfg(linux_like)' --check-cfg 'cfg(linux_raw)' --check-cfg 'cfg(linux_raw_dep)' --check-cfg 'cfg(lower_upper_exp_for_non_zero)' --check-cfg 'cfg(netbsdlike)' --check-cfg 'cfg(rustc_attrs)' --check-cfg 'cfg(rustc_diagnostics)' --check-cfg 'cfg(solarish)' --check-cfg 'cfg(staged_api)' --check-cfg 'cfg(static_assertions)' --check-cfg 'cfg(thumb_mode)' --check-cfg 'cfg(wasi)' --check-cfg 'cfg(wasi_ext)' --check-cfg 'cfg(wasip2)' --check-cfg 'cfg(target_arch, values("xtensa"))' --check-cfg 'cfg(target_os, values("cygwin"))' --cfg 'feature="alloc"' --cfg 'feature="default"' --cfg 'feature="fs"' --cfg 'feature="std"' --check-cfg 'cfg(docsrs,test)' --check-cfg 'cfg(feature, values("all-apis", "alloc", "core", "default", "event", "fs", "io_uring", "libc", "libc_errno", "linux_4_11", "linux_5_1", "linux_5_11", "linux_latest", "mm", "mount", "net", "param", "pipe", "process", "pty", "rand", "runtime", "rustc-dep-of-std", "rustc-std-workspace-alloc", "shm", "std", "stdio", "system", "termios", "thread", "time", "try_close", "use-explicitly-provided-auxv", "use-libc", "use-libc-auxv"))' -C metadata=9f574b149fb97359 -C extra-filename=-9554a8d49b02e05e --out-dir /workspaces/noa_ark_os/target/debug/build/rustix-9554a8d49b02e05e -L dependency=/workspaces/noa_ark_os/target/debug/deps --cap-lints allow`
   Compiling version_check v0.9.5
     Running `/home/codespace/.rustup/toolchains/stable-x86_64-unknown-linux-gnu/bin/rustc --crate-name version_check --edition=2015 /home/codespace/.cargo/registry/src/index.crates.io-1949cf8c6b5b557f/version_check-0.9.5/src/lib.rs --error-format=json --json=diagnostic-rendered-ansi,artifacts,future-incompat --crate-type lib --emit=dep-info,metadata,link -C embed-bitcode=no --check-cfg 'cfg(docsrs,test)' --check-cfg 'cfg(feature, values())' -C metadata=30ac18c5e1156f86 -C extra-filename=-e0b3f48f4676ed83 --out-dir /workspaces/noa_ark_os/target/debug/deps -L dependency=/workspaces/noa_ark_os/target/debug/deps --cap-lints allow`
    Checking litemap v0.8.1
     Running `/home/codespace/.rustup/toolchains/stable-x86_64-unknown-linux-gnu/bin/rustc --crate-name litemap --edition=2021 /home/codespace/.cargo/registry/src/index.crates.io-1949cf8c6b5b557f/litemap-0.8.1/src/lib.rs --error-format=json --json=diagnostic-rendered-ansi,artifacts,future-incompat --crate-type lib --emit=dep-info,metadata -C embed-bitcode=no -C debuginfo=2 --check-cfg 'cfg(docsrs,test)' --check-cfg 'cfg(feature, values("alloc", "databake", "default", "serde", "testing", "yoke"))' -C metadata=1a20646d8450c771 -C extra-filename=-e882d60935161956 --out-dir /workspaces/noa_ark_os/target/debug/deps -L dependency=/workspaces/noa_ark_os/target/debug/deps --cap-lints allow`
    Checking try-lock v0.2.5
     Running `/home/codespace/.rustup/toolchains/stable-x86_64-unknown-linux-gnu/bin/rustc --crate-name try_lock --edition=2015 /home/codespace/.cargo/registry/src/index.crates.io-1949cf8c6b5b557f/try-lock-0.2.5/src/lib.rs --error-format=json --json=diagnostic-rendered-ansi,artifacts,future-incompat --crate-type lib --emit=dep-info,metadata -C embed-bitcode=no -C debuginfo=2 --check-cfg 'cfg(docsrs,test)' --check-cfg 'cfg(feature, values())' -C metadata=9d65ffde276c3e80 -C extra-filename=-9593db5f54371697 --out-dir /workspaces/noa_ark_os/target/debug/deps -L dependency=/workspaces/noa_ark_os/target/debug/deps --cap-lints allow`
    Checking want v0.3.1
     Running `/home/codespace/.rustup/toolchains/stable-x86_64-unknown-linux-gnu/bin/rustc --crate-name want --edition=2018 /home/codespace/.cargo/registry/src/index.crates.io-1949cf8c6b5b557f/want-0.3.1/src/lib.rs --error-format=json --json=diagnostic-rendered-ansi,artifacts,future-incompat --crate-type lib --emit=dep-info,metadata -C embed-bitcode=no -C debuginfo=2 --check-cfg 'cfg(docsrs,test)' --check-cfg 'cfg(feature, values())' -C metadata=86e6a2ad43bdbea0 -C extra-filename=-1779ee47cc08e792 --out-dir /workspaces/noa_ark_os/target/debug/deps -L dependency=/workspaces/noa_ark_os/target/debug/deps --extern try_lock=/workspaces/noa_ark_os/target/debug/deps/libtry_lock-9593db5f54371697.rmeta --cap-lints allow`
    Checking icu_locale_core v2.1.1
     Running `/home/codespace/.rustup/toolchains/stable-x86_64-unknown-linux-gnu/bin/rustc --crate-name icu_locale_core --edition=2021 /home/codespace/.cargo/registry/src/index.crates.io-1949cf8c6b5b557f/icu_locale_core-2.1.1/src/lib.rs --error-format=json --json=diagnostic-rendered-ansi,artifacts,future-incompat --crate-type lib --emit=dep-info,metadata -C embed-bitcode=no -C debuginfo=2 --cfg 'feature="zerovec"' --check-cfg 'cfg(docsrs,test)' --check-cfg 'cfg(feature, values("alloc", "databake", "serde", "zerovec"))' -C metadata=e9586d1add4b34f2 -C extra-filename=-1b476e5321c8311f --out-dir /workspaces/noa_ark_os/target/debug/deps -L dependency=/workspaces/noa_ark_os/target/debug/deps --extern displaydoc=/workspaces/noa_ark_os/target/debug/deps/libdisplaydoc-b8972227e38ae970.so --extern litemap=/workspaces/noa_ark_os/target/debug/deps/liblitemap-e882d60935161956.rmeta --extern tinystr=/workspaces/noa_ark_os/target/debug/deps/libtinystr-db85262e44e4d427.rmeta --extern writeable=/workspaces/noa_ark_os/target/debug/deps/libwriteable-befc633d1cfa9d38.rmeta --extern zerovec=/workspaces/noa_ark_os/target/debug/deps/libzerovec-3e97cbaeb54c1491.rmeta --cap-lints allow`
    Checking sysinfo v0.30.13
     Running `/home/codespace/.rustup/toolchains/stable-x86_64-unknown-linux-gnu/bin/rustc --crate-name sysinfo --edition=2018 /home/codespace/.cargo/registry/src/index.crates.io-1949cf8c6b5b557f/sysinfo-0.30.13/src/lib.rs --error-format=json --json=diagnostic-rendered-ansi,artifacts,future-incompat --crate-type lib --emit=dep-info,metadata -C embed-bitcode=no -C debuginfo=2 --cfg 'feature="default"' --cfg 'feature="multithread"' --cfg 'feature="rayon"' --cfg 'feature="serde"' --check-cfg 'cfg(docsrs,test)' --check-cfg 'cfg(feature, values("apple-app-store", "apple-sandbox", "c-interface", "debug", "default", "linux-netdevs", "linux-tmpfs", "multithread", "rayon", "serde", "unknown-ci"))' -C metadata=e288c4ca201db1bd -C extra-filename=-1fa18da00cc5173e --out-dir /workspaces/noa_ark_os/target/debug/deps -L dependency=/workspaces/noa_ark_os/target/debug/deps --extern cfg_if=/workspaces/noa_ark_os/target/debug/deps/libcfg_if-8a61fb9a152698a3.rmeta --extern libc=/workspaces/noa_ark_os/target/debug/deps/liblibc-3840e63bd17729f1.rmeta --extern once_cell=/workspaces/noa_ark_os/target/debug/deps/libonce_cell-1750827ad4c3fd33.rmeta --extern rayon=/workspaces/noa_ark_os/target/debug/deps/librayon-f446bd8086e05771.rmeta --extern serde=/workspaces/noa_ark_os/target/debug/deps/libserde-05763c756793585d.rmeta --cap-lints allow`
     Running `/workspaces/noa_ark_os/target/debug/build/rustix-9554a8d49b02e05e/build-script-build`
    Checking h2 v0.3.27
     Running `/home/codespace/.rustup/toolchains/stable-x86_64-unknown-linux-gnu/bin/rustc --crate-name h2 --edition=2018 /home/codespace/.cargo/registry/src/index.crates.io-1949cf8c6b5b557f/h2-0.3.27/src/lib.rs --error-format=json --json=diagnostic-rendered-ansi,artifacts,future-incompat --crate-type lib --emit=dep-info,metadata -C embed-bitcode=no -C debuginfo=2 --warn=unexpected_cfgs --check-cfg 'cfg(fuzzing)' --check-cfg 'cfg(docsrs,test)' --check-cfg 'cfg(feature, values("stream", "unstable"))' -C metadata=339be4256191bf8e -C extra-filename=-a431cec9435fe685 --out-dir /workspaces/noa_ark_os/target/debug/deps -L dependency=/workspaces/noa_ark_os/target/debug/deps --extern bytes=/workspaces/noa_ark_os/target/debug/deps/libbytes-770a4d47e567a9d3.rmeta --extern fnv=/workspaces/noa_ark_os/target/debug/deps/libfnv-fb5c1aa124147496.rmeta --extern futures_core=/workspaces/noa_ark_os/target/debug/deps/libfutures_core-ef4635112164cc9c.rmeta --extern futures_sink=/workspaces/noa_ark_os/target/debug/deps/libfutures_sink-c7a22e93b24bd68e.rmeta --extern futures_util=/workspaces/noa_ark_os/target/debug/deps/libfutures_util-6d059a5e08de3c2c.rmeta --extern http=/workspaces/noa_ark_os/target/debug/deps/libhttp-41e24f544e6fe696.rmeta --extern indexmap=/workspaces/noa_ark_os/target/debug/deps/libindexmap-12377062ef2fd13b.rmeta --extern slab=/workspaces/noa_ark_os/target/debug/deps/libslab-7302a3b4c04533bf.rmeta --extern tokio=/workspaces/noa_ark_os/target/debug/deps/libtokio-a79c50a8f766ff76.rmeta --extern tokio_util=/workspaces/noa_ark_os/target/debug/deps/libtokio_util-656e09705aeacdd4.rmeta --extern tracing=/workspaces/noa_ark_os/target/debug/deps/libtracing-f3d5401452431b0d.rmeta --cap-lints allow`
    Checking potential_utf v0.1.4
     Running `/home/codespace/.rustup/toolchains/stable-x86_64-unknown-linux-gnu/bin/rustc --crate-name potential_utf --edition=2021 /home/codespace/.cargo/registry/src/index.crates.io-1949cf8c6b5b557f/potential_utf-0.1.4/src/lib.rs --error-format=json --json=diagnostic-rendered-ansi,artifacts,future-incompat --crate-type lib --emit=dep-info,metadata -C embed-bitcode=no -C debuginfo=2 --cfg 'feature="zerovec"' --check-cfg 'cfg(docsrs,test)' --check-cfg 'cfg(feature, values("alloc", "databake", "default", "serde", "writeable", "zerovec"))' -C metadata=f47f6c3cb5ea8fcc -C extra-filename=-5d2a6e050bd9f9a4 --out-dir /workspaces/noa_ark_os/target/debug/deps -L dependency=/workspaces/noa_ark_os/target/debug/deps --extern zerovec=/workspaces/noa_ark_os/target/debug/deps/libzerovec-3e97cbaeb54c1491.rmeta --cap-lints allow`
    Checking zerotrie v0.2.3
     Running `/home/codespace/.rustup/toolchains/stable-x86_64-unknown-linux-gnu/bin/rustc --crate-name zerotrie --edition=2021 /home/codespace/.cargo/registry/src/index.crates.io-1949cf8c6b5b557f/zerotrie-0.2.3/src/lib.rs --error-format=json --json=diagnostic-rendered-ansi,artifacts,future-incompat --crate-type lib --emit=dep-info,metadata -C embed-bitcode=no -C debuginfo=2 --cfg 'feature="yoke"' --cfg 'feature="zerofrom"' --check-cfg 'cfg(docsrs,test)' --check-cfg 'cfg(feature, values("alloc", "databake", "default", "litemap", "serde", "yoke", "zerofrom", "zerovec"))' -C metadata=057ab08e8a8540dc -C extra-filename=-6b4512699152afc5 --out-dir /workspaces/noa_ark_os/target/debug/deps -L dependency=/workspaces/noa_ark_os/target/debug/deps --extern displaydoc=/workspaces/noa_ark_os/target/debug/deps/libdisplaydoc-b8972227e38ae970.so --extern yoke=/workspaces/noa_ark_os/target/debug/deps/libyoke-a04b9ae497327d3f.rmeta --extern zerofrom=/workspaces/noa_ark_os/target/debug/deps/libzerofrom-9d891e77b413e232.rmeta --cap-lints allow`
   Compiling num-traits v0.2.19
     Running `/home/codespace/.rustup/toolchains/stable-x86_64-unknown-linux-gnu/bin/rustc --crate-name build_script_build --edition=2021 /home/codespace/.cargo/registry/src/index.crates.io-1949cf8c6b5b557f/num-traits-0.2.19/build.rs --error-format=json --json=diagnostic-rendered-ansi,artifacts,future-incompat --crate-type bin --emit=dep-info,link -C embed-bitcode=no --check-cfg 'cfg(docsrs,test)' --check-cfg 'cfg(feature, values("default", "i128", "libm", "std"))' -C metadata=eb86bb38d6a3b5bd -C extra-filename=-456dde3f8bc117d6 --out-dir /workspaces/noa_ark_os/target/debug/build/num-traits-456dde3f8bc117d6 -L dependency=/workspaces/noa_ark_os/target/debug/deps --extern autocfg=/workspaces/noa_ark_os/target/debug/deps/libautocfg-2baaa58c24c54262.rlib --cap-lints allow`
     Running `/home/codespace/.rustup/toolchains/stable-x86_64-unknown-linux-gnu/bin/rustc --crate-name getrandom --edition=2021 /home/codespace/.cargo/registry/src/index.crates.io-1949cf8c6b5b557f/getrandom-0.3.4/src/lib.rs --error-format=json --json=diagnostic-rendered-ansi,artifacts,future-incompat --crate-type lib --emit=dep-info,metadata -C embed-bitcode=no -C debuginfo=2 --warn=unexpected_cfgs --check-cfg 'cfg(getrandom_backend, values("custom", "efi_rng", "rdrand", "rndr", "linux_getrandom", "linux_raw", "wasm_js", "windows_legacy", "unsupported"))' --check-cfg 'cfg(getrandom_msan)' --check-cfg 'cfg(getrandom_test_linux_fallback)' --check-cfg 'cfg(getrandom_test_linux_without_fallback)' --check-cfg 'cfg(getrandom_test_netbsd_fallback)' --check-cfg 'cfg(target_os, values("cygwin"))' --check-cfg 'cfg(docsrs,test)' --check-cfg 'cfg(feature, values("std", "wasm_js"))' -C metadata=a7247309edae1f2c -C extra-filename=-73d8cd5fd17de8c7 --out-dir /workspaces/noa_ark_os/target/debug/deps -L dependency=/workspaces/noa_ark_os/target/debug/deps --extern cfg_if=/workspaces/noa_ark_os/target/debug/deps/libcfg_if-8a61fb9a152698a3.rmeta --extern libc=/workspaces/noa_ark_os/target/debug/deps/liblibc-3840e63bd17729f1.rmeta --cap-lints allow`
    Checking socket2 v0.5.10
     Running `/home/codespace/.rustup/toolchains/stable-x86_64-unknown-linux-gnu/bin/rustc --crate-name socket2 --edition=2021 /home/codespace/.cargo/registry/src/index.crates.io-1949cf8c6b5b557f/socket2-0.5.10/src/lib.rs --error-format=json --json=diagnostic-rendered-ansi,artifacts,future-incompat --crate-type lib --emit=dep-info,metadata -C embed-bitcode=no -C debuginfo=2 --cfg 'feature="all"' --check-cfg 'cfg(docsrs,test)' --check-cfg 'cfg(feature, values("all"))' -C metadata=47fbe8745a037f82 -C extra-filename=-6202aa6fcbf08f1c --out-dir /workspaces/noa_ark_os/target/debug/deps -L dependency=/workspaces/noa_ark_os/target/debug/deps --extern libc=/workspaces/noa_ark_os/target/debug/deps/liblibc-3840e63bd17729f1.rmeta --cap-lints allow`
   Compiling icu_properties_data v2.1.1
     Running `/home/codespace/.rustup/toolchains/stable-x86_64-unknown-linux-gnu/bin/rustc --crate-name build_script_build --edition=2021 /home/codespace/.cargo/registry/src/index.crates.io-1949cf8c6b5b557f/icu_properties_data-2.1.1/build.rs --error-format=json --json=diagnostic-rendered-ansi,artifacts,future-incompat --crate-type bin --emit=dep-info,link -C embed-bitcode=no --warn=unexpected_cfgs --check-cfg 'cfg(icu4x_custom_data)' --check-cfg 'cfg(docsrs,test)' --check-cfg 'cfg(feature, values())' -C metadata=dccf8adda946a4a3 -C extra-filename=-05087489f7e2cf50 --out-dir /workspaces/noa_ark_os/target/debug/build/icu_properties_data-05087489f7e2cf50 -L dependency=/workspaces/noa_ark_os/target/debug/deps --cap-lints allow`
   Compiling icu_normalizer_data v2.1.1
     Running `/home/codespace/.rustup/toolchains/stable-x86_64-unknown-linux-gnu/bin/rustc --crate-name build_script_build --edition=2021 /home/codespace/.cargo/registry/src/index.crates.io-1949cf8c6b5b557f/icu_normalizer_data-2.1.1/build.rs --error-format=json --json=diagnostic-rendered-ansi,artifacts,future-incompat --crate-type bin --emit=dep-info,link -C embed-bitcode=no --warn=unexpected_cfgs --check-cfg 'cfg(icu4x_custom_data)' --check-cfg 'cfg(docsrs,test)' --check-cfg 'cfg(feature, values())' -C metadata=283cf23146a55320 -C extra-filename=-71cab80c36c4e585 --out-dir /workspaces/noa_ark_os/target/debug/build/icu_normalizer_data-71cab80c36c4e585 -L dependency=/workspaces/noa_ark_os/target/debug/deps --cap-lints allow`
    Checking mime v0.3.17
     Running `/home/codespace/.rustup/toolchains/stable-x86_64-unknown-linux-gnu/bin/rustc --crate-name mime --edition=2015 /home/codespace/.cargo/registry/src/index.crates.io-1949cf8c6b5b557f/mime-0.3.17/src/lib.rs --error-format=json --json=diagnostic-rendered-ansi,artifacts,future-incompat --crate-type lib --emit=dep-info,metadata -C embed-bitcode=no -C debuginfo=2 --check-cfg 'cfg(docsrs,test)' --check-cfg 'cfg(feature, values())' -C metadata=5f809258f2e20f57 -C extra-filename=-656748d210c9ef2c --out-dir /workspaces/noa_ark_os/target/debug/deps -L dependency=/workspaces/noa_ark_os/target/debug/deps --cap-lints allow`
    Checking percent-encoding v2.3.2
     Running `/home/codespace/.rustup/toolchains/stable-x86_64-unknown-linux-gnu/bin/rustc --crate-name percent_encoding --edition=2018 /home/codespace/.cargo/registry/src/index.crates.io-1949cf8c6b5b557f/percent-encoding-2.3.2/src/lib.rs --error-format=json --json=diagnostic-rendered-ansi,artifacts,future-incompat --crate-type lib --emit=dep-info,metadata -C embed-bitcode=no -C debuginfo=2 --cfg 'feature="alloc"' --cfg 'feature="default"' --cfg 'feature="std"' --check-cfg 'cfg(docsrs,test)' --check-cfg 'cfg(feature, values("alloc", "default", "std"))' -C metadata=01f7d0fd5fa90cc3 -C extra-filename=-bbbfb72321920f01 --out-dir /workspaces/noa_ark_os/target/debug/deps -L dependency=/workspaces/noa_ark_os/target/debug/deps --cap-lints allow`
     Running `/workspaces/noa_ark_os/target/debug/build/icu_normalizer_data-71cab80c36c4e585/build-script-build`
     Running `/workspaces/noa_ark_os/target/debug/build/icu_properties_data-05087489f7e2cf50/build-script-build`
     Running `/workspaces/noa_ark_os/target/debug/build/num-traits-456dde3f8bc117d6/build-script-build`
    Checking icu_provider v2.1.1
     Running `/home/codespace/.rustup/toolchains/stable-x86_64-unknown-linux-gnu/bin/rustc --crate-name icu_provider --edition=2021 /home/codespace/.cargo/registry/src/index.crates.io-1949cf8c6b5b557f/icu_provider-2.1.1/src/lib.rs --error-format=json --json=diagnostic-rendered-ansi,artifacts,future-incompat --crate-type lib --emit=dep-info,metadata -C embed-bitcode=no -C debuginfo=2 --cfg 'feature="baked"' --check-cfg 'cfg(docsrs,test)' --check-cfg 'cfg(feature, values("alloc", "baked", "deserialize_bincode_1", "deserialize_json", "deserialize_postcard_1", "export", "logging", "serde", "std", "sync", "zerotrie"))' -C metadata=fac32325dae49ffa -C extra-filename=-ead95ae6fe4d864e --out-dir /workspaces/noa_ark_os/target/debug/deps -L dependency=/workspaces/noa_ark_os/target/debug/deps --extern displaydoc=/workspaces/noa_ark_os/target/debug/deps/libdisplaydoc-b8972227e38ae970.so --extern icu_locale_core=/workspaces/noa_ark_os/target/debug/deps/libicu_locale_core-1b476e5321c8311f.rmeta --extern writeable=/workspaces/noa_ark_os/target/debug/deps/libwriteable-befc633d1cfa9d38.rmeta --extern yoke=/workspaces/noa_ark_os/target/debug/deps/libyoke-a04b9ae497327d3f.rmeta --extern zerofrom=/workspaces/noa_ark_os/target/debug/deps/libzerofrom-9d891e77b413e232.rmeta --extern zerotrie=/workspaces/noa_ark_os/target/debug/deps/libzerotrie-6b4512699152afc5.rmeta --extern zerovec=/workspaces/noa_ark_os/target/debug/deps/libzerovec-3e97cbaeb54c1491.rmeta --cap-lints allow`
    Checking icu_collections v2.1.1
     Running `/home/codespace/.rustup/toolchains/stable-x86_64-unknown-linux-gnu/bin/rustc --crate-name icu_collections --edition=2021 /home/codespace/.cargo/registry/src/index.crates.io-1949cf8c6b5b557f/icu_collections-2.1.1/src/lib.rs --error-format=json --json=diagnostic-rendered-ansi,artifacts,future-incompat --crate-type lib --emit=dep-info,metadata -C embed-bitcode=no -C debuginfo=2 --check-cfg 'cfg(docsrs,test)' --check-cfg 'cfg(feature, values("alloc", "databake", "serde"))' -C metadata=ff5daa181e608d15 -C extra-filename=-f963e41bc4620192 --out-dir /workspaces/noa_ark_os/target/debug/deps -L dependency=/workspaces/noa_ark_os/target/debug/deps --extern displaydoc=/workspaces/noa_ark_os/target/debug/deps/libdisplaydoc-b8972227e38ae970.so --extern potential_utf=/workspaces/noa_ark_os/target/debug/deps/libpotential_utf-5d2a6e050bd9f9a4.rmeta --extern yoke=/workspaces/noa_ark_os/target/debug/deps/libyoke-a04b9ae497327d3f.rmeta --extern zerofrom=/workspaces/noa_ark_os/target/debug/deps/libzerofrom-9d891e77b413e232.rmeta --extern zerovec=/workspaces/noa_ark_os/target/debug/deps/libzerovec-3e97cbaeb54c1491.rmeta --cap-lints allow`
    Checking noa_core v0.1.0 (/workspaces/noa_ark_os/core)
     Running `/home/codespace/.rustup/toolchains/stable-x86_64-unknown-linux-gnu/bin/rustc --crate-name noa_core --edition=2021 core/src/lib.rs --error-format=json --json=diagnostic-rendered-ansi,artifacts,future-incompat --crate-type lib --emit=dep-info,metadata -C embed-bitcode=no -C debuginfo=2 --check-cfg 'cfg(docsrs,test)' --check-cfg 'cfg(feature, values())' -C metadata=c0032e5f68efed7b -C extra-filename=-071024af68237ffe --out-dir /workspaces/noa_ark_os/target/debug/deps -C incremental=/workspaces/noa_ark_os/target/debug/incremental -L dependency=/workspaces/noa_ark_os/target/debug/deps --extern serde=/workspaces/noa_ark_os/target/debug/deps/libserde-05763c756793585d.rmeta --extern serde_json=/workspaces/noa_ark_os/target/debug/deps/libserde_json-da3ada2060f3594c.rmeta --extern serde_yaml=/workspaces/noa_ark_os/target/debug/deps/libserde_yaml-81fe5f479c85e33b.rmeta --extern sysinfo=/workspaces/noa_ark_os/target/debug/deps/libsysinfo-1fa18da00cc5173e.rmeta --extern thiserror=/workspaces/noa_ark_os/target/debug/deps/libthiserror-a623725ffa7d7e7e.rmeta`
warning: field `blueprint` is never read
   --> core/src/gateway.rs:384:5
    |
383 | struct SymbolGenome {
    |        ------------ field in this struct
384 |     blueprint: HashMap<String, String>,
    |     ^^^^^^^^^
    |
    = note: `SymbolGenome` has derived impls for the traits `Clone` and `Debug`, but these are intentionally ignored during dead code analysis
    = note: `#[warn(dead_code)]` (part of `#[warn(unused)]`) on by default

warning: field `id` is never read
   --> core/src/gateway.rs:740:5
    |
739 | struct ConnectorSnapshot {
    |        ----------------- field in this struct
740 |     id: String,
    |     ^^
    |
    = note: `ConnectorSnapshot` has derived impls for the traits `Clone` and `Debug`, but these are intentionally ignored during dead code analysis

warning: field `verification_cache` is never read
   --> core/src/gateway.rs:760:5
    |
748 | struct ConnectorRecord {
    |        --------------- field in this struct
...
760 |     verification_cache: VerificationReport,
    |     ^^^^^^^^^^^^^^^^^^
    |
    = note: `ConnectorRecord` has derived impls for the traits `Clone` and `Debug`, but these are intentionally ignored during dead code analysis

warning: field `provider_id` is never read
    --> core/src/gateway.rs:1648:13
     |
1646 |         struct CandidateView {
     |                ------------- field in this struct
1647 |             id: String,
1648 |             provider_id: String,
     |             ^^^^^^^^^^^
     |
     = note: `CandidateView` has a derived impl for the trait `Clone`, but this is intentionally ignored during dead code analysis

warning: associated function `from_vendor_hint` is never used
  --> core/src/hardware/mod.rs:33:8
   |
32 | impl GpuBackend {
   | --------------- associated function in this implementation
33 |     fn from_vendor_hint(vendor_id: Option<&str>, name: &str) -> Self {
   |        ^^^^^^^^^^^^^^^^

warning: `noa_core` (lib) generated 5 warnings
   Compiling async-trait v0.1.89
     Running `/home/codespace/.rustup/toolchains/stable-x86_64-unknown-linux-gnu/bin/rustc --crate-name async_trait --edition=2021 /home/codespace/.cargo/registry/src/index.crates.io-1949cf8c6b5b557f/async-trait-0.1.89/src/lib.rs --error-format=json --json=diagnostic-rendered-ansi,artifacts,future-incompat --crate-type proc-macro --emit=dep-info,link -C prefer-dynamic -C embed-bitcode=no --check-cfg 'cfg(docsrs,test)' --check-cfg 'cfg(feature, values())' -C metadata=ed6598d2b22be658 -C extra-filename=-4eefe3d1330face5 --out-dir /workspaces/noa_ark_os/target/debug/deps -L dependency=/workspaces/noa_ark_os/target/debug/deps --extern proc_macro2=/workspaces/noa_ark_os/target/debug/deps/libproc_macro2-0d3780dccc1fd28c.rlib --extern quote=/workspaces/noa_ark_os/target/debug/deps/libquote-3ffe4560c0d1aec9.rlib --extern syn=/workspaces/noa_ark_os/target/debug/deps/libsyn-70f96d4c829c7253.rlib --extern proc_macro --cap-lints allow`
    Checking hyper v0.14.32
     Running `/home/codespace/.rustup/toolchains/stable-x86_64-unknown-linux-gnu/bin/rustc --crate-name hyper --edition=2018 /home/codespace/.cargo/registry/src/index.crates.io-1949cf8c6b5b557f/hyper-0.14.32/src/lib.rs --error-format=json --json=diagnostic-rendered-ansi,artifacts,future-incompat --crate-type lib --emit=dep-info,metadata -C embed-bitcode=no -C debuginfo=2 --cfg 'feature="client"' --cfg 'feature="default"' --cfg 'feature="full"' --cfg 'feature="h2"' --cfg 'feature="http1"' --cfg 'feature="http2"' --cfg 'feature="runtime"' --cfg 'feature="server"' --cfg 'feature="socket2"' --cfg 'feature="stream"' --cfg 'feature="tcp"' --check-cfg 'cfg(docsrs,test)' --check-cfg 'cfg(feature, values("__internal_happy_eyeballs_tests", "backports", "client", "default", "deprecated", "ffi", "full", "h2", "http1", "http2", "libc", "nightly", "runtime", "server", "socket2", "stream", "tcp"))' -C metadata=a8ec1c0598d26fb8 -C extra-filename=-b607056fe1c2bba5 --out-dir /workspaces/noa_ark_os/target/debug/deps -L dependency=/workspaces/noa_ark_os/target/debug/deps --extern bytes=/workspaces/noa_ark_os/target/debug/deps/libbytes-770a4d47e567a9d3.rmeta --extern futures_channel=/workspaces/noa_ark_os/target/debug/deps/libfutures_channel-15276bfa71a7903e.rmeta --extern futures_core=/workspaces/noa_ark_os/target/debug/deps/libfutures_core-ef4635112164cc9c.rmeta --extern futures_util=/workspaces/noa_ark_os/target/debug/deps/libfutures_util-6d059a5e08de3c2c.rmeta --extern h2=/workspaces/noa_ark_os/target/debug/deps/libh2-a431cec9435fe685.rmeta --extern http=/workspaces/noa_ark_os/target/debug/deps/libhttp-41e24f544e6fe696.rmeta --extern http_body=/workspaces/noa_ark_os/target/debug/deps/libhttp_body-cc3c514cd43135d8.rmeta --extern httparse=/workspaces/noa_ark_os/target/debug/deps/libhttparse-cf32ce9c71382594.rmeta --extern httpdate=/workspaces/noa_ark_os/target/debug/deps/libhttpdate-bcff5e5f8235e028.rmeta --extern itoa=/workspaces/noa_ark_os/target/debug/deps/libitoa-5464c517accf7a26.rmeta --extern pin_project_lite=/workspaces/noa_ark_os/target/debug/deps/libpin_project_lite-1abd4834f7300c42.rmeta --extern socket2=/workspaces/noa_ark_os/target/debug/deps/libsocket2-6202aa6fcbf08f1c.rmeta --extern tokio=/workspaces/noa_ark_os/target/debug/deps/libtokio-a79c50a8f766ff76.rmeta --extern tower_service=/workspaces/noa_ark_os/target/debug/deps/libtower_service-402939a1d16ccc7e.rmeta --extern tracing=/workspaces/noa_ark_os/target/debug/deps/libtracing-f3d5401452431b0d.rmeta --extern want=/workspaces/noa_ark_os/target/debug/deps/libwant-1779ee47cc08e792.rmeta --cap-lints allow`
     Running `/home/codespace/.rustup/toolchains/stable-x86_64-unknown-linux-gnu/bin/rustc --crate-name either --edition=2021 /home/codespace/.cargo/registry/src/index.crates.io-1949cf8c6b5b557f/either-1.15.0/src/lib.rs --error-format=json --json=diagnostic-rendered-ansi,artifacts,future-incompat --crate-type lib --emit=dep-info,metadata,link -C embed-bitcode=no --check-cfg 'cfg(docsrs,test)' --check-cfg 'cfg(feature, values("default", "serde", "std", "use_std"))' -C metadata=37ad40d205c3a278 -C extra-filename=-d2a6a3e223390992 --out-dir /workspaces/noa_ark_os/target/debug/deps -L dependency=/workspaces/noa_ark_os/target/debug/deps --cap-lints allow`
   Compiling openssl v0.10.75
     Running `/home/codespace/.rustup/toolchains/stable-x86_64-unknown-linux-gnu/bin/rustc --crate-name build_script_build --edition=2021 /home/codespace/.cargo/registry/src/index.crates.io-1949cf8c6b5b557f/openssl-0.10.75/build.rs --error-format=json --json=diagnostic-rendered-ansi,artifacts,future-incompat --crate-type bin --emit=dep-info,link -C embed-bitcode=no --cfg 'feature="default"' --check-cfg 'cfg(docsrs,test)' --check-cfg 'cfg(feature, values("aws-lc", "aws-lc-fips", "bindgen", "default", "unstable_boringssl", "v101", "v102", "v110", "v111", "vendored"))' -C metadata=6c0cbd8fe7a64203 -C extra-filename=-35818894fcb12211 --out-dir /workspaces/noa_ark_os/target/debug/build/openssl-35818894fcb12211 -L dependency=/workspaces/noa_ark_os/target/debug/deps --cap-lints allow`
    Checking foreign-types-shared v0.1.1
     Running `/home/codespace/.rustup/toolchains/stable-x86_64-unknown-linux-gnu/bin/rustc --crate-name foreign_types_shared --edition=2015 /home/codespace/.cargo/registry/src/index.crates.io-1949cf8c6b5b557f/foreign-types-shared-0.1.1/src/lib.rs --error-format=json --json=diagnostic-rendered-ansi,artifacts,future-incompat --crate-type lib --emit=dep-info,metadata -C embed-bitcode=no -C debuginfo=2 --check-cfg 'cfg(docsrs,test)' --check-cfg 'cfg(feature, values())' -C metadata=207d9cf8a0553b26 -C extra-filename=-cbec9a2112901a0b --out-dir /workspaces/noa_ark_os/target/debug/deps -L dependency=/workspaces/noa_ark_os/target/debug/deps --cap-lints allow`
   Compiling zerocopy v0.8.27
     Running `/home/codespace/.rustup/toolchains/stable-x86_64-unknown-linux-gnu/bin/rustc --crate-name build_script_build --edition=2021 /home/codespace/.cargo/registry/src/index.crates.io-1949cf8c6b5b557f/zerocopy-0.8.27/build.rs --error-format=json --json=diagnostic-rendered-ansi,artifacts,future-incompat --crate-type bin --emit=dep-info,link -C embed-bitcode=no --cfg 'feature="simd"' --check-cfg 'cfg(docsrs,test)' --check-cfg 'cfg(feature, values("__internal_use_only_features_that_work_on_stable", "alloc", "derive", "float-nightly", "simd", "simd-nightly", "std", "zerocopy-derive"))' -C metadata=40dffbff69063846 -C extra-filename=-82e5987c15e6d5d6 --out-dir /workspaces/noa_ark_os/target/debug/build/zerocopy-82e5987c15e6d5d6 -L dependency=/workspaces/noa_ark_os/target/debug/deps --cap-lints allow`
   Compiling rustversion v1.0.22
     Running `/home/codespace/.rustup/toolchains/stable-x86_64-unknown-linux-gnu/bin/rustc --crate-name build_script_build --edition=2018 /home/codespace/.cargo/registry/src/index.crates.io-1949cf8c6b5b557f/rustversion-1.0.22/build/build.rs --error-format=json --json=diagnostic-rendered-ansi,artifacts,future-incompat --crate-type bin --emit=dep-info,link -C embed-bitcode=no --check-cfg 'cfg(docsrs,test)' --check-cfg 'cfg(feature, values())' -C metadata=7b138a9e9710bf09 -C extra-filename=-273ca5d940f21fdb --out-dir /workspaces/noa_ark_os/target/debug/build/rustversion-273ca5d940f21fdb -L dependency=/workspaces/noa_ark_os/target/debug/deps --cap-lints allow`
     Running `/workspaces/noa_ark_os/target/debug/build/rustversion-273ca5d940f21fdb/build-script-build`
     Running `/workspaces/noa_ark_os/target/debug/build/zerocopy-82e5987c15e6d5d6/build-script-build`
    Checking foreign-types v0.3.2
     Running `/home/codespace/.rustup/toolchains/stable-x86_64-unknown-linux-gnu/bin/rustc --crate-name foreign_types --edition=2015 /home/codespace/.cargo/registry/src/index.crates.io-1949cf8c6b5b557f/foreign-types-0.3.2/src/lib.rs --error-format=json --json=diagnostic-rendered-ansi,artifacts,future-incompat --crate-type lib --emit=dep-info,metadata -C embed-bitcode=no -C debuginfo=2 --check-cfg 'cfg(docsrs,test)' --check-cfg 'cfg(feature, values())' -C metadata=20d37c4e7a051ffc -C extra-filename=-522ecd3ea64e62eb --out-dir /workspaces/noa_ark_os/target/debug/deps -L dependency=/workspaces/noa_ark_os/target/debug/deps --extern foreign_types_shared=/workspaces/noa_ark_os/target/debug/deps/libforeign_types_shared-cbec9a2112901a0b.rmeta --cap-lints allow`
     Running `/workspaces/noa_ark_os/target/debug/build/openssl-35818894fcb12211/build-script-build`
   Compiling itertools v0.12.1
     Running `/home/codespace/.rustup/toolchains/stable-x86_64-unknown-linux-gnu/bin/rustc --crate-name itertools --edition=2018 /home/codespace/.cargo/registry/src/index.crates.io-1949cf8c6b5b557f/itertools-0.12.1/src/lib.rs --error-format=json --json=diagnostic-rendered-ansi,artifacts,future-incompat --crate-type lib --emit=dep-info,metadata,link -C embed-bitcode=no --cfg 'feature="use_alloc"' --check-cfg 'cfg(docsrs,test)' --check-cfg 'cfg(feature, values("default", "use_alloc", "use_std"))' -C metadata=b6879c230d743060 -C extra-filename=-6496b60500bc3a47 --out-dir /workspaces/noa_ark_os/target/debug/deps -L dependency=/workspaces/noa_ark_os/target/debug/deps --extern either=/workspaces/noa_ark_os/target/debug/deps/libeither-d2a6a3e223390992.rmeta --cap-lints allow`
     Running `/home/codespace/.rustup/toolchains/stable-x86_64-unknown-linux-gnu/bin/rustc --crate-name num_traits --edition=2021 /home/codespace/.cargo/registry/src/index.crates.io-1949cf8c6b5b557f/num-traits-0.2.19/src/lib.rs --error-format=json --json=diagnostic-rendered-ansi,artifacts,future-incompat --crate-type lib --emit=dep-info,metadata -C embed-bitcode=no -C debuginfo=2 --check-cfg 'cfg(docsrs,test)' --check-cfg 'cfg(feature, values("default", "i128", "libm", "std"))' -C metadata=be3de6f1071366fb -C extra-filename=-5f0865dca114c997 --out-dir /workspaces/noa_ark_os/target/debug/deps -L dependency=/workspaces/noa_ark_os/target/debug/deps --cap-lints allow --cfg has_total_cmp --check-cfg 'cfg(has_total_cmp)'`
     Running `/home/codespace/.rustup/toolchains/stable-x86_64-unknown-linux-gnu/bin/rustc --crate-name icu_properties_data --edition=2021 /home/codespace/.cargo/registry/src/index.crates.io-1949cf8c6b5b557f/icu_properties_data-2.1.1/src/lib.rs --error-format=json --json=diagnostic-rendered-ansi,artifacts,future-incompat --crate-type lib --emit=dep-info,metadata -C embed-bitcode=no -C debuginfo=2 --warn=unexpected_cfgs --check-cfg 'cfg(icu4x_custom_data)' --check-cfg 'cfg(docsrs,test)' --check-cfg 'cfg(feature, values())' -C metadata=972acd7e3a0f9be5 -C extra-filename=-a32de7432cc755ab --out-dir /workspaces/noa_ark_os/target/debug/deps -L dependency=/workspaces/noa_ark_os/target/debug/deps --cap-lints allow --check-cfg 'cfg(icu4c_enable_renaming)'`
     Running `/home/codespace/.rustup/toolchains/stable-x86_64-unknown-linux-gnu/bin/rustc --crate-name icu_normalizer_data --edition=2021 /home/codespace/.cargo/registry/src/index.crates.io-1949cf8c6b5b557f/icu_normalizer_data-2.1.1/src/lib.rs --error-format=json --json=diagnostic-rendered-ansi,artifacts,future-incompat --crate-type lib --emit=dep-info,metadata -C embed-bitcode=no -C debuginfo=2 --warn=unexpected_cfgs --check-cfg 'cfg(icu4x_custom_data)' --check-cfg 'cfg(docsrs,test)' --check-cfg 'cfg(feature, values())' -C metadata=a9e5c44da0678f05 -C extra-filename=-cf43af960fe7eff9 --out-dir /workspaces/noa_ark_os/target/debug/deps -L dependency=/workspaces/noa_ark_os/target/debug/deps --cap-lints allow --check-cfg 'cfg(icu4c_enable_renaming)'`
    Checking uuid v1.18.1
     Running `/home/codespace/.rustup/toolchains/stable-x86_64-unknown-linux-gnu/bin/rustc --crate-name uuid --edition=2018 /home/codespace/.cargo/registry/src/index.crates.io-1949cf8c6b5b557f/uuid-1.18.1/src/lib.rs --error-format=json --json=diagnostic-rendered-ansi,artifacts,future-incompat --crate-type lib --emit=dep-info,metadata -C embed-bitcode=no -C debuginfo=2 --allow=unexpected_cfgs --check-cfg 'cfg(uuid_unstable)' --cfg 'feature="default"' --cfg 'feature="rng"' --cfg 'feature="serde"' --cfg 'feature="std"' --cfg 'feature="v4"' --check-cfg 'cfg(docsrs,test)' --check-cfg 'cfg(feature, values("arbitrary", "atomic", "borsh", "bytemuck", "default", "fast-rng", "js", "macro-diagnostics", "md5", "rng", "rng-getrandom", "rng-rand", "serde", "sha1", "slog", "std", "uuid-rng-internal-lib", "v1", "v3", "v4", "v5", "v6", "v7", "v8", "zerocopy"))' -C metadata=6817cb45da25cb48 -C extra-filename=-83e8c5a31aa6146a --out-dir /workspaces/noa_ark_os/target/debug/deps -L dependency=/workspaces/noa_ark_os/target/debug/deps --extern getrandom=/workspaces/noa_ark_os/target/debug/deps/libgetrandom-73d8cd5fd17de8c7.rmeta --extern serde=/workspaces/noa_ark_os/target/debug/deps/libserde-05763c756793585d.rmeta --cap-lints allow`
     Running `/home/codespace/.rustup/toolchains/stable-x86_64-unknown-linux-gnu/bin/rustc --crate-name openssl_sys --edition=2021 /home/codespace/.cargo/registry/src/index.crates.io-1949cf8c6b5b557f/openssl-sys-0.9.111/src/lib.rs --error-format=json --json=diagnostic-rendered-ansi,artifacts,future-incompat --crate-type lib --emit=dep-info,metadata -C embed-bitcode=no -C debuginfo=2 --check-cfg 'cfg(docsrs,test)' --check-cfg 'cfg(feature, values("aws-lc", "aws-lc-fips", "bindgen", "bssl-sys", "openssl-src", "unstable_boringssl", "vendored"))' -C metadata=ba87be2580760e10 -C extra-filename=-914af24d639a3dbd --out-dir /workspaces/noa_ark_os/target/debug/deps -L dependency=/workspaces/noa_ark_os/target/debug/deps --extern libc=/workspaces/noa_ark_os/target/debug/deps/liblibc-3840e63bd17729f1.rmeta --cap-lints allow -l ssl -l crypto --cfg 'osslconf="OPENSSL_NO_IDEA"' --cfg 'osslconf="OPENSSL_NO_SSL3_METHOD"' --cfg openssl --cfg ossl101 --cfg ossl102 --cfg ossl102f --cfg ossl102h --cfg ossl110 --cfg ossl110f --cfg ossl110g --cfg ossl110h --cfg ossl111 --cfg ossl111b --cfg ossl111c --cfg ossl111d --cfg ossl300 --check-cfg 'cfg(osslconf, values("OPENSSL_NO_OCB", "OPENSSL_NO_SM4", "OPENSSL_NO_SEED", "OPENSSL_NO_CHACHA", "OPENSSL_NO_CAST", "OPENSSL_NO_IDEA", "OPENSSL_NO_CAMELLIA", "OPENSSL_NO_RC4", "OPENSSL_NO_BF", "OPENSSL_NO_PSK", "OPENSSL_NO_DEPRECATED_3_0", "OPENSSL_NO_SCRYPT", "OPENSSL_NO_SM3", "OPENSSL_NO_RMD160", "OPENSSL_NO_EC2M", "OPENSSL_NO_OCSP", "OPENSSL_NO_CMS", "OPENSSL_NO_COMP", "OPENSSL_NO_SOCK", "OPENSSL_NO_STDIO", "OPENSSL_NO_EC", "OPENSSL_NO_SSL3_METHOD", "OPENSSL_NO_KRB5", "OPENSSL_NO_TLSEXT", "OPENSSL_NO_SRP", "OPENSSL_NO_SRTP", "OPENSSL_NO_RFC3779", "OPENSSL_NO_SHA", "OPENSSL_NO_NEXTPROTONEG", "OPENSSL_NO_ENGINE", "OPENSSL_NO_BUF_FREELISTS", "OPENSSL_NO_RC2"))' --check-cfg 'cfg(openssl)' --check-cfg 'cfg(libressl)' --check-cfg 'cfg(boringssl)' --check-cfg 'cfg(awslc)' --check-cfg 'cfg(libressl250)' --check-cfg 'cfg(libressl251)' --check-cfg 'cfg(libressl252)' --check-cfg 'cfg(libressl261)' --check-cfg 'cfg(libressl270)' --check-cfg 'cfg(libressl271)' --check-cfg 'cfg(libressl273)' --check-cfg 'cfg(libressl280)' --check-cfg 'cfg(libressl281)' --check-cfg 'cfg(libressl291)' --check-cfg 'cfg(libressl310)' --check-cfg 'cfg(libressl321)' --check-cfg 'cfg(libressl332)' --check-cfg 'cfg(libressl340)' --check-cfg 'cfg(libressl350)' --check-cfg 'cfg(libressl360)' --check-cfg 'cfg(libressl361)' --check-cfg 'cfg(libressl370)' --check-cfg 'cfg(libressl380)' --check-cfg 'cfg(libressl381)' --check-cfg 'cfg(libressl382)' --check-cfg 'cfg(libressl390)' --check-cfg 'cfg(libressl400)' --check-cfg 'cfg(libressl410)' --check-cfg 'cfg(libressl420)' --check-cfg 'cfg(ossl101)' --check-cfg 'cfg(ossl102)' --check-cfg 'cfg(ossl102f)' --check-cfg 'cfg(ossl102h)' --check-cfg 'cfg(ossl110)' --check-cfg 'cfg(ossl110f)' --check-cfg 'cfg(ossl110g)' --check-cfg 'cfg(ossl110h)' --check-cfg 'cfg(ossl111)' --check-cfg 'cfg(ossl111b)' --check-cfg 'cfg(ossl111c)' --check-cfg 'cfg(ossl111d)' --check-cfg 'cfg(ossl300)' --check-cfg 'cfg(ossl310)' --check-cfg 'cfg(ossl320)' --check-cfg 'cfg(ossl330)' --check-cfg 'cfg(ossl340)'`
     Running `/home/codespace/.rustup/toolchains/stable-x86_64-unknown-linux-gnu/bin/rustc --crate-name anyhow --edition=2018 /home/codespace/.cargo/registry/src/index.crates.io-1949cf8c6b5b557f/anyhow-1.0.100/src/lib.rs --error-format=json --json=diagnostic-rendered-ansi,artifacts,future-incompat --crate-type lib --emit=dep-info,metadata,link -C embed-bitcode=no --cfg 'feature="default"' --cfg 'feature="std"' --check-cfg 'cfg(docsrs,test)' --check-cfg 'cfg(feature, values("backtrace", "default", "std"))' -C metadata=ad16bab90e9f35c6 -C extra-filename=-a57dde3d7dd366a8 --out-dir /workspaces/noa_ark_os/target/debug/deps -L dependency=/workspaces/noa_ark_os/target/debug/deps --cap-lints allow --cfg std_backtrace --check-cfg 'cfg(anyhow_build_probe)' --check-cfg 'cfg(anyhow_nightly_testing)' --check-cfg 'cfg(anyhow_no_clippy_format_args)' --check-cfg 'cfg(anyhow_no_core_error)' --check-cfg 'cfg(anyhow_no_core_unwind_safe)' --check-cfg 'cfg(anyhow_no_fmt_arguments_as_str)' --check-cfg 'cfg(anyhow_no_ptr_addr_of)' --check-cfg 'cfg(anyhow_no_unsafe_op_in_unsafe_fn_lint)' --check-cfg 'cfg(error_generic_member_access)' --check-cfg 'cfg(std_backtrace)'`
   Compiling openssl-macros v0.1.1
     Running `/home/codespace/.rustup/toolchains/stable-x86_64-unknown-linux-gnu/bin/rustc --crate-name openssl_macros --edition=2018 /home/codespace/.cargo/registry/src/index.crates.io-1949cf8c6b5b557f/openssl-macros-0.1.1/src/lib.rs --error-format=json --json=diagnostic-rendered-ansi,artifacts,future-incompat --crate-type proc-macro --emit=dep-info,link -C prefer-dynamic -C embed-bitcode=no --check-cfg 'cfg(docsrs,test)' --check-cfg 'cfg(feature, values())' -C metadata=ef2037eba5b9b5dd -C extra-filename=-5e4790a6eff7880f --out-dir /workspaces/noa_ark_os/target/debug/deps -L dependency=/workspaces/noa_ark_os/target/debug/deps --extern proc_macro2=/workspaces/noa_ark_os/target/debug/deps/libproc_macro2-0d3780dccc1fd28c.rlib --extern quote=/workspaces/noa_ark_os/target/debug/deps/libquote-3ffe4560c0d1aec9.rlib --extern syn=/workspaces/noa_ark_os/target/debug/deps/libsyn-70f96d4c829c7253.rlib --extern proc_macro --cap-lints allow`
   Compiling typenum v1.19.0
     Running `/home/codespace/.rustup/toolchains/stable-x86_64-unknown-linux-gnu/bin/rustc --crate-name build_script_build --edition=2018 /home/codespace/.cargo/registry/src/index.crates.io-1949cf8c6b5b557f/typenum-1.19.0/build.rs --error-format=json --json=diagnostic-rendered-ansi,artifacts,future-incompat --crate-type bin --emit=dep-info,link -C embed-bitcode=no --check-cfg 'cfg(docsrs,test)' --check-cfg 'cfg(feature, values("const-generics", "force_unix_path_separator", "i128", "no_std", "scale-info", "scale_info", "strict"))' -C metadata=347d967a22c5fa26 -C extra-filename=-09cbf8964b4619c1 --out-dir /workspaces/noa_ark_os/target/debug/build/typenum-09cbf8964b4619c1 -L dependency=/workspaces/noa_ark_os/target/debug/deps --cap-lints allow`
    Checking iana-time-zone v0.1.64
     Running `/home/codespace/.rustup/toolchains/stable-x86_64-unknown-linux-gnu/bin/rustc --crate-name iana_time_zone --edition=2021 /home/codespace/.cargo/registry/src/index.crates.io-1949cf8c6b5b557f/iana-time-zone-0.1.64/src/lib.rs --error-format=json --json=diagnostic-rendered-ansi,artifacts,future-incompat --crate-type lib --emit=dep-info,metadata -C embed-bitcode=no -C debuginfo=2 --cfg 'feature="fallback"' --check-cfg 'cfg(docsrs,test)' --check-cfg 'cfg(feature, values("fallback"))' -C metadata=90086e20812edb53 -C extra-filename=-c17e009f41ce1f60 --out-dir /workspaces/noa_ark_os/target/debug/deps -L dependency=/workspaces/noa_ark_os/target/debug/deps --cap-lints allow`
    Checking base64 v0.21.7
     Running `/home/codespace/.rustup/toolchains/stable-x86_64-unknown-linux-gnu/bin/rustc --crate-name base64 --edition=2018 /home/codespace/.cargo/registry/src/index.crates.io-1949cf8c6b5b557f/base64-0.21.7/src/lib.rs --error-format=json --json=diagnostic-rendered-ansi,artifacts,future-incompat --crate-type lib --emit=dep-info,metadata -C embed-bitcode=no -C debuginfo=2 --cfg 'feature="alloc"' --cfg 'feature="default"' --cfg 'feature="std"' --check-cfg 'cfg(docsrs,test)' --check-cfg 'cfg(feature, values("alloc", "default", "std"))' -C metadata=fdbfd8dcfba9c1d7 -C extra-filename=-28c267c1a3480fea --out-dir /workspaces/noa_ark_os/target/debug/deps -L dependency=/workspaces/noa_ark_os/target/debug/deps --cap-lints allow`
   Compiling native-tls v0.2.14
     Running `/home/codespace/.rustup/toolchains/stable-x86_64-unknown-linux-gnu/bin/rustc --crate-name build_script_build --edition=2015 /home/codespace/.cargo/registry/src/index.crates.io-1949cf8c6b5b557f/native-tls-0.2.14/build.rs --error-format=json --json=diagnostic-rendered-ansi,artifacts,future-incompat --crate-type bin --emit=dep-info,link -C embed-bitcode=no --check-cfg 'cfg(docsrs,test)' --check-cfg 'cfg(feature, values("alpn", "vendored"))' -C metadata=d7588d4fc5d5518d -C extra-filename=-0adf01d1dfbe285f --out-dir /workspaces/noa_ark_os/target/debug/build/native-tls-0adf01d1dfbe285f -L dependency=/workspaces/noa_ark_os/target/debug/deps --cap-lints allow`
     Running `/workspaces/noa_ark_os/target/debug/build/native-tls-0adf01d1dfbe285f/build-script-build`
    Checking chrono v0.4.42
     Running `/home/codespace/.rustup/toolchains/stable-x86_64-unknown-linux-gnu/bin/rustc --crate-name chrono --edition=2021 /home/codespace/.cargo/registry/src/index.crates.io-1949cf8c6b5b557f/chrono-0.4.42/src/lib.rs --error-format=json --json=diagnostic-rendered-ansi,artifacts,future-incompat --crate-type lib --emit=dep-info,metadata -C embed-bitcode=no -C debuginfo=2 --cfg 'feature="alloc"' --cfg 'feature="clock"' --cfg 'feature="default"' --cfg 'feature="iana-time-zone"' --cfg 'feature="js-sys"' --cfg 'feature="now"' --cfg 'feature="oldtime"' --cfg 'feature="serde"' --cfg 'feature="std"' --cfg 'feature="wasm-bindgen"' --cfg 'feature="wasmbind"' --cfg 'feature="winapi"' --cfg 'feature="windows-link"' --check-cfg 'cfg(docsrs,test)' --check-cfg 'cfg(feature, values("__internal_bench", "alloc", "arbitrary", "clock", "core-error", "default", "iana-time-zone", "js-sys", "libc", "now", "oldtime", "pure-rust-locales", "rkyv", "rkyv-16", "rkyv-32", "rkyv-64", "rkyv-validation", "serde", "std", "unstable-locales", "wasm-bindgen", "wasmbind", "winapi", "windows-link"))' -C metadata=6d054305f3d2e22f -C extra-filename=-2dc037d626266df9 --out-dir /workspaces/noa_ark_os/target/debug/deps -L dependency=/workspaces/noa_ark_os/target/debug/deps --extern iana_time_zone=/workspaces/noa_ark_os/target/debug/deps/libiana_time_zone-c17e009f41ce1f60.rmeta --extern num_traits=/workspaces/noa_ark_os/target/debug/deps/libnum_traits-5f0865dca114c997.rmeta --extern serde=/workspaces/noa_ark_os/target/debug/deps/libserde-05763c756793585d.rmeta --cap-lints allow`
     Running `/home/codespace/.rustup/toolchains/stable-x86_64-unknown-linux-gnu/bin/rustc --crate-name openssl --edition=2021 /home/codespace/.cargo/registry/src/index.crates.io-1949cf8c6b5b557f/openssl-0.10.75/src/lib.rs --error-format=json --json=diagnostic-rendered-ansi,artifacts,future-incompat --crate-type lib --emit=dep-info,metadata -C embed-bitcode=no -C debuginfo=2 --cfg 'feature="default"' --check-cfg 'cfg(docsrs,test)' --check-cfg 'cfg(feature, values("aws-lc", "aws-lc-fips", "bindgen", "default", "unstable_boringssl", "v101", "v102", "v110", "v111", "vendored"))' -C metadata=8d9b3624ce8b4c7a -C extra-filename=-b0f815846f6b03b6 --out-dir /workspaces/noa_ark_os/target/debug/deps -L dependency=/workspaces/noa_ark_os/target/debug/deps --extern bitflags=/workspaces/noa_ark_os/target/debug/deps/libbitflags-4c8e4920d3540172.rmeta --extern cfg_if=/workspaces/noa_ark_os/target/debug/deps/libcfg_if-8a61fb9a152698a3.rmeta --extern foreign_types=/workspaces/noa_ark_os/target/debug/deps/libforeign_types-522ecd3ea64e62eb.rmeta --extern libc=/workspaces/noa_ark_os/target/debug/deps/liblibc-3840e63bd17729f1.rmeta --extern once_cell=/workspaces/noa_ark_os/target/debug/deps/libonce_cell-1750827ad4c3fd33.rmeta --extern openssl_macros=/workspaces/noa_ark_os/target/debug/deps/libopenssl_macros-5e4790a6eff7880f.so --extern ffi=/workspaces/noa_ark_os/target/debug/deps/libopenssl_sys-914af24d639a3dbd.rmeta --cap-lints allow --cfg 'osslconf="OPENSSL_NO_IDEA"' --cfg 'osslconf="OPENSSL_NO_SSL3_METHOD"' --cfg ossl101 --cfg ossl102 --cfg ossl110 --cfg ossl110g --cfg ossl110h --cfg ossl111 --cfg ossl111d --cfg ossl300 --check-cfg 'cfg(osslconf, values("OPENSSL_NO_OCB", "OPENSSL_NO_SM4", "OPENSSL_NO_SEED", "OPENSSL_NO_CHACHA", "OPENSSL_NO_CAST", "OPENSSL_NO_IDEA", "OPENSSL_NO_CAMELLIA", "OPENSSL_NO_RC4", "OPENSSL_NO_BF", "OPENSSL_NO_PSK", "OPENSSL_NO_DEPRECATED_3_0", "OPENSSL_NO_SCRYPT", "OPENSSL_NO_SM3", "OPENSSL_NO_RMD160", "OPENSSL_NO_EC2M", "OPENSSL_NO_OCSP", "OPENSSL_NO_SRTP", "OPENSSL_NO_CMS", "OPENSSL_NO_EC", "OPENSSL_NO_ARGON2", "OPENSSL_NO_RC2"))' --check-cfg 'cfg(libressl)' --check-cfg 'cfg(boringssl)' --check-cfg 'cfg(awslc)' --check-cfg 'cfg(awslc_fips)' --check-cfg 'cfg(libressl250)' --check-cfg 'cfg(libressl251)' --check-cfg 'cfg(libressl261)' --check-cfg 'cfg(libressl270)' --check-cfg 'cfg(libressl271)' --check-cfg 'cfg(libressl273)' --check-cfg 'cfg(libressl280)' --check-cfg 'cfg(libressl291)' --check-cfg 'cfg(libressl310)' --check-cfg 'cfg(libressl321)' --check-cfg 'cfg(libressl332)' --check-cfg 'cfg(libressl340)' --check-cfg 'cfg(libressl350)' --check-cfg 'cfg(libressl360)' --check-cfg 'cfg(libressl361)' --check-cfg 'cfg(libressl370)' --check-cfg 'cfg(libressl380)' --check-cfg 'cfg(libressl382)' --check-cfg 'cfg(libressl390)' --check-cfg 'cfg(libressl400)' --check-cfg 'cfg(libressl410)' --check-cfg 'cfg(libressl420)' --check-cfg 'cfg(ossl101)' --check-cfg 'cfg(ossl102)' --check-cfg 'cfg(ossl110)' --check-cfg 'cfg(ossl110g)' --check-cfg 'cfg(ossl110h)' --check-cfg 'cfg(ossl111)' --check-cfg 'cfg(ossl111d)' --check-cfg 'cfg(ossl300)' --check-cfg 'cfg(ossl310)' --check-cfg 'cfg(ossl320)' --check-cfg 'cfg(ossl330)' --check-cfg 'cfg(ossl340)' --check-cfg 'cfg(ossl350)'`
     Running `/workspaces/noa_ark_os/target/debug/build/typenum-09cbf8964b4619c1/build-script-build`
   Compiling prost-derive v0.12.6
     Running `/home/codespace/.rustup/toolchains/stable-x86_64-unknown-linux-gnu/bin/rustc --crate-name prost_derive --edition=2021 /home/codespace/.cargo/registry/src/index.crates.io-1949cf8c6b5b557f/prost-derive-0.12.6/src/lib.rs --error-format=json --json=diagnostic-rendered-ansi,artifacts,future-incompat --crate-type proc-macro --emit=dep-info,link -C prefer-dynamic -C embed-bitcode=no --check-cfg 'cfg(docsrs,test)' --check-cfg 'cfg(feature, values())' -C metadata=cbca26bd261031e1 -C extra-filename=-32301fd4c088d6ba --out-dir /workspaces/noa_ark_os/target/debug/deps -L dependency=/workspaces/noa_ark_os/target/debug/deps --extern anyhow=/workspaces/noa_ark_os/target/debug/deps/libanyhow-a57dde3d7dd366a8.rlib --extern itertools=/workspaces/noa_ark_os/target/debug/deps/libitertools-6496b60500bc3a47.rlib --extern proc_macro2=/workspaces/noa_ark_os/target/debug/deps/libproc_macro2-0d3780dccc1fd28c.rlib --extern quote=/workspaces/noa_ark_os/target/debug/deps/libquote-3ffe4560c0d1aec9.rlib --extern syn=/workspaces/noa_ark_os/target/debug/deps/libsyn-70f96d4c829c7253.rlib --extern proc_macro --cap-lints allow`
    Checking icu_normalizer v2.1.1
     Running `/home/codespace/.rustup/toolchains/stable-x86_64-unknown-linux-gnu/bin/rustc --crate-name icu_normalizer --edition=2021 /home/codespace/.cargo/registry/src/index.crates.io-1949cf8c6b5b557f/icu_normalizer-2.1.1/src/lib.rs --error-format=json --json=diagnostic-rendered-ansi,artifacts,future-incompat --crate-type lib --emit=dep-info,metadata -C embed-bitcode=no -C debuginfo=2 --warn=unexpected_cfgs --check-cfg 'cfg(icu4x_unstable_fast_trie_only)' --cfg 'feature="compiled_data"' --check-cfg 'cfg(docsrs,test)' --check-cfg 'cfg(feature, values("compiled_data", "datagen", "default", "experimental", "icu_properties", "serde", "utf16_iter", "utf8_iter", "write16"))' -C metadata=19ee425454b991b0 -C extra-filename=-1d3a578bae22fad0 --out-dir /workspaces/noa_ark_os/target/debug/deps -L dependency=/workspaces/noa_ark_os/target/debug/deps --extern icu_collections=/workspaces/noa_ark_os/target/debug/deps/libicu_collections-f963e41bc4620192.rmeta --extern icu_normalizer_data=/workspaces/noa_ark_os/target/debug/deps/libicu_normalizer_data-cf43af960fe7eff9.rmeta --extern icu_provider=/workspaces/noa_ark_os/target/debug/deps/libicu_provider-ead95ae6fe4d864e.rmeta --extern smallvec=/workspaces/noa_ark_os/target/debug/deps/libsmallvec-346c429c14fab3be.rmeta --extern zerovec=/workspaces/noa_ark_os/target/debug/deps/libzerovec-3e97cbaeb54c1491.rmeta --cap-lints allow`
    Checking icu_properties v2.1.1
     Running `/home/codespace/.rustup/toolchains/stable-x86_64-unknown-linux-gnu/bin/rustc --crate-name icu_properties --edition=2021 /home/codespace/.cargo/registry/src/index.crates.io-1949cf8c6b5b557f/icu_properties-2.1.1/src/lib.rs --error-format=json --json=diagnostic-rendered-ansi,artifacts,future-incompat --crate-type lib --emit=dep-info,metadata -C embed-bitcode=no -C debuginfo=2 --cfg 'feature="compiled_data"' --check-cfg 'cfg(docsrs,test)' --check-cfg 'cfg(feature, values("alloc", "compiled_data", "datagen", "default", "serde", "unicode_bidi"))' -C metadata=fe98014e299fa5eb -C extra-filename=-ab61c5ccdb6be27f --out-dir /workspaces/noa_ark_os/target/debug/deps -L dependency=/workspaces/noa_ark_os/target/debug/deps --extern icu_collections=/workspaces/noa_ark_os/target/debug/deps/libicu_collections-f963e41bc4620192.rmeta --extern icu_locale_core=/workspaces/noa_ark_os/target/debug/deps/libicu_locale_core-1b476e5321c8311f.rmeta --extern icu_properties_data=/workspaces/noa_ark_os/target/debug/deps/libicu_properties_data-a32de7432cc755ab.rmeta --extern icu_provider=/workspaces/noa_ark_os/target/debug/deps/libicu_provider-ead95ae6fe4d864e.rmeta --extern zerotrie=/workspaces/noa_ark_os/target/debug/deps/libzerotrie-6b4512699152afc5.rmeta --extern zerovec=/workspaces/noa_ark_os/target/debug/deps/libzerovec-3e97cbaeb54c1491.rmeta --cap-lints allow`
     Running `/home/codespace/.rustup/toolchains/stable-x86_64-unknown-linux-gnu/bin/rustc --crate-name zerocopy --edition=2021 /home/codespace/.cargo/registry/src/index.crates.io-1949cf8c6b5b557f/zerocopy-0.8.27/src/lib.rs --error-format=json --json=diagnostic-rendered-ansi,artifacts,future-incompat --crate-type lib --emit=dep-info,metadata -C embed-bitcode=no -C debuginfo=2 --cfg 'feature="simd"' --check-cfg 'cfg(docsrs,test)' --check-cfg 'cfg(feature, values("__internal_use_only_features_that_work_on_stable", "alloc", "derive", "float-nightly", "simd", "simd-nightly", "std", "zerocopy-derive"))' -C metadata=cd4f1a497582ead7 -C extra-filename=-39ed5126290e2b05 --out-dir /workspaces/noa_ark_os/target/debug/deps -L dependency=/workspaces/noa_ark_os/target/debug/deps --cap-lints allow --cfg zerocopy_core_error_1_81_0 --cfg zerocopy_diagnostic_on_unimplemented_1_78_0 --cfg zerocopy_generic_bounds_in_const_fn_1_61_0 --cfg zerocopy_target_has_atomics_1_60_0 --cfg zerocopy_aarch64_simd_1_59_0 --cfg zerocopy_panic_in_const_and_vec_try_reserve_1_57_0 --check-cfg 'cfg(zerocopy_core_error_1_81_0)' --check-cfg 'cfg(rust, values("1.81.0"))' --check-cfg 'cfg(zerocopy_diagnostic_on_unimplemented_1_78_0)' --check-cfg 'cfg(rust, values("1.78.0"))' --check-cfg 'cfg(zerocopy_generic_bounds_in_const_fn_1_61_0)' --check-cfg 'cfg(rust, values("1.61.0"))' --check-cfg 'cfg(zerocopy_target_has_atomics_1_60_0)' --check-cfg 'cfg(rust, values("1.60.0"))' --check-cfg 'cfg(zerocopy_aarch64_simd_1_59_0)' --check-cfg 'cfg(rust, values("1.59.0"))' --check-cfg 'cfg(zerocopy_panic_in_const_and_vec_try_reserve_1_57_0)' --check-cfg 'cfg(rust, values("1.57.0"))' --check-cfg 'cfg(doc_cfg)' --check-cfg 'cfg(kani)' --check-cfg 'cfg(__ZEROCOPY_INTERNAL_USE_ONLY_NIGHTLY_FEATURES_IN_TESTS)' --check-cfg 'cfg(coverage_nightly)'`
     Running `/home/codespace/.rustup/toolchains/stable-x86_64-unknown-linux-gnu/bin/rustc --crate-name rustversion --edition=2018 /home/codespace/.cargo/registry/src/index.crates.io-1949cf8c6b5b557f/rustversion-1.0.22/src/lib.rs --error-format=json --json=diagnostic-rendered-ansi,artifacts,future-incompat --crate-type proc-macro --emit=dep-info,link -C prefer-dynamic -C embed-bitcode=no --check-cfg 'cfg(docsrs,test)' --check-cfg 'cfg(feature, values())' -C metadata=25d7c59184a7e3e7 -C extra-filename=-95f8a228ca79623d --out-dir /workspaces/noa_ark_os/target/debug/deps -L dependency=/workspaces/noa_ark_os/target/debug/deps --extern proc_macro --cap-lints allow --check-cfg 'cfg(cfg_macro_not_allowed)' --check-cfg 'cfg(host_os, values("windows"))'`
    Checking form_urlencoded v1.2.2
     Running `/home/codespace/.rustup/toolchains/stable-x86_64-unknown-linux-gnu/bin/rustc --crate-name form_urlencoded --edition=2018 /home/codespace/.cargo/registry/src/index.crates.io-1949cf8c6b5b557f/form_urlencoded-1.2.2/src/lib.rs --error-format=json --json=diagnostic-rendered-ansi,artifacts,future-incompat --crate-type lib --emit=dep-info,metadata -C embed-bitcode=no -C debuginfo=2 --cfg 'feature="alloc"' --cfg 'feature="default"' --cfg 'feature="std"' --check-cfg 'cfg(docsrs,test)' --check-cfg 'cfg(feature, values("alloc", "default", "std"))' -C metadata=6434ac5102b02f0e -C extra-filename=-d8b5702e2db3ecee --out-dir /workspaces/noa_ark_os/target/debug/deps -L dependency=/workspaces/noa_ark_os/target/debug/deps --extern percent_encoding=/workspaces/noa_ark_os/target/debug/deps/libpercent_encoding-bbbfb72321920f01.rmeta --cap-lints allow`
   Compiling generic-array v0.14.7
     Running `/home/codespace/.rustup/toolchains/stable-x86_64-unknown-linux-gnu/bin/rustc --crate-name build_script_build --edition=2015 /home/codespace/.cargo/registry/src/index.crates.io-1949cf8c6b5b557f/generic-array-0.14.7/build.rs --error-format=json --json=diagnostic-rendered-ansi,artifacts,future-incompat --crate-type bin --emit=dep-info,link -C embed-bitcode=no --cfg 'feature="more_lengths"' --check-cfg 'cfg(docsrs,test)' --check-cfg 'cfg(feature, values("more_lengths", "serde", "zeroize"))' -C metadata=9ef3b2a571583f8a -C extra-filename=-59704c25d6ce6f98 --out-dir /workspaces/noa_ark_os/target/debug/build/generic-array-59704c25d6ce6f98 -L dependency=/workspaces/noa_ark_os/target/debug/deps --extern version_check=/workspaces/noa_ark_os/target/debug/deps/libversion_check-e0b3f48f4676ed83.rlib --cap-lints allow`
    Checking http v1.3.1
     Running `/home/codespace/.rustup/toolchains/stable-x86_64-unknown-linux-gnu/bin/rustc --crate-name http --edition=2018 /home/codespace/.cargo/registry/src/index.crates.io-1949cf8c6b5b557f/http-1.3.1/src/lib.rs --error-format=json --json=diagnostic-rendered-ansi,artifacts,future-incompat --crate-type lib --emit=dep-info,metadata -C embed-bitcode=no -C debuginfo=2 --cfg 'feature="default"' --cfg 'feature="std"' --check-cfg 'cfg(docsrs,test)' --check-cfg 'cfg(feature, values("default", "std"))' -C metadata=294b8a721375640b -C extra-filename=-28d20393bee645c8 --out-dir /workspaces/noa_ark_os/target/debug/deps -L dependency=/workspaces/noa_ark_os/target/debug/deps --extern bytes=/workspaces/noa_ark_os/target/debug/deps/libbytes-770a4d47e567a9d3.rmeta --extern fnv=/workspaces/noa_ark_os/target/debug/deps/libfnv-fb5c1aa124147496.rmeta --extern itoa=/workspaces/noa_ark_os/target/debug/deps/libitoa-5464c517accf7a26.rmeta --cap-lints allow`
    Checking getrandom v0.2.16
     Running `/home/codespace/.rustup/toolchains/stable-x86_64-unknown-linux-gnu/bin/rustc --crate-name getrandom --edition=2018 /home/codespace/.cargo/registry/src/index.crates.io-1949cf8c6b5b557f/getrandom-0.2.16/src/lib.rs --error-format=json --json=diagnostic-rendered-ansi,artifacts,future-incompat --crate-type lib --emit=dep-info,metadata -C embed-bitcode=no -C debuginfo=2 --cfg 'feature="std"' --check-cfg 'cfg(docsrs,test)' --check-cfg 'cfg(feature, values("compiler_builtins", "core", "custom", "js", "js-sys", "linux_disable_fallback", "rdrand", "rustc-dep-of-std", "std", "test-in-browser", "wasm-bindgen"))' -C metadata=3dbf7d27c75210d3 -C extra-filename=-b3cb571919ab3571 --out-dir /workspaces/noa_ark_os/target/debug/deps -L dependency=/workspaces/noa_ark_os/target/debug/deps --extern cfg_if=/workspaces/noa_ark_os/target/debug/deps/libcfg_if-8a61fb9a152698a3.rmeta --extern libc=/workspaces/noa_ark_os/target/debug/deps/liblibc-3840e63bd17729f1.rmeta --cap-lints allow`
   Compiling heck v0.5.0
     Running `/home/codespace/.rustup/toolchains/stable-x86_64-unknown-linux-gnu/bin/rustc --crate-name heck --edition=2021 /home/codespace/.cargo/registry/src/index.crates.io-1949cf8c6b5b557f/heck-0.5.0/src/lib.rs --error-format=json --json=diagnostic-rendered-ansi,artifacts,future-incompat --crate-type lib --emit=dep-info,metadata,link -C embed-bitcode=no --check-cfg 'cfg(docsrs,test)' --check-cfg 'cfg(feature, values())' -C metadata=cc79e21557d81e4d -C extra-filename=-f38127f984e7105d --out-dir /workspaces/noa_ark_os/target/debug/deps -L dependency=/workspaces/noa_ark_os/target/debug/deps --cap-lints allow`
    Checking openssl-probe v0.1.6
     Running `/home/codespace/.rustup/toolchains/stable-x86_64-unknown-linux-gnu/bin/rustc --crate-name openssl_probe --edition=2021 /home/codespace/.cargo/registry/src/index.crates.io-1949cf8c6b5b557f/openssl-probe-0.1.6/src/lib.rs --error-format=json --json=diagnostic-rendered-ansi,artifacts,future-incompat --crate-type lib --emit=dep-info,metadata -C embed-bitcode=no -C debuginfo=2 --check-cfg 'cfg(docsrs,test)' --check-cfg 'cfg(feature, values())' -C metadata=16d04e506a240ff1 -C extra-filename=-a31a32ac8e5a41d4 --out-dir /workspaces/noa_ark_os/target/debug/deps -L dependency=/workspaces/noa_ark_os/target/debug/deps --cap-lints allow`
    Checking rand_core v0.6.4
     Running `/home/codespace/.rustup/toolchains/stable-x86_64-unknown-linux-gnu/bin/rustc --crate-name rand_core --edition=2018 /home/codespace/.cargo/registry/src/index.crates.io-1949cf8c6b5b557f/rand_core-0.6.4/src/lib.rs --error-format=json --json=diagnostic-rendered-ansi,artifacts,future-incompat --crate-type lib --emit=dep-info,metadata -C embed-bitcode=no -C debuginfo=2 --cfg 'feature="alloc"' --cfg 'feature="getrandom"' --cfg 'feature="std"' --check-cfg 'cfg(docsrs,test)' --check-cfg 'cfg(feature, values("alloc", "getrandom", "serde", "serde1", "std"))' -C metadata=ae232a0c3b8e29d3 -C extra-filename=-82788858569a502b --out-dir /workspaces/noa_ark_os/target/debug/deps -L dependency=/workspaces/noa_ark_os/target/debug/deps --extern getrandom=/workspaces/noa_ark_os/target/debug/deps/libgetrandom-b3cb571919ab3571.rmeta --cap-lints allow`
     Running `/home/codespace/.rustup/toolchains/stable-x86_64-unknown-linux-gnu/bin/rustc --crate-name native_tls --edition=2015 /home/codespace/.cargo/registry/src/index.crates.io-1949cf8c6b5b557f/native-tls-0.2.14/src/lib.rs --error-format=json --json=diagnostic-rendered-ansi,artifacts,future-incompat --crate-type lib --emit=dep-info,metadata -C embed-bitcode=no -C debuginfo=2 --check-cfg 'cfg(docsrs,test)' --check-cfg 'cfg(feature, values("alpn", "vendored"))' -C metadata=f1db0a29902ef467 -C extra-filename=-63e92f8c7608988c --out-dir /workspaces/noa_ark_os/target/debug/deps -L dependency=/workspaces/noa_ark_os/target/debug/deps --extern log=/workspaces/noa_ark_os/target/debug/deps/liblog-ca95c85a3b6980cc.rmeta --extern openssl=/workspaces/noa_ark_os/target/debug/deps/libopenssl-b0f815846f6b03b6.rmeta --extern openssl_probe=/workspaces/noa_ark_os/target/debug/deps/libopenssl_probe-a31a32ac8e5a41d4.rmeta --extern openssl_sys=/workspaces/noa_ark_os/target/debug/deps/libopenssl_sys-914af24d639a3dbd.rmeta --cap-lints allow --cfg have_min_max_version --check-cfg 'cfg(have_min_max_version)'`
    Checking ppv-lite86 v0.2.21
     Running `/home/codespace/.rustup/toolchains/stable-x86_64-unknown-linux-gnu/bin/rustc --crate-name ppv_lite86 --edition=2021 /home/codespace/.cargo/registry/src/index.crates.io-1949cf8c6b5b557f/ppv-lite86-0.2.21/src/lib.rs --error-format=json --json=diagnostic-rendered-ansi,artifacts,future-incompat --crate-type lib --emit=dep-info,metadata -C embed-bitcode=no -C debuginfo=2 --cfg 'feature="simd"' --cfg 'feature="std"' --check-cfg 'cfg(docsrs,test)' --check-cfg 'cfg(feature, values("default", "no_simd", "simd", "std"))' -C metadata=396c92da93893775 -C extra-filename=-0fa007e095c62f34 --out-dir /workspaces/noa_ark_os/target/debug/deps -L dependency=/workspaces/noa_ark_os/target/debug/deps --extern zerocopy=/workspaces/noa_ark_os/target/debug/deps/libzerocopy-39ed5126290e2b05.rmeta --cap-lints allow`
     Running `/workspaces/noa_ark_os/target/debug/build/generic-array-59704c25d6ce6f98/build-script-build`
    Checking idna_adapter v1.2.1
     Running `/home/codespace/.rustup/toolchains/stable-x86_64-unknown-linux-gnu/bin/rustc --crate-name idna_adapter --edition=2021 /home/codespace/.cargo/registry/src/index.crates.io-1949cf8c6b5b557f/idna_adapter-1.2.1/src/lib.rs --error-format=json --json=diagnostic-rendered-ansi,artifacts,future-incompat --crate-type lib --emit=dep-info,metadata -C embed-bitcode=no -C debuginfo=2 --cfg 'feature="compiled_data"' --check-cfg 'cfg(docsrs,test)' --check-cfg 'cfg(feature, values("compiled_data"))' -C metadata=de086a6749c481ae -C extra-filename=-d1863a1ec0a8def8 --out-dir /workspaces/noa_ark_os/target/debug/deps -L dependency=/workspaces/noa_ark_os/target/debug/deps --extern icu_normalizer=/workspaces/noa_ark_os/target/debug/deps/libicu_normalizer-1d3a578bae22fad0.rmeta --extern icu_properties=/workspaces/noa_ark_os/target/debug/deps/libicu_properties-ab61c5ccdb6be27f.rmeta --cap-lints allow`
     Running `/home/codespace/.rustup/toolchains/stable-x86_64-unknown-linux-gnu/bin/rustc --crate-name typenum --edition=2018 /home/codespace/.cargo/registry/src/index.crates.io-1949cf8c6b5b557f/typenum-1.19.0/src/lib.rs --error-format=json --json=diagnostic-rendered-ansi,artifacts,future-incompat --crate-type lib --emit=dep-info,metadata -C embed-bitcode=no -C debuginfo=2 --check-cfg 'cfg(docsrs,test)' --check-cfg 'cfg(feature, values("const-generics", "force_unix_path_separator", "i128", "no_std", "scale-info", "scale_info", "strict"))' -C metadata=1841de97666ef4ad -C extra-filename=-80d6d1d31a6c30dc --out-dir /workspaces/noa_ark_os/target/debug/deps -L dependency=/workspaces/noa_ark_os/target/debug/deps --cap-lints allow`
    Checking encoding_rs v0.8.35
     Running `/home/codespace/.rustup/toolchains/stable-x86_64-unknown-linux-gnu/bin/rustc --crate-name encoding_rs --edition=2018 /home/codespace/.cargo/registry/src/index.crates.io-1949cf8c6b5b557f/encoding_rs-0.8.35/src/lib.rs --error-format=json --json=diagnostic-rendered-ansi,artifacts,future-incompat --crate-type lib --emit=dep-info,metadata -C embed-bitcode=no -C debuginfo=2 --cfg 'feature="alloc"' --cfg 'feature="default"' --check-cfg 'cfg(docsrs,test)' --check-cfg 'cfg(feature, values("alloc", "any_all_workaround", "default", "fast-big5-hanzi-encode", "fast-gb-hanzi-encode", "fast-hangul-encode", "fast-hanja-encode", "fast-kanji-encode", "fast-legacy-encode", "less-slow-big5-hanzi-encode", "less-slow-gb-hanzi-encode", "less-slow-kanji-encode", "serde", "simd-accel"))' -C metadata=0f38ae315f607515 -C extra-filename=-1cb33110548db8c0 --out-dir /workspaces/noa_ark_os/target/debug/deps -L dependency=/workspaces/noa_ark_os/target/debug/deps --extern cfg_if=/workspaces/noa_ark_os/target/debug/deps/libcfg_if-8a61fb9a152698a3.rmeta --cap-lints allow`
    Checking utf8_iter v1.0.4
     Running `/home/codespace/.rustup/toolchains/stable-x86_64-unknown-linux-gnu/bin/rustc --crate-name utf8_iter --edition=2021 /home/codespace/.cargo/registry/src/index.crates.io-1949cf8c6b5b557f/utf8_iter-1.0.4/src/lib.rs --error-format=json --json=diagnostic-rendered-ansi,artifacts,future-incompat --crate-type lib --emit=dep-info,metadata -C embed-bitcode=no -C debuginfo=2 --check-cfg 'cfg(docsrs,test)' --check-cfg 'cfg(feature, values())' -C metadata=dc48d3b95d4b756b -C extra-filename=-a8f1417e6c622898 --out-dir /workspaces/noa_ark_os/target/debug/deps -L dependency=/workspaces/noa_ark_os/target/debug/deps --cap-lints allow`
    Checking sync_wrapper v0.1.2
     Running `/home/codespace/.rustup/toolchains/stable-x86_64-unknown-linux-gnu/bin/rustc --crate-name sync_wrapper --edition=2018 /home/codespace/.cargo/registry/src/index.crates.io-1949cf8c6b5b557f/sync_wrapper-0.1.2/src/lib.rs --error-format=json --json=diagnostic-rendered-ansi,artifacts,future-incompat --crate-type lib --emit=dep-info,metadata -C embed-bitcode=no -C debuginfo=2 --check-cfg 'cfg(docsrs,test)' --check-cfg 'cfg(feature, values("futures", "futures-core"))' -C metadata=3d72c05ac10e45c9 -C extra-filename=-c35d79362985de2e --out-dir /workspaces/noa_ark_os/target/debug/deps -L dependency=/workspaces/noa_ark_os/target/debug/deps --cap-lints allow`
     Running `/home/codespace/.rustup/toolchains/stable-x86_64-unknown-linux-gnu/bin/rustc --crate-name build_script_build --edition=2021 /home/codespace/.cargo/registry/src/index.crates.io-1949cf8c6b5b557f/libc-0.2.177/build.rs --error-format=json --json=diagnostic-rendered-ansi,artifacts,future-incompat --crate-type bin --emit=dep-info,link -C embed-bitcode=no '--allow=clippy::used_underscore_binding' --allow=unused_qualifications '--warn=clippy::unnecessary_semicolon' '--allow=clippy::unnecessary_cast' '--allow=clippy::uninlined_format_args' '--warn=clippy::ptr_as_ptr' '--allow=clippy::non_minimal_cfg' '--allow=clippy::missing_safety_doc' '--warn=clippy::map_unwrap_or' '--warn=clippy::manual_assert' '--allow=clippy::identity_op' '--warn=clippy::explicit_iter_loop' '--allow=clippy::expl_impl_clone_on_copy' --check-cfg 'cfg(docsrs,test)' --check-cfg 'cfg(feature, values("align", "const-extern-fn", "default", "extra_traits", "rustc-dep-of-std", "rustc-std-workspace-core", "std", "use_std"))' -C metadata=4dbb8d803e369844 -C extra-filename=-cdb0c0b0dba4f052 --out-dir /workspaces/noa_ark_os/target/debug/build/libc-cdb0c0b0dba4f052 -L dependency=/workspaces/noa_ark_os/target/debug/deps --cap-lints allow`
     Running `/workspaces/noa_ark_os/target/debug/build/libc-cdb0c0b0dba4f052/build-script-build`
    Checking idna v1.1.0
     Running `/home/codespace/.rustup/toolchains/stable-x86_64-unknown-linux-gnu/bin/rustc --crate-name idna --edition=2018 /home/codespace/.cargo/registry/src/index.crates.io-1949cf8c6b5b557f/idna-1.1.0/src/lib.rs --error-format=json --json=diagnostic-rendered-ansi,artifacts,future-incompat --crate-type lib --emit=dep-info,metadata -C embed-bitcode=no -C debuginfo=2 --cfg 'feature="alloc"' --cfg 'feature="compiled_data"' --cfg 'feature="std"' --check-cfg 'cfg(docsrs,test)' --check-cfg 'cfg(feature, values("alloc", "compiled_data", "default", "std"))' -C metadata=0a47d59b66b4c8a4 -C extra-filename=-e64a140256fbdd3b --out-dir /workspaces/noa_ark_os/target/debug/deps -L dependency=/workspaces/noa_ark_os/target/debug/deps --extern idna_adapter=/workspaces/noa_ark_os/target/debug/deps/libidna_adapter-d1863a1ec0a8def8.rmeta --extern smallvec=/workspaces/noa_ark_os/target/debug/deps/libsmallvec-346c429c14fab3be.rmeta --extern utf8_iter=/workspaces/noa_ark_os/target/debug/deps/libutf8_iter-a8f1417e6c622898.rmeta --cap-lints allow`
     Running `/home/codespace/.rustup/toolchains/stable-x86_64-unknown-linux-gnu/bin/rustc --crate-name generic_array --edition=2015 /home/codespace/.cargo/registry/src/index.crates.io-1949cf8c6b5b557f/generic-array-0.14.7/src/lib.rs --error-format=json --json=diagnostic-rendered-ansi,artifacts,future-incompat --crate-type lib --emit=dep-info,metadata -C embed-bitcode=no -C debuginfo=2 --cfg 'feature="more_lengths"' --check-cfg 'cfg(docsrs,test)' --check-cfg 'cfg(feature, values("more_lengths", "serde", "zeroize"))' -C metadata=2f725f18bbcb5b37 -C extra-filename=-b163c4cffa88cb48 --out-dir /workspaces/noa_ark_os/target/debug/deps -L dependency=/workspaces/noa_ark_os/target/debug/deps --extern typenum=/workspaces/noa_ark_os/target/debug/deps/libtypenum-80d6d1d31a6c30dc.rmeta --cap-lints allow --cfg relaxed_coherence`
    Checking rand_chacha v0.3.1
     Running `/home/codespace/.rustup/toolchains/stable-x86_64-unknown-linux-gnu/bin/rustc --crate-name rand_chacha --edition=2018 /home/codespace/.cargo/registry/src/index.crates.io-1949cf8c6b5b557f/rand_chacha-0.3.1/src/lib.rs --error-format=json --json=diagnostic-rendered-ansi,artifacts,future-incompat --crate-type lib --emit=dep-info,metadata -C embed-bitcode=no -C debuginfo=2 --cfg 'feature="std"' --check-cfg 'cfg(docsrs,test)' --check-cfg 'cfg(feature, values("default", "serde", "serde1", "simd", "std"))' -C metadata=68de8e71e474e758 -C extra-filename=-9ffc9c31a23cc211 --out-dir /workspaces/noa_ark_os/target/debug/deps -L dependency=/workspaces/noa_ark_os/target/debug/deps --extern ppv_lite86=/workspaces/noa_ark_os/target/debug/deps/libppv_lite86-0fa007e095c62f34.rmeta --extern rand_core=/workspaces/noa_ark_os/target/debug/deps/librand_core-82788858569a502b.rmeta --cap-lints allow`
    Checking tokio-native-tls v0.3.1
     Running `/home/codespace/.rustup/toolchains/stable-x86_64-unknown-linux-gnu/bin/rustc --crate-name tokio_native_tls --edition=2018 /home/codespace/.cargo/registry/src/index.crates.io-1949cf8c6b5b557f/tokio-native-tls-0.3.1/src/lib.rs --error-format=json --json=diagnostic-rendered-ansi,artifacts,future-incompat --crate-type lib --emit=dep-info,metadata -C embed-bitcode=no -C debuginfo=2 --check-cfg 'cfg(docsrs,test)' --check-cfg 'cfg(feature, values("vendored"))' -C metadata=cfae6f4da6bc34d6 -C extra-filename=-18b84360150263ce --out-dir /workspaces/noa_ark_os/target/debug/deps -L dependency=/workspaces/noa_ark_os/target/debug/deps --extern native_tls=/workspaces/noa_ark_os/target/debug/deps/libnative_tls-63e92f8c7608988c.rmeta --extern tokio=/workspaces/noa_ark_os/target/debug/deps/libtokio-a79c50a8f766ff76.rmeta --cap-lints allow`
    Checking serde_urlencoded v0.7.1
     Running `/home/codespace/.rustup/toolchains/stable-x86_64-unknown-linux-gnu/bin/rustc --crate-name serde_urlencoded --edition=2018 /home/codespace/.cargo/registry/src/index.crates.io-1949cf8c6b5b557f/serde_urlencoded-0.7.1/src/lib.rs --error-format=json --json=diagnostic-rendered-ansi,artifacts,future-incompat --crate-type lib --emit=dep-info,metadata -C embed-bitcode=no -C debuginfo=2 --check-cfg 'cfg(docsrs,test)' --check-cfg 'cfg(feature, values())' -C metadata=422666fe4c43c229 -C extra-filename=-87c3491033f3e46a --out-dir /workspaces/noa_ark_os/target/debug/deps -L dependency=/workspaces/noa_ark_os/target/debug/deps --extern form_urlencoded=/workspaces/noa_ark_os/target/debug/deps/libform_urlencoded-d8b5702e2db3ecee.rmeta --extern itoa=/workspaces/noa_ark_os/target/debug/deps/libitoa-5464c517accf7a26.rmeta --extern ryu=/workspaces/noa_ark_os/target/debug/deps/libryu-09b181dadcf8bb5c.rmeta --extern serde=/workspaces/noa_ark_os/target/debug/deps/libserde-05763c756793585d.rmeta --cap-lints allow`
     Running `/home/codespace/.rustup/toolchains/stable-x86_64-unknown-linux-gnu/bin/rustc --crate-name fnv --edition=2015 /home/codespace/.cargo/registry/src/index.crates.io-1949cf8c6b5b557f/fnv-1.0.7/lib.rs --error-format=json --json=diagnostic-rendered-ansi,artifacts,future-incompat --crate-type lib --emit=dep-info,metadata,link -C embed-bitcode=no --cfg 'feature="default"' --cfg 'feature="std"' --check-cfg 'cfg(docsrs,test)' --check-cfg 'cfg(feature, values("default", "std"))' -C metadata=ff03ac2dbac4c78d -C extra-filename=-bbe63fa1160b9582 --out-dir /workspaces/noa_ark_os/target/debug/deps -L dependency=/workspaces/noa_ark_os/target/debug/deps --cap-lints allow`
   Compiling ident_case v1.0.1
     Running `/home/codespace/.rustup/toolchains/stable-x86_64-unknown-linux-gnu/bin/rustc --crate-name ident_case --edition=2015 /home/codespace/.cargo/registry/src/index.crates.io-1949cf8c6b5b557f/ident_case-1.0.1/src/lib.rs --error-format=json --json=diagnostic-rendered-ansi,artifacts,future-incompat --crate-type lib --emit=dep-info,metadata,link -C embed-bitcode=no --check-cfg 'cfg(docsrs,test)' --check-cfg 'cfg(feature, values())' -C metadata=94e1281c9aeb737a -C extra-filename=-e9b355a957f6c06c --out-dir /workspaces/noa_ark_os/target/debug/deps -L dependency=/workspaces/noa_ark_os/target/debug/deps --cap-lints allow`
    Checking regex-syntax v0.8.8
     Running `/home/codespace/.rustup/toolchains/stable-x86_64-unknown-linux-gnu/bin/rustc --crate-name regex_syntax --edition=2021 /home/codespace/.cargo/registry/src/index.crates.io-1949cf8c6b5b557f/regex-syntax-0.8.8/src/lib.rs --error-format=json --json=diagnostic-rendered-ansi,artifacts,future-incompat --crate-type lib --emit=dep-info,metadata -C embed-bitcode=no -C debuginfo=2 --allow=unexpected_cfgs --check-cfg 'cfg(docsrs_regex)' --cfg 'feature="std"' --check-cfg 'cfg(docsrs,test)' --check-cfg 'cfg(feature, values("arbitrary", "default", "std", "unicode", "unicode-age", "unicode-bool", "unicode-case", "unicode-gencat", "unicode-perl", "unicode-script", "unicode-segment"))' -C metadata=5fdf63a813a9b073 -C extra-filename=-f5c0df7bd228ab31 --out-dir /workspaces/noa_ark_os/target/debug/deps -L dependency=/workspaces/noa_ark_os/target/debug/deps --cap-lints allow`
    Checking tower-layer v0.3.3
     Running `/home/codespace/.rustup/toolchains/stable-x86_64-unknown-linux-gnu/bin/rustc --crate-name tower_layer --edition=2018 /home/codespace/.cargo/registry/src/index.crates.io-1949cf8c6b5b557f/tower-layer-0.3.3/src/lib.rs --error-format=json --json=diagnostic-rendered-ansi,artifacts,future-incompat --crate-type lib --emit=dep-info,metadata -C embed-bitcode=no -C debuginfo=2 --check-cfg 'cfg(docsrs,test)' --check-cfg 'cfg(feature, values())' -C metadata=b7f9b239d68ba87a -C extra-filename=-1f67ada81806e123 --out-dir /workspaces/noa_ark_os/target/debug/deps -L dependency=/workspaces/noa_ark_os/target/debug/deps --cap-lints allow`
    Checking utf8parse v0.2.2
     Running `/home/codespace/.rustup/toolchains/stable-x86_64-unknown-linux-gnu/bin/rustc --crate-name utf8parse --edition=2018 /home/codespace/.cargo/registry/src/index.crates.io-1949cf8c6b5b557f/utf8parse-0.2.2/src/lib.rs --error-format=json --json=diagnostic-rendered-ansi,artifacts,future-incompat --crate-type lib --emit=dep-info,metadata -C embed-bitcode=no -C debuginfo=2 --cfg 'feature="default"' --check-cfg 'cfg(docsrs,test)' --check-cfg 'cfg(feature, values("default", "nightly"))' -C metadata=2428867bf24e49f2 -C extra-filename=-893f72810b6e0eac --out-dir /workspaces/noa_ark_os/target/debug/deps -L dependency=/workspaces/noa_ark_os/target/debug/deps --cap-lints allow`
   Compiling strsim v0.11.1
     Running `/home/codespace/.rustup/toolchains/stable-x86_64-unknown-linux-gnu/bin/rustc --crate-name strsim --edition=2015 /home/codespace/.cargo/registry/src/index.crates.io-1949cf8c6b5b557f/strsim-0.11.1/src/lib.rs --error-format=json --json=diagnostic-rendered-ansi,artifacts,future-incompat --crate-type lib --emit=dep-info,metadata,link -C embed-bitcode=no --check-cfg 'cfg(docsrs,test)' --check-cfg 'cfg(feature, values())' -C metadata=82237c7a920e81ad -C extra-filename=-6b119f2cfd9d0c47 --out-dir /workspaces/noa_ark_os/target/debug/deps -L dependency=/workspaces/noa_ark_os/target/debug/deps --cap-lints allow`
   Compiling darling_core v0.21.3
     Running `/home/codespace/.rustup/toolchains/stable-x86_64-unknown-linux-gnu/bin/rustc --crate-name darling_core --edition=2021 /home/codespace/.cargo/registry/src/index.crates.io-1949cf8c6b5b557f/darling_core-0.21.3/src/lib.rs --error-format=json --json=diagnostic-rendered-ansi,artifacts,future-incompat --crate-type lib --emit=dep-info,metadata,link -C embed-bitcode=no --cfg 'feature="strsim"' --cfg 'feature="suggestions"' --check-cfg 'cfg(docsrs,test)' --check-cfg 'cfg(feature, values("diagnostics", "serde", "strsim", "suggestions"))' -C metadata=8c39738fa59a9e27 -C extra-filename=-a23ea64c7bb49fab --out-dir /workspaces/noa_ark_os/target/debug/deps -L dependency=/workspaces/noa_ark_os/target/debug/deps --extern fnv=/workspaces/noa_ark_os/target/debug/deps/libfnv-bbe63fa1160b9582.rmeta --extern ident_case=/workspaces/noa_ark_os/target/debug/deps/libident_case-e9b355a957f6c06c.rmeta --extern proc_macro2=/workspaces/noa_ark_os/target/debug/deps/libproc_macro2-0d3780dccc1fd28c.rmeta --extern quote=/workspaces/noa_ark_os/target/debug/deps/libquote-3ffe4560c0d1aec9.rmeta --extern strsim=/workspaces/noa_ark_os/target/debug/deps/libstrsim-6b119f2cfd9d0c47.rmeta --extern syn=/workspaces/noa_ark_os/target/debug/deps/libsyn-70f96d4c829c7253.rmeta --cap-lints allow`
    Checking regex-automata v0.4.13
     Running `/home/codespace/.rustup/toolchains/stable-x86_64-unknown-linux-gnu/bin/rustc --crate-name regex_automata --edition=2021 /home/codespace/.cargo/registry/src/index.crates.io-1949cf8c6b5b557f/regex-automata-0.4.13/src/lib.rs --error-format=json --json=diagnostic-rendered-ansi,artifacts,future-incompat --crate-type lib --emit=dep-info,metadata -C embed-bitcode=no -C debuginfo=2 --allow=unexpected_cfgs --check-cfg 'cfg(docsrs_regex)' --cfg 'feature="alloc"' --cfg 'feature="dfa-build"' --cfg 'feature="dfa-search"' --cfg 'feature="nfa-thompson"' --cfg 'feature="std"' --cfg 'feature="syntax"' --check-cfg 'cfg(docsrs,test)' --check-cfg 'cfg(feature, values("alloc", "default", "dfa", "dfa-build", "dfa-onepass", "dfa-search", "hybrid", "internal-instrument", "internal-instrument-pikevm", "logging", "meta", "nfa", "nfa-backtrack", "nfa-pikevm", "nfa-thompson", "perf", "perf-inline", "perf-literal", "perf-literal-multisubstring", "perf-literal-substring", "std", "syntax", "unicode", "unicode-age", "unicode-bool", "unicode-case", "unicode-gencat", "unicode-perl", "unicode-script", "unicode-segment", "unicode-word-boundary"))' -C metadata=6b1eee457c540cb6 -C extra-filename=-bea71732c063c31a --out-dir /workspaces/noa_ark_os/target/debug/deps -L dependency=/workspaces/noa_ark_os/target/debug/deps --extern regex_syntax=/workspaces/noa_ark_os/target/debug/deps/libregex_syntax-f5c0df7bd228ab31.rmeta --cap-lints allow`
    Checking anstyle-parse v0.2.7
     Running `/home/codespace/.rustup/toolchains/stable-x86_64-unknown-linux-gnu/bin/rustc --crate-name anstyle_parse --edition=2021 /home/codespace/.cargo/registry/src/index.crates.io-1949cf8c6b5b557f/anstyle-parse-0.2.7/src/lib.rs --error-format=json --json=diagnostic-rendered-ansi,artifacts,future-incompat --crate-type lib --emit=dep-info,metadata -C embed-bitcode=no -C debuginfo=2 --warn=rust_2018_idioms '--warn=clippy::zero_sized_map_values' '--warn=clippy::wildcard_imports' '--warn=clippy::verbose_file_reads' --warn=unused_qualifications --warn=unused_macro_rules --warn=unused_lifetimes --warn=unsafe_op_in_unsafe_fn --warn=unreachable_pub --warn=unnameable_types '--warn=clippy::uninlined_format_args' '--warn=clippy::trait_duplication_in_bounds' '--warn=clippy::todo' '--warn=clippy::string_to_string' '--warn=clippy::string_lit_as_bytes' '--warn=clippy::string_add_assign' '--warn=clippy::string_add' '--warn=clippy::str_to_string' '--warn=clippy::semicolon_if_nothing_returned' '--warn=clippy::self_named_module_files' '--warn=clippy::same_functions_in_if_condition' '--allow=clippy::result_large_err' '--warn=clippy::rest_pat_in_fully_bound_structs' '--warn=clippy::ref_option_ref' '--warn=clippy::redundant_feature_names' '--warn=clippy::rc_mutex' '--warn=clippy::ptr_as_ptr' '--warn=clippy::path_buf_push_overwrite' '--warn=clippy::negative_feature_names' '--warn=clippy::needless_for_each' '--allow=clippy::needless_continue' '--warn=clippy::mutex_integer' '--warn=clippy::mem_forget' '--warn=clippy::macro_use_imports' '--warn=clippy::lossy_float_literal' '--warn=clippy::linkedlist' '--allow=clippy::let_and_return' '--warn=clippy::large_types_passed_by_value' '--warn=clippy::large_stack_arrays' '--warn=clippy::large_digit_groups' '--warn=clippy::invalid_upcast_comparisons' '--warn=clippy::infinite_loop' '--warn=clippy::inefficient_to_string' '--warn=clippy::inconsistent_struct_constructor' '--warn=clippy::imprecise_flops' '--warn=clippy::implicit_clone' '--allow=clippy::if_same_then_else' '--warn=clippy::from_iter_instead_of_collect' '--warn=clippy::fn_params_excessive_bools' '--warn=clippy::float_cmp_const' '--warn=clippy::flat_map_option' '--warn=clippy::filter_map_next' '--warn=clippy::fallible_impl_from' '--warn=clippy::explicit_into_iter_loop' '--warn=clippy::explicit_deref_methods' '--warn=clippy::expl_impl_clone_on_copy' '--warn=clippy::enum_glob_use' '--warn=clippy::empty_enum' '--warn=clippy::doc_markdown' '--warn=clippy::debug_assert_with_mut_call' '--warn=clippy::dbg_macro' '--warn=clippy::create_dir' '--allow=clippy::collapsible_else_if' '--warn=clippy::checked_conversions' '--allow=clippy::branches_sharing_code' '--allow=clippy::bool_assert_comparison' --cfg 'feature="default"' --cfg 'feature="utf8"' --check-cfg 'cfg(docsrs,test)' --check-cfg 'cfg(feature, values("core", "default", "utf8"))' -C metadata=7e81ed981ea13de2 -C extra-filename=-40330a4e93aaa149 --out-dir /workspaces/noa_ark_os/target/debug/deps -L dependency=/workspaces/noa_ark_os/target/debug/deps --extern utf8parse=/workspaces/noa_ark_os/target/debug/deps/libutf8parse-893f72810b6e0eac.rmeta --cap-lints allow`
    Checking hyper-tls v0.5.0
     Running `/home/codespace/.rustup/toolchains/stable-x86_64-unknown-linux-gnu/bin/rustc --crate-name hyper_tls --edition=2018 /home/codespace/.cargo/registry/src/index.crates.io-1949cf8c6b5b557f/hyper-tls-0.5.0/src/lib.rs --error-format=json --json=diagnostic-rendered-ansi,artifacts,future-incompat --crate-type lib --emit=dep-info,metadata -C embed-bitcode=no -C debuginfo=2 --check-cfg 'cfg(docsrs,test)' --check-cfg 'cfg(feature, values("vendored"))' -C metadata=c13f9f85ae6fe08a -C extra-filename=-1317d0c309877303 --out-dir /workspaces/noa_ark_os/target/debug/deps -L dependency=/workspaces/noa_ark_os/target/debug/deps --extern bytes=/workspaces/noa_ark_os/target/debug/deps/libbytes-770a4d47e567a9d3.rmeta --extern hyper=/workspaces/noa_ark_os/target/debug/deps/libhyper-b607056fe1c2bba5.rmeta --extern native_tls=/workspaces/noa_ark_os/target/debug/deps/libnative_tls-63e92f8c7608988c.rmeta --extern tokio=/workspaces/noa_ark_os/target/debug/deps/libtokio-a79c50a8f766ff76.rmeta --extern tokio_native_tls=/workspaces/noa_ark_os/target/debug/deps/libtokio_native_tls-18b84360150263ce.rmeta --cap-lints allow`
    Checking rand v0.8.5
     Running `/home/codespace/.rustup/toolchains/stable-x86_64-unknown-linux-gnu/bin/rustc --crate-name rand --edition=2018 /home/codespace/.cargo/registry/src/index.crates.io-1949cf8c6b5b557f/rand-0.8.5/src/lib.rs --error-format=json --json=diagnostic-rendered-ansi,artifacts,future-incompat --crate-type lib --emit=dep-info,metadata -C embed-bitcode=no -C debuginfo=2 --cfg 'feature="alloc"' --cfg 'feature="default"' --cfg 'feature="getrandom"' --cfg 'feature="libc"' --cfg 'feature="rand_chacha"' --cfg 'feature="small_rng"' --cfg 'feature="std"' --cfg 'feature="std_rng"' --check-cfg 'cfg(docsrs,test)' --check-cfg 'cfg(feature, values("alloc", "default", "getrandom", "libc", "log", "min_const_gen", "nightly", "packed_simd", "rand_chacha", "serde", "serde1", "simd_support", "small_rng", "std", "std_rng"))' -C metadata=bd5f122a53a4589d -C extra-filename=-ae1b95486d2e9bdc --out-dir /workspaces/noa_ark_os/target/debug/deps -L dependency=/workspaces/noa_ark_os/target/debug/deps --extern libc=/workspaces/noa_ark_os/target/debug/deps/liblibc-3840e63bd17729f1.rmeta --extern rand_chacha=/workspaces/noa_ark_os/target/debug/deps/librand_chacha-9ffc9c31a23cc211.rmeta --extern rand_core=/workspaces/noa_ark_os/target/debug/deps/librand_core-82788858569a502b.rmeta --cap-lints allow`
    Checking url v2.5.7
     Running `/home/codespace/.rustup/toolchains/stable-x86_64-unknown-linux-gnu/bin/rustc --crate-name url --edition=2018 /home/codespace/.cargo/registry/src/index.crates.io-1949cf8c6b5b557f/url-2.5.7/src/lib.rs --error-format=json --json=diagnostic-rendered-ansi,artifacts,future-incompat --crate-type lib --emit=dep-info,metadata -C embed-bitcode=no -C debuginfo=2 --cfg 'feature="default"' --cfg 'feature="serde"' --cfg 'feature="std"' --check-cfg 'cfg(docsrs,test)' --check-cfg 'cfg(feature, values("debugger_visualizer", "default", "expose_internals", "serde", "std"))' -C metadata=02c79be6540de757 -C extra-filename=-a3f3c28addd50c6f --out-dir /workspaces/noa_ark_os/target/debug/deps -L dependency=/workspaces/noa_ark_os/target/debug/deps --extern form_urlencoded=/workspaces/noa_ark_os/target/debug/deps/libform_urlencoded-d8b5702e2db3ecee.rmeta --extern idna=/workspaces/noa_ark_os/target/debug/deps/libidna-e64a140256fbdd3b.rmeta --extern percent_encoding=/workspaces/noa_ark_os/target/debug/deps/libpercent_encoding-bbbfb72321920f01.rmeta --extern serde=/workspaces/noa_ark_os/target/debug/deps/libserde-05763c756793585d.rmeta --cap-lints allow`
     Running `/home/codespace/.rustup/toolchains/stable-x86_64-unknown-linux-gnu/bin/rustc --crate-name libc --edition=2021 /home/codespace/.cargo/registry/src/index.crates.io-1949cf8c6b5b557f/libc-0.2.177/src/lib.rs --error-format=json --json=diagnostic-rendered-ansi,artifacts,future-incompat --crate-type lib --emit=dep-info,metadata,link -C embed-bitcode=no '--allow=clippy::used_underscore_binding' --allow=unused_qualifications '--warn=clippy::unnecessary_semicolon' '--allow=clippy::unnecessary_cast' '--allow=clippy::uninlined_format_args' '--warn=clippy::ptr_as_ptr' '--allow=clippy::non_minimal_cfg' '--allow=clippy::missing_safety_doc' '--warn=clippy::map_unwrap_or' '--warn=clippy::manual_assert' '--allow=clippy::identity_op' '--warn=clippy::explicit_iter_loop' '--allow=clippy::expl_impl_clone_on_copy' --check-cfg 'cfg(docsrs,test)' --check-cfg 'cfg(feature, values("align", "const-extern-fn", "default", "extra_traits", "rustc-dep-of-std", "rustc-std-workspace-core", "std", "use_std"))' -C metadata=aff5af4910f46c99 -C extra-filename=-0915a2c19f47b09b --out-dir /workspaces/noa_ark_os/target/debug/deps -L dependency=/workspaces/noa_ark_os/target/debug/deps --cap-lints allow --cfg freebsd12 --check-cfg 'cfg(emscripten_old_stat_abi)' --check-cfg 'cfg(espidf_time32)' --check-cfg 'cfg(freebsd10)' --check-cfg 'cfg(freebsd11)' --check-cfg 'cfg(freebsd12)' --check-cfg 'cfg(freebsd13)' --check-cfg 'cfg(freebsd14)' --check-cfg 'cfg(freebsd15)' --check-cfg 'cfg(gnu_file_offset_bits64)' --check-cfg 'cfg(gnu_time_bits64)' --check-cfg 'cfg(libc_deny_warnings)' --check-cfg 'cfg(libc_thread_local)' --check-cfg 'cfg(linux_time_bits64)' --check-cfg 'cfg(musl_v1_2_3)' --check-cfg 'cfg(target_os,values("switch","aix","ohos","hurd","rtems","visionos","nuttx","cygwin"))' --check-cfg 'cfg(target_env,values("illumos","wasi","aix","ohos","nto71_iosock","nto80"))' --check-cfg 'cfg(target_arch,values("loongarch64","mips32r6","mips64r6","csky"))'`
    Checking rustls-pemfile v1.0.4
     Running `/home/codespace/.rustup/toolchains/stable-x86_64-unknown-linux-gnu/bin/rustc --crate-name rustls_pemfile --edition=2018 /home/codespace/.cargo/registry/src/index.crates.io-1949cf8c6b5b557f/rustls-pemfile-1.0.4/src/lib.rs --error-format=json --json=diagnostic-rendered-ansi,artifacts,future-incompat --crate-type lib --emit=dep-info,metadata -C embed-bitcode=no -C debuginfo=2 --check-cfg 'cfg(docsrs,test)' --check-cfg 'cfg(feature, values())' -C metadata=5482b8bdea652bf5 -C extra-filename=-35b72b7dbd3b97c1 --out-dir /workspaces/noa_ark_os/target/debug/deps -L dependency=/workspaces/noa_ark_os/target/debug/deps --extern base64=/workspaces/noa_ark_os/target/debug/deps/libbase64-28c267c1a3480fea.rmeta --cap-lints allow`
    Checking is_terminal_polyfill v1.70.2
     Running `/home/codespace/.rustup/toolchains/stable-x86_64-unknown-linux-gnu/bin/rustc --crate-name is_terminal_polyfill --edition=2021 /home/codespace/.cargo/registry/src/index.crates.io-1949cf8c6b5b557f/is_terminal_polyfill-1.70.2/src/lib.rs --error-format=json --json=diagnostic-rendered-ansi,artifacts,future-incompat --crate-type lib --emit=dep-info,metadata -C embed-bitcode=no -C debuginfo=2 '--warn=clippy::zero_sized_map_values' '--warn=clippy::wildcard_imports' '--warn=clippy::verbose_file_reads' --warn=unused_qualifications --warn=unused_macro_rules --warn=unused_lifetimes --warn=unsafe_op_in_unsafe_fn --warn=unreachable_pub '--warn=clippy::trait_duplication_in_bounds' '--warn=clippy::todo' '--warn=clippy::string_to_string' '--warn=clippy::string_lit_as_bytes' '--warn=clippy::string_add_assign' '--warn=clippy::string_add' '--warn=clippy::str_to_string' '--warn=clippy::single_match_else' '--warn=clippy::semicolon_if_nothing_returned' '--warn=clippy::self_named_module_files' '--warn=clippy::same_functions_in_if_condition' --warn=rust_2018_idioms '--warn=clippy::rest_pat_in_fully_bound_structs' '--warn=clippy::ref_option_ref' '--warn=clippy::redundant_feature_names' '--warn=clippy::rc_mutex' '--warn=clippy::ptr_as_ptr' '--warn=clippy::path_buf_push_overwrite' '--warn=clippy::negative_feature_names' '--warn=clippy::needless_for_each' '--warn=clippy::needless_continue' '--warn=clippy::mutex_integer' '--warn=clippy::mem_forget' '--warn=clippy::match_wildcard_for_single_variants' '--warn=clippy::macro_use_imports' '--warn=clippy::lossy_float_literal' '--warn=clippy::linkedlist' '--allow=clippy::let_and_return' '--warn=clippy::large_types_passed_by_value' '--warn=clippy::large_stack_arrays' '--warn=clippy::large_digit_groups' '--warn=clippy::invalid_upcast_comparisons' '--warn=clippy::infinite_loop' '--warn=clippy::inefficient_to_string' '--warn=clippy::inconsistent_struct_constructor' '--warn=clippy::imprecise_flops' '--warn=clippy::implicit_clone' '--allow=clippy::if_same_then_else' '--warn=clippy::from_iter_instead_of_collect' '--warn=clippy::fn_params_excessive_bools' '--warn=clippy::float_cmp_const' '--warn=clippy::flat_map_option' '--warn=clippy::filter_map_next' '--warn=clippy::fallible_impl_from' '--warn=clippy::explicit_into_iter_loop' '--warn=clippy::explicit_deref_methods' '--warn=clippy::expl_impl_clone_on_copy' '--warn=clippy::enum_glob_use' '--warn=clippy::empty_enum' '--warn=clippy::doc_markdown' '--warn=clippy::debug_assert_with_mut_call' '--warn=clippy::dbg_macro' '--warn=clippy::create_dir' '--allow=clippy::collapsible_else_if' '--warn=clippy::checked_conversions' '--allow=clippy::branches_sharing_code' '--allow=clippy::bool_assert_comparison' --cfg 'feature="default"' --check-cfg 'cfg(docsrs,test)' --check-cfg 'cfg(feature, values("default"))' -C metadata=1ec32bb2183c4847 -C extra-filename=-2d093d569698e208 --out-dir /workspaces/noa_ark_os/target/debug/deps -L dependency=/workspaces/noa_ark_os/target/debug/deps --cap-lints allow`
     Running `/home/codespace/.rustup/toolchains/stable-x86_64-unknown-linux-gnu/bin/rustc --crate-name bytes --edition=2018 /home/codespace/.cargo/registry/src/index.crates.io-1949cf8c6b5b557f/bytes-1.10.1/src/lib.rs --error-format=json --json=diagnostic-rendered-ansi,artifacts,future-incompat --crate-type lib --emit=dep-info,metadata,link -C embed-bitcode=no --warn=unexpected_cfgs --check-cfg 'cfg(loom)' --check-cfg 'cfg(docsrs,test)' --check-cfg 'cfg(feature, values("default", "extra-platforms", "serde", "std"))' -C metadata=30d162b7f77a945a -C extra-filename=-955de99e1a948d7d --out-dir /workspaces/noa_ark_os/target/debug/deps -L dependency=/workspaces/noa_ark_os/target/debug/deps --cap-lints allow`
    Checking linux-raw-sys v0.11.0
     Running `/home/codespace/.rustup/toolchains/stable-x86_64-unknown-linux-gnu/bin/rustc --crate-name linux_raw_sys --edition=2021 /home/codespace/.cargo/registry/src/index.crates.io-1949cf8c6b5b557f/linux-raw-sys-0.11.0/src/lib.rs --error-format=json --json=diagnostic-rendered-ansi,artifacts,future-incompat --crate-type lib --emit=dep-info,metadata -C embed-bitcode=no -C debuginfo=2 --warn=unexpected_cfgs --check-cfg 'cfg(target_arch, values("xtensa"))' --cfg 'feature="auxvec"' --cfg 'feature="elf"' --cfg 'feature="errno"' --cfg 'feature="general"' --cfg 'feature="ioctl"' --cfg 'feature="no_std"' --check-cfg 'cfg(docsrs,test)' --check-cfg 'cfg(feature, values("auxvec", "bootparam", "btrfs", "core", "default", "elf", "elf_uapi", "errno", "general", "if_arp", "if_ether", "if_packet", "image", "io_uring", "ioctl", "landlock", "loop_device", "mempolicy", "net", "netlink", "no_std", "prctl", "ptrace", "rustc-dep-of-std", "std", "system", "xdp"))' -C metadata=d09afd1e2686f864 -C extra-filename=-14794df8ae381127 --out-dir /workspaces/noa_ark_os/target/debug/deps -L dependency=/workspaces/noa_ark_os/target/debug/deps --cap-lints allow`
     Running `/home/codespace/.rustup/toolchains/stable-x86_64-unknown-linux-gnu/bin/rustc --crate-name regex_syntax --edition=2021 /home/codespace/.cargo/registry/src/index.crates.io-1949cf8c6b5b557f/regex-syntax-0.8.8/src/lib.rs --error-format=json --json=diagnostic-rendered-ansi,artifacts,future-incompat --crate-type lib --emit=dep-info,metadata,link -C embed-bitcode=no --allow=unexpected_cfgs --check-cfg 'cfg(docsrs_regex)' --cfg 'feature="std"' --cfg 'feature="unicode-bool"' --check-cfg 'cfg(docsrs,test)' --check-cfg 'cfg(feature, values("arbitrary", "default", "std", "unicode", "unicode-age", "unicode-bool", "unicode-case", "unicode-gencat", "unicode-perl", "unicode-script", "unicode-segment"))' -C metadata=3c6cc040b185da16 -C extra-filename=-6218eb4f63e3cc7b --out-dir /workspaces/noa_ark_os/target/debug/deps -L dependency=/workspaces/noa_ark_os/target/debug/deps --cap-lints allow`
    Checking byteorder v1.5.0
     Running `/home/codespace/.rustup/toolchains/stable-x86_64-unknown-linux-gnu/bin/rustc --crate-name byteorder --edition=2021 /home/codespace/.cargo/registry/src/index.crates.io-1949cf8c6b5b557f/byteorder-1.5.0/src/lib.rs --error-format=json --json=diagnostic-rendered-ansi,artifacts,future-incompat --crate-type lib --emit=dep-info,metadata -C embed-bitcode=no -C debuginfo=2 --cfg 'feature="default"' --cfg 'feature="std"' --check-cfg 'cfg(docsrs,test)' --check-cfg 'cfg(feature, values("default", "i128", "std"))' -C metadata=ac445cfcc25f64fb -C extra-filename=-0e217e6e271d82a4 --out-dir /workspaces/noa_ark_os/target/debug/deps -L dependency=/workspaces/noa_ark_os/target/debug/deps --cap-lints allow`
   Compiling prettyplease v0.2.37
     Running `/home/codespace/.rustup/toolchains/stable-x86_64-unknown-linux-gnu/bin/rustc --crate-name build_script_build --edition=2021 /home/codespace/.cargo/registry/src/index.crates.io-1949cf8c6b5b557f/prettyplease-0.2.37/build.rs --error-format=json --json=diagnostic-rendered-ansi,artifacts,future-incompat --crate-type bin --emit=dep-info,link -C embed-bitcode=no --check-cfg 'cfg(docsrs,test)' --check-cfg 'cfg(feature, values("verbatim"))' -C metadata=2c2547c4e89c6293 -C extra-filename=-0d143f721d1d451d --out-dir /workspaces/noa_ark_os/target/debug/build/prettyplease-0d143f721d1d451d -L dependency=/workspaces/noa_ark_os/target/debug/deps --cap-lints allow`
    Checking anstyle-query v1.1.4
     Running `/home/codespace/.rustup/toolchains/stable-x86_64-unknown-linux-gnu/bin/rustc --crate-name anstyle_query --edition=2021 /home/codespace/.cargo/registry/src/index.crates.io-1949cf8c6b5b557f/anstyle-query-1.1.4/src/lib.rs --error-format=json --json=diagnostic-rendered-ansi,artifacts,future-incompat --crate-type lib --emit=dep-info,metadata -C embed-bitcode=no -C debuginfo=2 --warn=rust_2018_idioms '--warn=clippy::zero_sized_map_values' '--warn=clippy::wildcard_imports' '--warn=clippy::verbose_file_reads' --warn=unused_qualifications --warn=unused_macro_rules --warn=unused_lifetimes --warn=unsafe_op_in_unsafe_fn --warn=unreachable_pub --warn=unnameable_types '--warn=clippy::uninlined_format_args' '--warn=clippy::trait_duplication_in_bounds' '--warn=clippy::todo' '--warn=clippy::string_to_string' '--warn=clippy::string_lit_as_bytes' '--warn=clippy::string_add_assign' '--warn=clippy::string_add' '--warn=clippy::str_to_string' '--warn=clippy::semicolon_if_nothing_returned' '--warn=clippy::self_named_module_files' '--warn=clippy::same_functions_in_if_condition' '--allow=clippy::result_large_err' '--warn=clippy::rest_pat_in_fully_bound_structs' '--warn=clippy::ref_option_ref' '--warn=clippy::redundant_feature_names' '--warn=clippy::rc_mutex' '--warn=clippy::ptr_as_ptr' '--warn=clippy::path_buf_push_overwrite' '--warn=clippy::negative_feature_names' '--warn=clippy::needless_for_each' '--allow=clippy::needless_continue' '--warn=clippy::mutex_integer' '--warn=clippy::mem_forget' '--warn=clippy::macro_use_imports' '--warn=clippy::lossy_float_literal' '--warn=clippy::linkedlist' '--allow=clippy::let_and_return' '--warn=clippy::large_types_passed_by_value' '--warn=clippy::large_stack_arrays' '--warn=clippy::large_digit_groups' '--warn=clippy::invalid_upcast_comparisons' '--warn=clippy::infinite_loop' '--warn=clippy::inefficient_to_string' '--warn=clippy::inconsistent_struct_constructor' '--warn=clippy::imprecise_flops' '--warn=clippy::implicit_clone' '--allow=clippy::if_same_then_else' '--warn=clippy::from_iter_instead_of_collect' '--warn=clippy::fn_params_excessive_bools' '--warn=clippy::float_cmp_const' '--warn=clippy::flat_map_option' '--warn=clippy::filter_map_next' '--warn=clippy::fallible_impl_from' '--warn=clippy::explicit_into_iter_loop' '--warn=clippy::explicit_deref_methods' '--warn=clippy::expl_impl_clone_on_copy' '--warn=clippy::enum_glob_use' '--warn=clippy::empty_enum' '--warn=clippy::doc_markdown' '--warn=clippy::debug_assert_with_mut_call' '--warn=clippy::dbg_macro' '--warn=clippy::create_dir' '--allow=clippy::collapsible_else_if' '--warn=clippy::checked_conversions' '--allow=clippy::branches_sharing_code' '--allow=clippy::bool_assert_comparison' --check-cfg 'cfg(docsrs,test)' --check-cfg 'cfg(feature, values())' -C metadata=21d766abbdf63e9b -C extra-filename=-e39c7c26b5db0004 --out-dir /workspaces/noa_ark_os/target/debug/deps -L dependency=/workspaces/noa_ark_os/target/debug/deps --cap-lints allow`
     Running `/home/codespace/.rustup/toolchains/stable-x86_64-unknown-linux-gnu/bin/rustc --crate-name bitflags --edition=2021 /home/codespace/.cargo/registry/src/index.crates.io-1949cf8c6b5b557f/bitflags-2.10.0/src/lib.rs --error-format=json --json=diagnostic-rendered-ansi,artifacts,future-incompat --crate-type lib --emit=dep-info,metadata,link -C embed-bitcode=no --cfg 'feature="std"' --check-cfg 'cfg(docsrs,test)' --check-cfg 'cfg(feature, values("arbitrary", "bytemuck", "example_generated", "serde", "serde_core", "std"))' -C metadata=1aea206c987f40ee -C extra-filename=-035f90002395406e --out-dir /workspaces/noa_ark_os/target/debug/deps -L dependency=/workspaces/noa_ark_os/target/debug/deps --cap-lints allow`
     Running `/home/codespace/.rustup/toolchains/stable-x86_64-unknown-linux-gnu/bin/rustc --crate-name hashbrown --edition=2021 /home/codespace/.cargo/registry/src/index.crates.io-1949cf8c6b5b557f/hashbrown-0.16.0/src/lib.rs --error-format=json --json=diagnostic-rendered-ansi,artifacts,future-incompat --crate-type lib --emit=dep-info,metadata,link -C embed-bitcode=no --check-cfg 'cfg(docsrs,test)' --check-cfg 'cfg(feature, values("alloc", "allocator-api2", "core", "default", "default-hasher", "equivalent", "inline-more", "nightly", "raw-entry", "rayon", "rustc-dep-of-std", "rustc-internal-api", "serde"))' -C metadata=bd915567ac2a9b30 -C extra-filename=-8cb231380d9378b6 --out-dir /workspaces/noa_ark_os/target/debug/deps -L dependency=/workspaces/noa_ark_os/target/debug/deps --cap-lints allow`
    Checking bitflags v1.3.2
     Running `/home/codespace/.rustup/toolchains/stable-x86_64-unknown-linux-gnu/bin/rustc --crate-name bitflags --edition=2018 /home/codespace/.cargo/registry/src/index.crates.io-1949cf8c6b5b557f/bitflags-1.3.2/src/lib.rs --error-format=json --json=diagnostic-rendered-ansi,artifacts,future-incompat --crate-type lib --emit=dep-info,metadata -C embed-bitcode=no -C debuginfo=2 --cfg 'feature="default"' --check-cfg 'cfg(docsrs,test)' --check-cfg 'cfg(feature, values("compiler_builtins", "core", "default", "example_generated", "rustc-dep-of-std"))' -C metadata=55920182d49e85c4 -C extra-filename=-21f1ce32ecb18464 --out-dir /workspaces/noa_ark_os/target/debug/deps -L dependency=/workspaces/noa_ark_os/target/debug/deps --cap-lints allow`
     Running `/home/codespace/.rustup/toolchains/stable-x86_64-unknown-linux-gnu/bin/rustc --crate-name equivalent --edition=2015 /home/codespace/.cargo/registry/src/index.crates.io-1949cf8c6b5b557f/equivalent-1.0.2/src/lib.rs --error-format=json --json=diagnostic-rendered-ansi,artifacts,future-incompat --crate-type lib --emit=dep-info,metadata,link -C embed-bitcode=no --check-cfg 'cfg(docsrs,test)' --check-cfg 'cfg(feature, values())' -C metadata=4d94de8c8c3c1a83 -C extra-filename=-0448374eae41f653 --out-dir /workspaces/noa_ark_os/target/debug/deps -L dependency=/workspaces/noa_ark_os/target/debug/deps --cap-lints allow`
    Checking ipnet v2.11.0
     Running `/home/codespace/.rustup/toolchains/stable-x86_64-unknown-linux-gnu/bin/rustc --crate-name ipnet --edition=2018 /home/codespace/.cargo/registry/src/index.crates.io-1949cf8c6b5b557f/ipnet-2.11.0/src/lib.rs --error-format=json --json=diagnostic-rendered-ansi,artifacts,future-incompat --crate-type lib --emit=dep-info,metadata -C embed-bitcode=no -C debuginfo=2 --cfg 'feature="default"' --cfg 'feature="std"' --check-cfg 'cfg(docsrs,test)' --check-cfg 'cfg(feature, values("default", "heapless", "json", "schemars", "ser_as_str", "serde", "std"))' -C metadata=d963e64039de843e -C extra-filename=-463e833e77604e5b --out-dir /workspaces/noa_ark_os/target/debug/deps -L dependency=/workspaces/noa_ark_os/target/debug/deps --cap-lints allow`
    Checking lazy_static v1.5.0
     Running `/home/codespace/.rustup/toolchains/stable-x86_64-unknown-linux-gnu/bin/rustc --crate-name lazy_static --edition=2015 /home/codespace/.cargo/registry/src/index.crates.io-1949cf8c6b5b557f/lazy_static-1.5.0/src/lib.rs --error-format=json --json=diagnostic-rendered-ansi,artifacts,future-incompat --crate-type lib --emit=dep-info,metadata -C embed-bitcode=no -C debuginfo=2 --check-cfg 'cfg(docsrs,test)' --check-cfg 'cfg(feature, values("spin", "spin_no_std"))' -C metadata=14fb904d7d1482d3 -C extra-filename=-0b2e546358089710 --out-dir /workspaces/noa_ark_os/target/debug/deps -L dependency=/workspaces/noa_ark_os/target/debug/deps --cap-lints allow`
     Running `/home/codespace/.rustup/toolchains/stable-x86_64-unknown-linux-gnu/bin/rustc --crate-name linux_raw_sys --edition=2021 /home/codespace/.cargo/registry/src/index.crates.io-1949cf8c6b5b557f/linux-raw-sys-0.11.0/src/lib.rs --error-format=json --json=diagnostic-rendered-ansi,artifacts,future-incompat --crate-type lib --emit=dep-info,metadata,link -C embed-bitcode=no --warn=unexpected_cfgs --check-cfg 'cfg(target_arch, values("xtensa"))' --cfg 'feature="auxvec"' --cfg 'feature="elf"' --cfg 'feature="errno"' --cfg 'feature="general"' --cfg 'feature="ioctl"' --cfg 'feature="no_std"' --check-cfg 'cfg(docsrs,test)' --check-cfg 'cfg(feature, values("auxvec", "bootparam", "btrfs", "core", "default", "elf", "elf_uapi", "errno", "general", "if_arp", "if_ether", "if_packet", "image", "io_uring", "ioctl", "landlock", "loop_device", "mempolicy", "net", "netlink", "no_std", "prctl", "ptrace", "rustc-dep-of-std", "std", "system", "xdp"))' -C metadata=9727cd1e4ba2f15e -C extra-filename=-58daf2164642ac0b --out-dir /workspaces/noa_ark_os/target/debug/deps -L dependency=/workspaces/noa_ark_os/target/debug/deps --cap-lints allow`
   Compiling crc32fast v1.5.0
     Running `/home/codespace/.rustup/toolchains/stable-x86_64-unknown-linux-gnu/bin/rustc --crate-name build_script_build --edition=2021 /home/codespace/.cargo/registry/src/index.crates.io-1949cf8c6b5b557f/crc32fast-1.5.0/build.rs --error-format=json --json=diagnostic-rendered-ansi,artifacts,future-incompat --crate-type bin --emit=dep-info,link -C embed-bitcode=no --cfg 'feature="default"' --cfg 'feature="std"' --check-cfg 'cfg(docsrs,test)' --check-cfg 'cfg(feature, values("default", "nightly", "std"))' -C metadata=2f4481a471fd761d -C extra-filename=-314c23e97ae45688 --out-dir /workspaces/noa_ark_os/target/debug/build/crc32fast-314c23e97ae45688 -L dependency=/workspaces/noa_ark_os/target/debug/deps --cap-lints allow`
    Checking anstyle v1.0.13
     Running `/home/codespace/.rustup/toolchains/stable-x86_64-unknown-linux-gnu/bin/rustc --crate-name anstyle --edition=2021 /home/codespace/.cargo/registry/src/index.crates.io-1949cf8c6b5b557f/anstyle-1.0.13/src/lib.rs --error-format=json --json=diagnostic-rendered-ansi,artifacts,future-incompat --crate-type lib --emit=dep-info,metadata -C embed-bitcode=no -C debuginfo=2 --warn=rust_2018_idioms '--warn=clippy::zero_sized_map_values' '--warn=clippy::wildcard_imports' '--warn=clippy::verbose_file_reads' --warn=unused_qualifications --warn=unused_macro_rules --warn=unused_lifetimes --warn=unsafe_op_in_unsafe_fn --warn=unreachable_pub --warn=unnameable_types '--warn=clippy::uninlined_format_args' '--warn=clippy::trait_duplication_in_bounds' '--warn=clippy::todo' '--warn=clippy::string_to_string' '--warn=clippy::string_lit_as_bytes' '--warn=clippy::string_add_assign' '--warn=clippy::string_add' '--warn=clippy::str_to_string' '--warn=clippy::semicolon_if_nothing_returned' '--warn=clippy::self_named_module_files' '--warn=clippy::same_functions_in_if_condition' '--allow=clippy::result_large_err' '--warn=clippy::rest_pat_in_fully_bound_structs' '--warn=clippy::ref_option_ref' '--warn=clippy::redundant_feature_names' '--warn=clippy::rc_mutex' '--warn=clippy::ptr_as_ptr' '--warn=clippy::path_buf_push_overwrite' '--warn=clippy::negative_feature_names' '--warn=clippy::needless_for_each' '--allow=clippy::needless_continue' '--warn=clippy::mutex_integer' '--warn=clippy::mem_forget' '--warn=clippy::macro_use_imports' '--warn=clippy::lossy_float_literal' '--warn=clippy::linkedlist' '--allow=clippy::let_and_return' '--warn=clippy::large_types_passed_by_value' '--warn=clippy::large_stack_arrays' '--warn=clippy::large_digit_groups' '--warn=clippy::invalid_upcast_comparisons' '--warn=clippy::infinite_loop' '--warn=clippy::inefficient_to_string' '--warn=clippy::inconsistent_struct_constructor' '--warn=clippy::imprecise_flops' '--warn=clippy::implicit_clone' '--allow=clippy::if_same_then_else' '--warn=clippy::from_iter_instead_of_collect' '--warn=clippy::fn_params_excessive_bools' '--warn=clippy::float_cmp_const' '--warn=clippy::flat_map_option' '--warn=clippy::filter_map_next' '--warn=clippy::fallible_impl_from' '--warn=clippy::explicit_into_iter_loop' '--warn=clippy::explicit_deref_methods' '--warn=clippy::expl_impl_clone_on_copy' '--warn=clippy::enum_glob_use' '--warn=clippy::empty_enum' '--warn=clippy::doc_markdown' '--warn=clippy::debug_assert_with_mut_call' '--warn=clippy::dbg_macro' '--warn=clippy::create_dir' '--allow=clippy::collapsible_else_if' '--warn=clippy::checked_conversions' '--allow=clippy::branches_sharing_code' '--allow=clippy::bool_assert_comparison' --cfg 'feature="default"' --cfg 'feature="std"' --check-cfg 'cfg(docsrs,test)' --check-cfg 'cfg(feature, values("default", "std"))' -C metadata=5af530930186fe50 -C extra-filename=-d068366c97dda582 --out-dir /workspaces/noa_ark_os/target/debug/deps -L dependency=/workspaces/noa_ark_os/target/debug/deps --cap-lints allow`
     Running `/home/codespace/.rustup/toolchains/stable-x86_64-unknown-linux-gnu/bin/rustc --crate-name cfg_if --edition=2018 /home/codespace/.cargo/registry/src/index.crates.io-1949cf8c6b5b557f/cfg-if-1.0.4/src/lib.rs --error-format=json --json=diagnostic-rendered-ansi,artifacts,future-incompat --crate-type lib --emit=dep-info,metadata,link -C embed-bitcode=no --check-cfg 'cfg(docsrs,test)' --check-cfg 'cfg(feature, values("core", "rustc-dep-of-std"))' -C metadata=3b98b5515e661e67 -C extra-filename=-fa2358db2036de85 --out-dir /workspaces/noa_ark_os/target/debug/deps -L dependency=/workspaces/noa_ark_os/target/debug/deps --cap-lints allow`
    Checking colorchoice v1.0.4
     Running `/home/codespace/.rustup/toolchains/stable-x86_64-unknown-linux-gnu/bin/rustc --crate-name colorchoice --edition=2021 /home/codespace/.cargo/registry/src/index.crates.io-1949cf8c6b5b557f/colorchoice-1.0.4/src/lib.rs --error-format=json --json=diagnostic-rendered-ansi,artifacts,future-incompat --crate-type lib --emit=dep-info,metadata -C embed-bitcode=no -C debuginfo=2 --warn=rust_2018_idioms '--warn=clippy::zero_sized_map_values' '--warn=clippy::wildcard_imports' '--warn=clippy::verbose_file_reads' --warn=unused_qualifications --warn=unused_macro_rules --warn=unused_lifetimes --warn=unsafe_op_in_unsafe_fn --warn=unreachable_pub --warn=unnameable_types '--warn=clippy::uninlined_format_args' '--warn=clippy::trait_duplication_in_bounds' '--warn=clippy::todo' '--warn=clippy::string_to_string' '--warn=clippy::string_lit_as_bytes' '--warn=clippy::string_add_assign' '--warn=clippy::string_add' '--warn=clippy::str_to_string' '--warn=clippy::semicolon_if_nothing_returned' '--warn=clippy::self_named_module_files' '--warn=clippy::same_functions_in_if_condition' '--allow=clippy::result_large_err' '--warn=clippy::rest_pat_in_fully_bound_structs' '--warn=clippy::ref_option_ref' '--warn=clippy::redundant_feature_names' '--warn=clippy::rc_mutex' '--warn=clippy::ptr_as_ptr' '--warn=clippy::path_buf_push_overwrite' '--warn=clippy::negative_feature_names' '--warn=clippy::needless_for_each' '--allow=clippy::needless_continue' '--warn=clippy::mutex_integer' '--warn=clippy::mem_forget' '--warn=clippy::macro_use_imports' '--warn=clippy::lossy_float_literal' '--warn=clippy::linkedlist' '--allow=clippy::let_and_return' '--warn=clippy::large_types_passed_by_value' '--warn=clippy::large_stack_arrays' '--warn=clippy::large_digit_groups' '--warn=clippy::invalid_upcast_comparisons' '--warn=clippy::infinite_loop' '--warn=clippy::inefficient_to_string' '--warn=clippy::inconsistent_struct_constructor' '--warn=clippy::imprecise_flops' '--warn=clippy::implicit_clone' '--allow=clippy::if_same_then_else' '--warn=clippy::from_iter_instead_of_collect' '--warn=clippy::fn_params_excessive_bools' '--warn=clippy::float_cmp_const' '--warn=clippy::flat_map_option' '--warn=clippy::filter_map_next' '--warn=clippy::fallible_impl_from' '--warn=clippy::explicit_into_iter_loop' '--warn=clippy::explicit_deref_methods' '--warn=clippy::expl_impl_clone_on_copy' '--warn=clippy::enum_glob_use' '--warn=clippy::empty_enum' '--warn=clippy::doc_markdown' '--warn=clippy::debug_assert_with_mut_call' '--warn=clippy::dbg_macro' '--warn=clippy::create_dir' '--allow=clippy::collapsible_else_if' '--warn=clippy::checked_conversions' '--allow=clippy::branches_sharing_code' '--allow=clippy::bool_assert_comparison' --check-cfg 'cfg(docsrs,test)' --check-cfg 'cfg(feature, values())' -C metadata=9b98193ad76a605c -C extra-filename=-0bab99ec3f8cc198 --out-dir /workspaces/noa_ark_os/target/debug/deps -L dependency=/workspaces/noa_ark_os/target/debug/deps --cap-lints allow`
     Running `/home/codespace/.rustup/toolchains/stable-x86_64-unknown-linux-gnu/bin/rustc --crate-name getrandom --edition=2021 /home/codespace/.cargo/registry/src/index.crates.io-1949cf8c6b5b557f/getrandom-0.3.4/src/lib.rs --error-format=json --json=diagnostic-rendered-ansi,artifacts,future-incompat --crate-type lib --emit=dep-info,metadata,link -C embed-bitcode=no --warn=unexpected_cfgs --check-cfg 'cfg(getrandom_backend, values("custom", "efi_rng", "rdrand", "rndr", "linux_getrandom", "linux_raw", "wasm_js", "windows_legacy", "unsupported"))' --check-cfg 'cfg(getrandom_msan)' --check-cfg 'cfg(getrandom_test_linux_fallback)' --check-cfg 'cfg(getrandom_test_linux_without_fallback)' --check-cfg 'cfg(getrandom_test_netbsd_fallback)' --check-cfg 'cfg(target_os, values("cygwin"))' --check-cfg 'cfg(docsrs,test)' --check-cfg 'cfg(feature, values("std", "wasm_js"))' -C metadata=73594551a9b200e5 -C extra-filename=-0ffcc24e5633f8c1 --out-dir /workspaces/noa_ark_os/target/debug/deps -L dependency=/workspaces/noa_ark_os/target/debug/deps --extern cfg_if=/workspaces/noa_ark_os/target/debug/deps/libcfg_if-fa2358db2036de85.rmeta --extern libc=/workspaces/noa_ark_os/target/debug/deps/liblibc-0915a2c19f47b09b.rmeta --cap-lints allow`
    Checking anstream v0.6.21
     Running `/home/codespace/.rustup/toolchains/stable-x86_64-unknown-linux-gnu/bin/rustc --crate-name anstream --edition=2021 /home/codespace/.cargo/registry/src/index.crates.io-1949cf8c6b5b557f/anstream-0.6.21/src/lib.rs --error-format=json --json=diagnostic-rendered-ansi,artifacts,future-incompat --crate-type lib --emit=dep-info,metadata -C embed-bitcode=no -C debuginfo=2 --warn=rust_2018_idioms '--warn=clippy::zero_sized_map_values' '--warn=clippy::wildcard_imports' '--warn=clippy::verbose_file_reads' --warn=unused_qualifications --warn=unused_macro_rules --warn=unused_lifetimes --warn=unsafe_op_in_unsafe_fn --warn=unreachable_pub --warn=unnameable_types '--warn=clippy::uninlined_format_args' '--warn=clippy::trait_duplication_in_bounds' '--warn=clippy::todo' '--warn=clippy::string_to_string' '--warn=clippy::string_lit_as_bytes' '--warn=clippy::string_add_assign' '--warn=clippy::string_add' '--warn=clippy::str_to_string' '--warn=clippy::semicolon_if_nothing_returned' '--warn=clippy::self_named_module_files' '--warn=clippy::same_functions_in_if_condition' '--allow=clippy::result_large_err' '--warn=clippy::rest_pat_in_fully_bound_structs' '--warn=clippy::ref_option_ref' '--warn=clippy::redundant_feature_names' '--warn=clippy::rc_mutex' '--warn=clippy::ptr_as_ptr' '--warn=clippy::path_buf_push_overwrite' '--warn=clippy::negative_feature_names' '--warn=clippy::needless_for_each' '--allow=clippy::needless_continue' '--warn=clippy::mutex_integer' '--warn=clippy::mem_forget' '--warn=clippy::macro_use_imports' '--warn=clippy::lossy_float_literal' '--warn=clippy::linkedlist' '--allow=clippy::let_and_return' '--warn=clippy::large_types_passed_by_value' '--warn=clippy::large_stack_arrays' '--warn=clippy::large_digit_groups' '--warn=clippy::invalid_upcast_comparisons' '--warn=clippy::infinite_loop' '--warn=clippy::inefficient_to_string' '--warn=clippy::inconsistent_struct_constructor' '--warn=clippy::imprecise_flops' '--warn=clippy::implicit_clone' '--allow=clippy::if_same_then_else' '--warn=clippy::from_iter_instead_of_collect' '--warn=clippy::fn_params_excessive_bools' '--warn=clippy::float_cmp_const' '--warn=clippy::flat_map_option' '--warn=clippy::filter_map_next' '--warn=clippy::fallible_impl_from' '--warn=clippy::explicit_into_iter_loop' '--warn=clippy::explicit_deref_methods' '--warn=clippy::expl_impl_clone_on_copy' '--warn=clippy::enum_glob_use' '--warn=clippy::empty_enum' '--warn=clippy::doc_markdown' '--warn=clippy::debug_assert_with_mut_call' '--warn=clippy::dbg_macro' '--warn=clippy::create_dir' '--allow=clippy::collapsible_else_if' '--warn=clippy::checked_conversions' '--allow=clippy::branches_sharing_code' '--allow=clippy::bool_assert_comparison' --cfg 'feature="auto"' --cfg 'feature="default"' --cfg 'feature="wincon"' --check-cfg 'cfg(docsrs,test)' --check-cfg 'cfg(feature, values("auto", "default", "test", "wincon"))' -C metadata=3983c37e43d93974 -C extra-filename=-5c5bc50826c29d5c --out-dir /workspaces/noa_ark_os/target/debug/deps -L dependency=/workspaces/noa_ark_os/target/debug/deps --extern anstyle=/workspaces/noa_ark_os/target/debug/deps/libanstyle-d068366c97dda582.rmeta --extern anstyle_parse=/workspaces/noa_ark_os/target/debug/deps/libanstyle_parse-40330a4e93aaa149.rmeta --extern anstyle_query=/workspaces/noa_ark_os/target/debug/deps/libanstyle_query-e39c7c26b5db0004.rmeta --extern colorchoice=/workspaces/noa_ark_os/target/debug/deps/libcolorchoice-0bab99ec3f8cc198.rmeta --extern is_terminal_polyfill=/workspaces/noa_ark_os/target/debug/deps/libis_terminal_polyfill-2d093d569698e208.rmeta --extern utf8parse=/workspaces/noa_ark_os/target/debug/deps/libutf8parse-893f72810b6e0eac.rmeta --cap-lints allow`
     Running `/workspaces/noa_ark_os/target/debug/build/crc32fast-314c23e97ae45688/build-script-build`
     Running `/home/codespace/.rustup/toolchains/stable-x86_64-unknown-linux-gnu/bin/rustc --crate-name rustix --edition=2021 /home/codespace/.cargo/registry/src/index.crates.io-1949cf8c6b5b557f/rustix-1.1.2/src/lib.rs --error-format=json --json=diagnostic-rendered-ansi,artifacts,future-incompat --crate-type lib --emit=dep-info,metadata,link -C embed-bitcode=no --warn=unexpected_cfgs --check-cfg 'cfg(alloc_c_string)' --check-cfg 'cfg(alloc_ffi)' --check-cfg 'cfg(apple)' --check-cfg 'cfg(asm_experimental_arch)' --check-cfg 'cfg(bsd)' --check-cfg 'cfg(core_c_str)' --check-cfg 'cfg(core_ffi_c)' --check-cfg 'cfg(core_intrinsics)' --check-cfg 'cfg(criterion)' --check-cfg 'cfg(document_experimental_runtime_api)' --check-cfg 'cfg(error_in_core)' --check-cfg 'cfg(fix_y2038)' --check-cfg 'cfg(freebsdlike)' --check-cfg 'cfg(libc)' --check-cfg 'cfg(linux_kernel)' --check-cfg 'cfg(linux_like)' --check-cfg 'cfg(linux_raw)' --check-cfg 'cfg(linux_raw_dep)' --check-cfg 'cfg(lower_upper_exp_for_non_zero)' --check-cfg 'cfg(netbsdlike)' --check-cfg 'cfg(rustc_attrs)' --check-cfg 'cfg(rustc_diagnostics)' --check-cfg 'cfg(solarish)' --check-cfg 'cfg(staged_api)' --check-cfg 'cfg(static_assertions)' --check-cfg 'cfg(thumb_mode)' --check-cfg 'cfg(wasi)' --check-cfg 'cfg(wasi_ext)' --check-cfg 'cfg(wasip2)' --check-cfg 'cfg(target_arch, values("xtensa"))' --check-cfg 'cfg(target_os, values("cygwin"))' --cfg 'feature="alloc"' --cfg 'feature="default"' --cfg 'feature="fs"' --cfg 'feature="std"' --check-cfg 'cfg(docsrs,test)' --check-cfg 'cfg(feature, values("all-apis", "alloc", "core", "default", "event", "fs", "io_uring", "libc", "libc_errno", "linux_4_11", "linux_5_1", "linux_5_11", "linux_latest", "mm", "mount", "net", "param", "pipe", "process", "pty", "rand", "runtime", "rustc-dep-of-std", "rustc-std-workspace-alloc", "shm", "std", "stdio", "system", "termios", "thread", "time", "try_close", "use-explicitly-provided-auxv", "use-libc", "use-libc-auxv"))' -C metadata=c2716f42e6f818ad -C extra-filename=-1b40268995f24a22 --out-dir /workspaces/noa_ark_os/target/debug/deps -L dependency=/workspaces/noa_ark_os/target/debug/deps --extern bitflags=/workspaces/noa_ark_os/target/debug/deps/libbitflags-035f90002395406e.rmeta --extern linux_raw_sys=/workspaces/noa_ark_os/target/debug/deps/liblinux_raw_sys-58daf2164642ac0b.rmeta --cap-lints allow --cfg static_assertions --cfg lower_upper_exp_for_non_zero --cfg rustc_diagnostics --cfg linux_raw_dep --cfg linux_raw --cfg linux_like --cfg linux_kernel`
    Checking sharded-slab v0.1.7
     Running `/home/codespace/.rustup/toolchains/stable-x86_64-unknown-linux-gnu/bin/rustc --crate-name sharded_slab --edition=2018 /home/codespace/.cargo/registry/src/index.crates.io-1949cf8c6b5b557f/sharded-slab-0.1.7/src/lib.rs --error-format=json --json=diagnostic-rendered-ansi,artifacts,future-incompat --crate-type lib --emit=dep-info,metadata -C embed-bitcode=no -C debuginfo=2 --check-cfg 'cfg(docsrs,test)' --check-cfg 'cfg(feature, values("loom"))' -C metadata=aeedd61c6017f341 -C extra-filename=-cb962ad99af9e58b --out-dir /workspaces/noa_ark_os/target/debug/deps -L dependency=/workspaces/noa_ark_os/target/debug/deps --extern lazy_static=/workspaces/noa_ark_os/target/debug/deps/liblazy_static-0b2e546358089710.rmeta --cap-lints allow`
    Checking reqwest v0.11.27
     Running `/home/codespace/.rustup/toolchains/stable-x86_64-unknown-linux-gnu/bin/rustc --crate-name reqwest --edition=2021 /home/codespace/.cargo/registry/src/index.crates.io-1949cf8c6b5b557f/reqwest-0.11.27/src/lib.rs --error-format=json --json=diagnostic-rendered-ansi,artifacts,future-incompat --crate-type lib --emit=dep-info,metadata -C embed-bitcode=no -C debuginfo=2 --cfg 'feature="__tls"' --cfg 'feature="default"' --cfg 'feature="default-tls"' --cfg 'feature="hyper-tls"' --cfg 'feature="json"' --cfg 'feature="native-tls-crate"' --cfg 'feature="serde_json"' --cfg 'feature="tokio-native-tls"' --check-cfg 'cfg(docsrs,test)' --check-cfg 'cfg(feature, values("__internal_proxy_sys_no_cache", "__rustls", "__tls", "async-compression", "blocking", "brotli", "cookie_crate", "cookie_store", "cookies", "default", "default-tls", "deflate", "futures-channel", "gzip", "h3", "h3-quinn", "hickory-dns", "hickory-resolver", "http3", "hyper-rustls", "hyper-tls", "json", "mime_guess", "multipart", "native-tls", "native-tls-alpn", "native-tls-crate", "native-tls-vendored", "quinn", "rustls", "rustls-native-certs", "rustls-tls", "rustls-tls-manual-roots", "rustls-tls-native-roots", "rustls-tls-webpki-roots", "serde_json", "socks", "stream", "tokio-native-tls", "tokio-rustls", "tokio-socks", "tokio-util", "trust-dns", "wasm-streams", "webpki-roots"))' -C metadata=f8c83948709bb236 -C extra-filename=-6e4c5463f09a4995 --out-dir /workspaces/noa_ark_os/target/debug/deps -L dependency=/workspaces/noa_ark_os/target/debug/deps --extern base64=/workspaces/noa_ark_os/target/debug/deps/libbase64-28c267c1a3480fea.rmeta --extern bytes=/workspaces/noa_ark_os/target/debug/deps/libbytes-770a4d47e567a9d3.rmeta --extern encoding_rs=/workspaces/noa_ark_os/target/debug/deps/libencoding_rs-1cb33110548db8c0.rmeta --extern futures_core=/workspaces/noa_ark_os/target/debug/deps/libfutures_core-ef4635112164cc9c.rmeta --extern futures_util=/workspaces/noa_ark_os/target/debug/deps/libfutures_util-6d059a5e08de3c2c.rmeta --extern h2=/workspaces/noa_ark_os/target/debug/deps/libh2-a431cec9435fe685.rmeta --extern http=/workspaces/noa_ark_os/target/debug/deps/libhttp-41e24f544e6fe696.rmeta --extern http_body=/workspaces/noa_ark_os/target/debug/deps/libhttp_body-cc3c514cd43135d8.rmeta --extern hyper=/workspaces/noa_ark_os/target/debug/deps/libhyper-b607056fe1c2bba5.rmeta --extern hyper_tls=/workspaces/noa_ark_os/target/debug/deps/libhyper_tls-1317d0c309877303.rmeta --extern ipnet=/workspaces/noa_ark_os/target/debug/deps/libipnet-463e833e77604e5b.rmeta --extern log=/workspaces/noa_ark_os/target/debug/deps/liblog-ca95c85a3b6980cc.rmeta --extern mime=/workspaces/noa_ark_os/target/debug/deps/libmime-656748d210c9ef2c.rmeta --extern native_tls_crate=/workspaces/noa_ark_os/target/debug/deps/libnative_tls-63e92f8c7608988c.rmeta --extern once_cell=/workspaces/noa_ark_os/target/debug/deps/libonce_cell-1750827ad4c3fd33.rmeta --extern percent_encoding=/workspaces/noa_ark_os/target/debug/deps/libpercent_encoding-bbbfb72321920f01.rmeta --extern pin_project_lite=/workspaces/noa_ark_os/target/debug/deps/libpin_project_lite-1abd4834f7300c42.rmeta --extern rustls_pemfile=/workspaces/noa_ark_os/target/debug/deps/librustls_pemfile-35b72b7dbd3b97c1.rmeta --extern serde=/workspaces/noa_ark_os/target/debug/deps/libserde-05763c756793585d.rmeta --extern serde_json=/workspaces/noa_ark_os/target/debug/deps/libserde_json-da3ada2060f3594c.rmeta --extern serde_urlencoded=/workspaces/noa_ark_os/target/debug/deps/libserde_urlencoded-87c3491033f3e46a.rmeta --extern sync_wrapper=/workspaces/noa_ark_os/target/debug/deps/libsync_wrapper-c35d79362985de2e.rmeta --extern tokio=/workspaces/noa_ark_os/target/debug/deps/libtokio-a79c50a8f766ff76.rmeta --extern tokio_native_tls=/workspaces/noa_ark_os/target/debug/deps/libtokio_native_tls-18b84360150263ce.rmeta --extern tower_service=/workspaces/noa_ark_os/target/debug/deps/libtower_service-402939a1d16ccc7e.rmeta --extern url=/workspaces/noa_ark_os/target/debug/deps/liburl-a3f3c28addd50c6f.rmeta --cap-lints allow`
     Running `/home/codespace/.rustup/toolchains/stable-x86_64-unknown-linux-gnu/bin/rustc --crate-name regex_automata --edition=2021 /home/codespace/.cargo/registry/src/index.crates.io-1949cf8c6b5b557f/regex-automata-0.4.13/src/lib.rs --error-format=json --json=diagnostic-rendered-ansi,artifacts,future-incompat --crate-type lib --emit=dep-info,metadata,link -C embed-bitcode=no --allow=unexpected_cfgs --check-cfg 'cfg(docsrs_regex)' --cfg 'feature="alloc"' --cfg 'feature="meta"' --cfg 'feature="nfa-pikevm"' --cfg 'feature="nfa-thompson"' --cfg 'feature="std"' --cfg 'feature="syntax"' --cfg 'feature="unicode-bool"' --check-cfg 'cfg(docsrs,test)' --check-cfg 'cfg(feature, values("alloc", "default", "dfa", "dfa-build", "dfa-onepass", "dfa-search", "hybrid", "internal-instrument", "internal-instrument-pikevm", "logging", "meta", "nfa", "nfa-backtrack", "nfa-pikevm", "nfa-thompson", "perf", "perf-inline", "perf-literal", "perf-literal-multisubstring", "perf-literal-substring", "std", "syntax", "unicode", "unicode-age", "unicode-bool", "unicode-case", "unicode-gencat", "unicode-perl", "unicode-script", "unicode-segment", "unicode-word-boundary"))' -C metadata=e9f75a57c0d14a55 -C extra-filename=-6d953997929b0756 --out-dir /workspaces/noa_ark_os/target/debug/deps -L dependency=/workspaces/noa_ark_os/target/debug/deps --extern regex_syntax=/workspaces/noa_ark_os/target/debug/deps/libregex_syntax-6218eb4f63e3cc7b.rmeta --cap-lints allow`
     Running `/home/codespace/.rustup/toolchains/stable-x86_64-unknown-linux-gnu/bin/rustc --crate-name indexmap --edition=2021 /home/codespace/.cargo/registry/src/index.crates.io-1949cf8c6b5b557f/indexmap-2.12.0/src/lib.rs --error-format=json --json=diagnostic-rendered-ansi,artifacts,future-incompat --crate-type lib --emit=dep-info,metadata,link -C embed-bitcode=no --deny=unsafe-code --deny=unreachable-pub --deny=unnameable-types '--allow=clippy::style' --warn=rust-2018-idioms --deny=private-interfaces --deny=private-bounds --cfg 'feature="default"' --cfg 'feature="std"' --check-cfg 'cfg(docsrs,test)' --check-cfg 'cfg(feature, values("arbitrary", "borsh", "default", "quickcheck", "rayon", "serde", "std", "sval", "test_debug"))' -C metadata=c128b0309ba09125 -C extra-filename=-19dafa8d2d112080 --out-dir /workspaces/noa_ark_os/target/debug/deps -L dependency=/workspaces/noa_ark_os/target/debug/deps --extern equivalent=/workspaces/noa_ark_os/target/debug/deps/libequivalent-0448374eae41f653.rmeta --extern hashbrown=/workspaces/noa_ark_os/target/debug/deps/libhashbrown-8cb231380d9378b6.rmeta --cap-lints allow`
     Running `/workspaces/noa_ark_os/target/debug/build/prettyplease-0d143f721d1d451d/build-script-build`
     Running `/home/codespace/.rustup/toolchains/stable-x86_64-unknown-linux-gnu/bin/rustc --crate-name rustix --edition=2021 /home/codespace/.cargo/registry/src/index.crates.io-1949cf8c6b5b557f/rustix-1.1.2/src/lib.rs --error-format=json --json=diagnostic-rendered-ansi,artifacts,future-incompat --crate-type lib --emit=dep-info,metadata -C embed-bitcode=no -C debuginfo=2 --warn=unexpected_cfgs --check-cfg 'cfg(alloc_c_string)' --check-cfg 'cfg(alloc_ffi)' --check-cfg 'cfg(apple)' --check-cfg 'cfg(asm_experimental_arch)' --check-cfg 'cfg(bsd)' --check-cfg 'cfg(core_c_str)' --check-cfg 'cfg(core_ffi_c)' --check-cfg 'cfg(core_intrinsics)' --check-cfg 'cfg(criterion)' --check-cfg 'cfg(document_experimental_runtime_api)' --check-cfg 'cfg(error_in_core)' --check-cfg 'cfg(fix_y2038)' --check-cfg 'cfg(freebsdlike)' --check-cfg 'cfg(libc)' --check-cfg 'cfg(linux_kernel)' --check-cfg 'cfg(linux_like)' --check-cfg 'cfg(linux_raw)' --check-cfg 'cfg(linux_raw_dep)' --check-cfg 'cfg(lower_upper_exp_for_non_zero)' --check-cfg 'cfg(netbsdlike)' --check-cfg 'cfg(rustc_attrs)' --check-cfg 'cfg(rustc_diagnostics)' --check-cfg 'cfg(solarish)' --check-cfg 'cfg(staged_api)' --check-cfg 'cfg(static_assertions)' --check-cfg 'cfg(thumb_mode)' --check-cfg 'cfg(wasi)' --check-cfg 'cfg(wasi_ext)' --check-cfg 'cfg(wasip2)' --check-cfg 'cfg(target_arch, values("xtensa"))' --check-cfg 'cfg(target_os, values("cygwin"))' --cfg 'feature="alloc"' --cfg 'feature="default"' --cfg 'feature="fs"' --cfg 'feature="std"' --check-cfg 'cfg(docsrs,test)' --check-cfg 'cfg(feature, values("all-apis", "alloc", "core", "default", "event", "fs", "io_uring", "libc", "libc_errno", "linux_4_11", "linux_5_1", "linux_5_11", "linux_latest", "mm", "mount", "net", "param", "pipe", "process", "pty", "rand", "runtime", "rustc-dep-of-std", "rustc-std-workspace-alloc", "shm", "std", "stdio", "system", "termios", "thread", "time", "try_close", "use-explicitly-provided-auxv", "use-libc", "use-libc-auxv"))' -C metadata=b3a17c3371979f61 -C extra-filename=-86ae9272d97fbc2b --out-dir /workspaces/noa_ark_os/target/debug/deps -L dependency=/workspaces/noa_ark_os/target/debug/deps --extern bitflags=/workspaces/noa_ark_os/target/debug/deps/libbitflags-4c8e4920d3540172.rmeta --extern linux_raw_sys=/workspaces/noa_ark_os/target/debug/deps/liblinux_raw_sys-14794df8ae381127.rmeta --cap-lints allow --cfg static_assertions --cfg lower_upper_exp_for_non_zero --cfg rustc_diagnostics --cfg linux_raw_dep --cfg linux_raw --cfg linux_like --cfg linux_kernel`
   Compiling prost v0.12.6
     Running `/home/codespace/.rustup/toolchains/stable-x86_64-unknown-linux-gnu/bin/rustc --crate-name prost --edition=2021 /home/codespace/.cargo/registry/src/index.crates.io-1949cf8c6b5b557f/prost-0.12.6/src/lib.rs --error-format=json --json=diagnostic-rendered-ansi,artifacts,future-incompat --crate-type lib --emit=dep-info,metadata,link -C embed-bitcode=no --cfg 'feature="derive"' --cfg 'feature="prost-derive"' --check-cfg 'cfg(docsrs,test)' --check-cfg 'cfg(feature, values("default", "derive", "no-recursion-limit", "prost-derive", "std"))' -C metadata=d976edf6baa1f925 -C extra-filename=-6abf6a6007340edb --out-dir /workspaces/noa_ark_os/target/debug/deps -L dependency=/workspaces/noa_ark_os/target/debug/deps --extern bytes=/workspaces/noa_ark_os/target/debug/deps/libbytes-955de99e1a948d7d.rmeta --extern prost_derive=/workspaces/noa_ark_os/target/debug/deps/libprost_derive-32301fd4c088d6ba.so --cap-lints allow`
   Compiling darling_macro v0.21.3
     Running `/home/codespace/.rustup/toolchains/stable-x86_64-unknown-linux-gnu/bin/rustc --crate-name darling_macro --edition=2021 /home/codespace/.cargo/registry/src/index.crates.io-1949cf8c6b5b557f/darling_macro-0.21.3/src/lib.rs --error-format=json --json=diagnostic-rendered-ansi,artifacts,future-incompat --crate-type proc-macro --emit=dep-info,link -C prefer-dynamic -C embed-bitcode=no --check-cfg 'cfg(docsrs,test)' --check-cfg 'cfg(feature, values())' -C metadata=b6fe86963bee6626 -C extra-filename=-18fb801ad0dc8f59 --out-dir /workspaces/noa_ark_os/target/debug/deps -L dependency=/workspaces/noa_ark_os/target/debug/deps --extern darling_core=/workspaces/noa_ark_os/target/debug/deps/libdarling_core-a23ea64c7bb49fab.rlib --extern quote=/workspaces/noa_ark_os/target/debug/deps/libquote-3ffe4560c0d1aec9.rlib --extern syn=/workspaces/noa_ark_os/target/debug/deps/libsyn-70f96d4c829c7253.rlib --extern proc_macro --cap-lints allow`
    Checking matchers v0.2.0
     Running `/home/codespace/.rustup/toolchains/stable-x86_64-unknown-linux-gnu/bin/rustc --crate-name matchers --edition=2018 /home/codespace/.cargo/registry/src/index.crates.io-1949cf8c6b5b557f/matchers-0.2.0/src/lib.rs --error-format=json --json=diagnostic-rendered-ansi,artifacts,future-incompat --crate-type lib --emit=dep-info,metadata -C embed-bitcode=no -C debuginfo=2 --check-cfg 'cfg(docsrs,test)' --check-cfg 'cfg(feature, values("unicode"))' -C metadata=ea9369edd117d632 -C extra-filename=-f137a87eb8a28d91 --out-dir /workspaces/noa_ark_os/target/debug/deps -L dependency=/workspaces/noa_ark_os/target/debug/deps --extern regex_automata=/workspaces/noa_ark_os/target/debug/deps/libregex_automata-bea71732c063c31a.rmeta --cap-lints allow`
    Checking block-buffer v0.10.4
     Running `/home/codespace/.rustup/toolchains/stable-x86_64-unknown-linux-gnu/bin/rustc --crate-name block_buffer --edition=2018 /home/codespace/.cargo/registry/src/index.crates.io-1949cf8c6b5b557f/block-buffer-0.10.4/src/lib.rs --error-format=json --json=diagnostic-rendered-ansi,artifacts,future-incompat --crate-type lib --emit=dep-info,metadata -C embed-bitcode=no -C debuginfo=2 --check-cfg 'cfg(docsrs,test)' --check-cfg 'cfg(feature, values())' -C metadata=ba643fcc4f0b39c5 -C extra-filename=-7e024723c6f8fd33 --out-dir /workspaces/noa_ark_os/target/debug/deps -L dependency=/workspaces/noa_ark_os/target/debug/deps --extern generic_array=/workspaces/noa_ark_os/target/debug/deps/libgeneric_array-b163c4cffa88cb48.rmeta --cap-lints allow`
    Checking crypto-common v0.1.7
     Running `/home/codespace/.rustup/toolchains/stable-x86_64-unknown-linux-gnu/bin/rustc --crate-name crypto_common --edition=2018 /home/codespace/.cargo/registry/src/index.crates.io-1949cf8c6b5b557f/crypto-common-0.1.7/src/lib.rs --error-format=json --json=diagnostic-rendered-ansi,artifacts,future-incompat --crate-type lib --emit=dep-info,metadata -C embed-bitcode=no -C debuginfo=2 --cfg 'feature="std"' --check-cfg 'cfg(docsrs,test)' --check-cfg 'cfg(feature, values("getrandom", "rand_core", "std"))' -C metadata=f5352cef405e238f -C extra-filename=-44082057d3517c9a --out-dir /workspaces/noa_ark_os/target/debug/deps -L dependency=/workspaces/noa_ark_os/target/debug/deps --extern generic_array=/workspaces/noa_ark_os/target/debug/deps/libgeneric_array-b163c4cffa88cb48.rmeta --extern typenum=/workspaces/noa_ark_os/target/debug/deps/libtypenum-80d6d1d31a6c30dc.rmeta --cap-lints allow`
    Checking http-body v1.0.1
     Running `/home/codespace/.rustup/toolchains/stable-x86_64-unknown-linux-gnu/bin/rustc --crate-name http_body --edition=2018 /home/codespace/.cargo/registry/src/index.crates.io-1949cf8c6b5b557f/http-body-1.0.1/src/lib.rs --error-format=json --json=diagnostic-rendered-ansi,artifacts,future-incompat --crate-type lib --emit=dep-info,metadata -C embed-bitcode=no -C debuginfo=2 --check-cfg 'cfg(docsrs,test)' --check-cfg 'cfg(feature, values())' -C metadata=d2657f853d5cdfb4 -C extra-filename=-41fec6839ca47fca --out-dir /workspaces/noa_ark_os/target/debug/deps -L dependency=/workspaces/noa_ark_os/target/debug/deps --extern bytes=/workspaces/noa_ark_os/target/debug/deps/libbytes-770a4d47e567a9d3.rmeta --extern http=/workspaces/noa_ark_os/target/debug/deps/libhttp-28d20393bee645c8.rmeta --cap-lints allow`
   Compiling indexmap v1.9.3
     Running `/home/codespace/.rustup/toolchains/stable-x86_64-unknown-linux-gnu/bin/rustc --crate-name build_script_build --edition=2021 /home/codespace/.cargo/registry/src/index.crates.io-1949cf8c6b5b557f/indexmap-1.9.3/build.rs --error-format=json --json=diagnostic-rendered-ansi,artifacts,future-incompat --crate-type bin --emit=dep-info,link -C embed-bitcode=no --check-cfg 'cfg(docsrs,test)' --check-cfg 'cfg(feature, values("arbitrary", "quickcheck", "rayon", "rustc-rayon", "serde", "serde-1", "std", "test_debug", "test_low_transition_point"))' -C metadata=a6d2401ec0760e2c -C extra-filename=-eaf4444425cdb24d --out-dir /workspaces/noa_ark_os/target/debug/build/indexmap-eaf4444425cdb24d -L dependency=/workspaces/noa_ark_os/target/debug/deps --extern autocfg=/workspaces/noa_ark_os/target/debug/deps/libautocfg-2baaa58c24c54262.rlib --cap-lints allow`
    Checking tracing-log v0.2.0
     Running `/home/codespace/.rustup/toolchains/stable-x86_64-unknown-linux-gnu/bin/rustc --crate-name tracing_log --edition=2018 /home/codespace/.cargo/registry/src/index.crates.io-1949cf8c6b5b557f/tracing-log-0.2.0/src/lib.rs --error-format=json --json=diagnostic-rendered-ansi,artifacts,future-incompat --crate-type lib --emit=dep-info,metadata -C embed-bitcode=no -C debuginfo=2 --cfg 'feature="log-tracer"' --cfg 'feature="std"' --check-cfg 'cfg(docsrs,test)' --check-cfg 'cfg(feature, values("ahash", "default", "interest-cache", "log-tracer", "lru", "std"))' -C metadata=abe045af40151d56 -C extra-filename=-e7af2db3541abd12 --out-dir /workspaces/noa_ark_os/target/debug/deps -L dependency=/workspaces/noa_ark_os/target/debug/deps --extern log=/workspaces/noa_ark_os/target/debug/deps/liblog-ca95c85a3b6980cc.rmeta --extern once_cell=/workspaces/noa_ark_os/target/debug/deps/libonce_cell-1750827ad4c3fd33.rmeta --extern tracing_core=/workspaces/noa_ark_os/target/debug/deps/libtracing_core-d3e5fd1547b1076a.rmeta --cap-lints allow`
    Checking csv-core v0.1.13
     Running `/home/codespace/.rustup/toolchains/stable-x86_64-unknown-linux-gnu/bin/rustc --crate-name csv_core --edition=2018 /home/codespace/.cargo/registry/src/index.crates.io-1949cf8c6b5b557f/csv-core-0.1.13/src/lib.rs --error-format=json --json=diagnostic-rendered-ansi,artifacts,future-incompat --crate-type lib --emit=dep-info,metadata -C embed-bitcode=no -C debuginfo=2 --cfg 'feature="default"' --check-cfg 'cfg(docsrs,test)' --check-cfg 'cfg(feature, values("default", "libc"))' -C metadata=24ba0d32742a87aa -C extra-filename=-8a73fac52568c008 --out-dir /workspaces/noa_ark_os/target/debug/deps -L dependency=/workspaces/noa_ark_os/target/debug/deps --extern memchr=/workspaces/noa_ark_os/target/debug/deps/libmemchr-5438e9ad5d4917e5.rmeta --cap-lints allow`
    Checking thread_local v1.1.9
     Running `/home/codespace/.rustup/toolchains/stable-x86_64-unknown-linux-gnu/bin/rustc --crate-name thread_local --edition=2021 /home/codespace/.cargo/registry/src/index.crates.io-1949cf8c6b5b557f/thread_local-1.1.9/src/lib.rs --error-format=json --json=diagnostic-rendered-ansi,artifacts,future-incompat --crate-type lib --emit=dep-info,metadata -C embed-bitcode=no -C debuginfo=2 --check-cfg 'cfg(docsrs,test)' --check-cfg 'cfg(feature, values("nightly"))' -C metadata=8878662f20c325be -C extra-filename=-cdf1a1fb1d0578b5 --out-dir /workspaces/noa_ark_os/target/debug/deps -L dependency=/workspaces/noa_ark_os/target/debug/deps --extern cfg_if=/workspaces/noa_ark_os/target/debug/deps/libcfg_if-8a61fb9a152698a3.rmeta --cap-lints allow`
    Checking simd-adler32 v0.3.7
     Running `/home/codespace/.rustup/toolchains/stable-x86_64-unknown-linux-gnu/bin/rustc --crate-name simd_adler32 --edition=2018 /home/codespace/.cargo/registry/src/index.crates.io-1949cf8c6b5b557f/simd-adler32-0.3.7/src/lib.rs --error-format=json --json=diagnostic-rendered-ansi,artifacts,future-incompat --crate-type lib --emit=dep-info,metadata -C embed-bitcode=no -C debuginfo=2 --check-cfg 'cfg(docsrs,test)' --check-cfg 'cfg(feature, values("const-generics", "default", "nightly", "std"))' -C metadata=b3d9376d7418248d -C extra-filename=-8d25b36e2f380151 --out-dir /workspaces/noa_ark_os/target/debug/deps -L dependency=/workspaces/noa_ark_os/target/debug/deps --cap-lints allow`
    Checking clap_lex v0.7.6
     Running `/home/codespace/.rustup/toolchains/stable-x86_64-unknown-linux-gnu/bin/rustc --crate-name clap_lex --edition=2021 /home/codespace/.cargo/registry/src/index.crates.io-1949cf8c6b5b557f/clap_lex-0.7.6/src/lib.rs --error-format=json --json=diagnostic-rendered-ansi,artifacts,future-incompat --crate-type lib --emit=dep-info,metadata -C embed-bitcode=no -C debuginfo=2 --warn=rust_2018_idioms '--warn=clippy::zero_sized_map_values' '--warn=clippy::verbose_file_reads' --warn=unused_qualifications --warn=unused_macro_rules --warn=unused_lifetimes --warn=unsafe_op_in_unsafe_fn --warn=unreachable_pub --allow=unnameable_types '--warn=clippy::uninlined_format_args' '--warn=clippy::trait_duplication_in_bounds' '--warn=clippy::todo' '--warn=clippy::string_lit_as_bytes' '--warn=clippy::string_add_assign' '--warn=clippy::semicolon_if_nothing_returned' '--warn=clippy::self_named_module_files' '--warn=clippy::same_functions_in_if_condition' '--allow=clippy::result_large_err' '--warn=clippy::rest_pat_in_fully_bound_structs' '--warn=clippy::ref_option_ref' '--warn=clippy::redundant_feature_names' '--warn=clippy::rc_mutex' '--warn=clippy::ptr_as_ptr' '--warn=clippy::path_buf_push_overwrite' '--warn=clippy::negative_feature_names' '--warn=clippy::needless_for_each' '--allow=clippy::needless_continue' '--warn=clippy::mutex_integer' '--allow=clippy::multiple_bound_locations' '--warn=clippy::mem_forget' '--warn=clippy::macro_use_imports' '--warn=clippy::lossy_float_literal' '--warn=clippy::linkedlist' '--allow=clippy::let_and_return' '--warn=clippy::large_types_passed_by_value' '--warn=clippy::large_stack_arrays' '--warn=clippy::large_digit_groups' '--warn=clippy::invalid_upcast_comparisons' '--warn=clippy::infinite_loop' '--warn=clippy::inefficient_to_string' '--warn=clippy::inconsistent_struct_constructor' '--warn=clippy::imprecise_flops' '--warn=clippy::implicit_clone' '--allow=clippy::if_same_then_else' '--warn=clippy::from_iter_instead_of_collect' '--warn=clippy::fn_params_excessive_bools' '--warn=clippy::float_cmp_const' '--warn=clippy::flat_map_option' '--warn=clippy::filter_map_next' '--warn=clippy::fallible_impl_from' '--warn=clippy::explicit_into_iter_loop' '--warn=clippy::explicit_deref_methods' '--warn=clippy::expl_impl_clone_on_copy' '--warn=clippy::enum_glob_use' '--warn=clippy::empty_enum' '--warn=clippy::doc_markdown' '--warn=clippy::debug_assert_with_mut_call' '--warn=clippy::dbg_macro' '--warn=clippy::create_dir' '--allow=clippy::collapsible_else_if' '--warn=clippy::checked_conversions' '--allow=clippy::branches_sharing_code' '--allow=clippy::bool_assert_comparison' '--allow=clippy::blocks_in_conditions' '--allow=clippy::assigning_clones' --check-cfg 'cfg(docsrs,test)' --check-cfg 'cfg(feature, values())' -C metadata=4b6919192de9022c -C extra-filename=-4ecf5dd869f540dd --out-dir /workspaces/noa_ark_os/target/debug/deps -L dependency=/workspaces/noa_ark_os/target/debug/deps --cap-lints allow`
     Running `/home/codespace/.rustup/toolchains/stable-x86_64-unknown-linux-gnu/bin/rustc --crate-name once_cell --edition=2021 /home/codespace/.cargo/registry/src/index.crates.io-1949cf8c6b5b557f/once_cell-1.21.3/src/lib.rs --error-format=json --json=diagnostic-rendered-ansi,artifacts,future-incompat --crate-type lib --emit=dep-info,metadata,link -C embed-bitcode=no --cfg 'feature="alloc"' --cfg 'feature="default"' --cfg 'feature="race"' --cfg 'feature="std"' --check-cfg 'cfg(docsrs,test)' --check-cfg 'cfg(feature, values("alloc", "atomic-polyfill", "critical-section", "default", "parking_lot", "portable-atomic", "race", "std", "unstable"))' -C metadata=526984f4a4bbf625 -C extra-filename=-2f13f097b389347b --out-dir /workspaces/noa_ark_os/target/debug/deps -L dependency=/workspaces/noa_ark_os/target/debug/deps --cap-lints allow`
   Compiling fastrand v2.3.0
     Running `/home/codespace/.rustup/toolchains/stable-x86_64-unknown-linux-gnu/bin/rustc --crate-name fastrand --edition=2018 /home/codespace/.cargo/registry/src/index.crates.io-1949cf8c6b5b557f/fastrand-2.3.0/src/lib.rs --error-format=json --json=diagnostic-rendered-ansi,artifacts,future-incompat --crate-type lib --emit=dep-info,metadata,link -C embed-bitcode=no --cfg 'feature="alloc"' --cfg 'feature="default"' --cfg 'feature="std"' --check-cfg 'cfg(docsrs,test)' --check-cfg 'cfg(feature, values("alloc", "default", "getrandom", "js", "std"))' -C metadata=566f69fb3d24ab42 -C extra-filename=-ded841573c2ed126 --out-dir /workspaces/noa_ark_os/target/debug/deps -L dependency=/workspaces/noa_ark_os/target/debug/deps --cap-lints allow`
     Running `/home/codespace/.rustup/toolchains/stable-x86_64-unknown-linux-gnu/bin/rustc --crate-name strsim --edition=2015 /home/codespace/.cargo/registry/src/index.crates.io-1949cf8c6b5b557f/strsim-0.11.1/src/lib.rs --error-format=json --json=diagnostic-rendered-ansi,artifacts,future-incompat --crate-type lib --emit=dep-info,metadata -C embed-bitcode=no -C debuginfo=2 --check-cfg 'cfg(docsrs,test)' --check-cfg 'cfg(feature, values())' -C metadata=92676a08cb3904dc -C extra-filename=-b4ed58300d41cc55 --out-dir /workspaces/noa_ark_os/target/debug/deps -L dependency=/workspaces/noa_ark_os/target/debug/deps --cap-lints allow`
    Checking adler2 v2.0.1
     Running `/home/codespace/.rustup/toolchains/stable-x86_64-unknown-linux-gnu/bin/rustc --crate-name adler2 --edition=2021 /home/codespace/.cargo/registry/src/index.crates.io-1949cf8c6b5b557f/adler2-2.0.1/src/lib.rs --error-format=json --json=diagnostic-rendered-ansi,artifacts,future-incompat --crate-type lib --emit=dep-info,metadata -C embed-bitcode=no -C debuginfo=2 --check-cfg 'cfg(docsrs,test)' --check-cfg 'cfg(feature, values("core", "default", "rustc-dep-of-std", "std"))' -C metadata=c5d2e2e6ac85d177 -C extra-filename=-d2936b2a3c2934e4 --out-dir /workspaces/noa_ark_os/target/debug/deps -L dependency=/workspaces/noa_ark_os/target/debug/deps --cap-lints allow`
    Checking nu-ansi-term v0.50.3
     Running `/home/codespace/.rustup/toolchains/stable-x86_64-unknown-linux-gnu/bin/rustc --crate-name nu_ansi_term --edition=2021 /home/codespace/.cargo/registry/src/index.crates.io-1949cf8c6b5b557f/nu-ansi-term-0.50.3/src/lib.rs --error-format=json --json=diagnostic-rendered-ansi,artifacts,future-incompat --crate-type lib --emit=dep-info,metadata -C embed-bitcode=no -C debuginfo=2 --cfg 'feature="default"' --cfg 'feature="std"' --check-cfg 'cfg(docsrs,test)' --check-cfg 'cfg(feature, values("default", "derive_serde_style", "gnu_legacy", "serde", "std"))' -C metadata=2bc84e8554fa2bcd -C extra-filename=-0784ed29ba5a99b4 --out-dir /workspaces/noa_ark_os/target/debug/deps -L dependency=/workspaces/noa_ark_os/target/debug/deps --cap-lints allow`
   Compiling fixedbitset v0.4.2
     Running `/home/codespace/.rustup/toolchains/stable-x86_64-unknown-linux-gnu/bin/rustc --crate-name fixedbitset --edition=2015 /home/codespace/.cargo/registry/src/index.crates.io-1949cf8c6b5b557f/fixedbitset-0.4.2/src/lib.rs --error-format=json --json=diagnostic-rendered-ansi,artifacts,future-incompat --crate-type lib --emit=dep-info,metadata,link -C embed-bitcode=no --check-cfg 'cfg(docsrs,test)' --check-cfg 'cfg(feature, values("default", "serde", "std"))' -C metadata=49b5c22af6c7af0c -C extra-filename=-a627edfbc4f34648 --out-dir /workspaces/noa_ark_os/target/debug/deps -L dependency=/workspaces/noa_ark_os/target/debug/deps --cap-lints allow`
   Compiling petgraph v0.6.5
     Running `/home/codespace/.rustup/toolchains/stable-x86_64-unknown-linux-gnu/bin/rustc --crate-name petgraph --edition=2018 /home/codespace/.cargo/registry/src/index.crates.io-1949cf8c6b5b557f/petgraph-0.6.5/src/lib.rs --error-format=json --json=diagnostic-rendered-ansi,artifacts,future-incompat --crate-type lib --emit=dep-info,metadata,link -C embed-bitcode=no --check-cfg 'cfg(docsrs,test)' --check-cfg 'cfg(feature, values("all", "default", "generate", "graphmap", "matrix_graph", "quickcheck", "rayon", "serde", "serde-1", "serde_derive", "stable_graph", "unstable"))' -C metadata=f803a22ba8242969 -C extra-filename=-8a8d6f8003da4bec --out-dir /workspaces/noa_ark_os/target/debug/deps -L dependency=/workspaces/noa_ark_os/target/debug/deps --extern fixedbitset=/workspaces/noa_ark_os/target/debug/deps/libfixedbitset-a627edfbc4f34648.rmeta --extern indexmap=/workspaces/noa_ark_os/target/debug/deps/libindexmap-19dafa8d2d112080.rmeta --cap-lints allow`
    Checking tracing-subscriber v0.3.20
     Running `/home/codespace/.rustup/toolchains/stable-x86_64-unknown-linux-gnu/bin/rustc --crate-name tracing_subscriber --edition=2018 /home/codespace/.cargo/registry/src/index.crates.io-1949cf8c6b5b557f/tracing-subscriber-0.3.20/src/lib.rs --error-format=json --json=diagnostic-rendered-ansi,artifacts,future-incompat --crate-type lib --emit=dep-info,metadata -C embed-bitcode=no -C debuginfo=2 --warn=unexpected_cfgs --check-cfg 'cfg(flaky_tests)' --check-cfg 'cfg(tracing_unstable)' --check-cfg 'cfg(unsound_local_offset)' --cfg 'feature="alloc"' --cfg 'feature="ansi"' --cfg 'feature="default"' --cfg 'feature="env-filter"' --cfg 'feature="fmt"' --cfg 'feature="matchers"' --cfg 'feature="nu-ansi-term"' --cfg 'feature="once_cell"' --cfg 'feature="registry"' --cfg 'feature="sharded-slab"' --cfg 'feature="smallvec"' --cfg 'feature="std"' --cfg 'feature="thread_local"' --cfg 'feature="tracing"' --cfg 'feature="tracing-log"' --check-cfg 'cfg(docsrs,test)' --check-cfg 'cfg(feature, values("alloc", "ansi", "chrono", "default", "env-filter", "fmt", "json", "local-time", "matchers", "nu-ansi-term", "once_cell", "parking_lot", "regex", "registry", "serde", "serde_json", "sharded-slab", "smallvec", "std", "thread_local", "time", "tracing", "tracing-log", "tracing-serde", "valuable", "valuable-serde", "valuable_crate"))' -C metadata=39b61a4874abbb34 -C extra-filename=-ccdc6ca7cb737134 --out-dir /workspaces/noa_ark_os/target/debug/deps -L dependency=/workspaces/noa_ark_os/target/debug/deps --extern matchers=/workspaces/noa_ark_os/target/debug/deps/libmatchers-f137a87eb8a28d91.rmeta --extern nu_ansi_term=/workspaces/noa_ark_os/target/debug/deps/libnu_ansi_term-0784ed29ba5a99b4.rmeta --extern once_cell=/workspaces/noa_ark_os/target/debug/deps/libonce_cell-1750827ad4c3fd33.rmeta --extern regex_automata=/workspaces/noa_ark_os/target/debug/deps/libregex_automata-bea71732c063c31a.rmeta --extern sharded_slab=/workspaces/noa_ark_os/target/debug/deps/libsharded_slab-cb962ad99af9e58b.rmeta --extern smallvec=/workspaces/noa_ark_os/target/debug/deps/libsmallvec-346c429c14fab3be.rmeta --extern thread_local=/workspaces/noa_ark_os/target/debug/deps/libthread_local-cdf1a1fb1d0578b5.rmeta --extern tracing=/workspaces/noa_ark_os/target/debug/deps/libtracing-f3d5401452431b0d.rmeta --extern tracing_core=/workspaces/noa_ark_os/target/debug/deps/libtracing_core-d3e5fd1547b1076a.rmeta --extern tracing_log=/workspaces/noa_ark_os/target/debug/deps/libtracing_log-e7af2db3541abd12.rmeta --cap-lints allow`
    Checking miniz_oxide v0.8.9
     Running `/home/codespace/.rustup/toolchains/stable-x86_64-unknown-linux-gnu/bin/rustc --crate-name miniz_oxide --edition=2021 /home/codespace/.cargo/registry/src/index.crates.io-1949cf8c6b5b557f/miniz_oxide-0.8.9/src/lib.rs --error-format=json --json=diagnostic-rendered-ansi,artifacts,future-incompat --crate-type lib --emit=dep-info,metadata -C embed-bitcode=no -C debuginfo=2 --warn=unexpected_cfgs --check-cfg 'cfg(fuzzing)' --cfg 'feature="simd"' --cfg 'feature="simd-adler32"' --cfg 'feature="with-alloc"' --check-cfg 'cfg(docsrs,test)' --check-cfg 'cfg(feature, values("alloc", "block-boundary", "core", "default", "rustc-dep-of-std", "serde", "simd", "simd-adler32", "std", "with-alloc"))' -C metadata=120611017552d3b0 -C extra-filename=-b9b2586620391c45 --out-dir /workspaces/noa_ark_os/target/debug/deps -L dependency=/workspaces/noa_ark_os/target/debug/deps --extern adler2=/workspaces/noa_ark_os/target/debug/deps/libadler2-d2936b2a3c2934e4.rmeta --extern simd_adler32=/workspaces/noa_ark_os/target/debug/deps/libsimd_adler32-8d25b36e2f380151.rmeta --cap-lints allow`
    Checking clap_builder v4.5.51
     Running `/home/codespace/.rustup/toolchains/stable-x86_64-unknown-linux-gnu/bin/rustc --crate-name clap_builder --edition=2021 /home/codespace/.cargo/registry/src/index.crates.io-1949cf8c6b5b557f/clap_builder-4.5.51/src/lib.rs --error-format=json --json=diagnostic-rendered-ansi,artifacts,future-incompat --crate-type lib --emit=dep-info,metadata -C embed-bitcode=no -C debuginfo=2 --warn=rust_2018_idioms '--warn=clippy::zero_sized_map_values' '--warn=clippy::verbose_file_reads' --warn=unused_qualifications --warn=unused_macro_rules --warn=unused_lifetimes --warn=unsafe_op_in_unsafe_fn --warn=unreachable_pub --allow=unnameable_types '--warn=clippy::uninlined_format_args' '--warn=clippy::trait_duplication_in_bounds' '--warn=clippy::todo' '--warn=clippy::string_lit_as_bytes' '--warn=clippy::string_add_assign' '--warn=clippy::semicolon_if_nothing_returned' '--warn=clippy::self_named_module_files' '--warn=clippy::same_functions_in_if_condition' '--allow=clippy::result_large_err' '--warn=clippy::rest_pat_in_fully_bound_structs' '--warn=clippy::ref_option_ref' '--warn=clippy::redundant_feature_names' '--warn=clippy::rc_mutex' '--warn=clippy::ptr_as_ptr' '--warn=clippy::path_buf_push_overwrite' '--warn=clippy::negative_feature_names' '--warn=clippy::needless_for_each' '--allow=clippy::needless_continue' '--warn=clippy::mutex_integer' '--allow=clippy::multiple_bound_locations' '--warn=clippy::mem_forget' '--warn=clippy::macro_use_imports' '--warn=clippy::lossy_float_literal' '--warn=clippy::linkedlist' '--allow=clippy::let_and_return' '--warn=clippy::large_types_passed_by_value' '--warn=clippy::large_stack_arrays' '--warn=clippy::large_digit_groups' '--warn=clippy::invalid_upcast_comparisons' '--warn=clippy::infinite_loop' '--warn=clippy::inefficient_to_string' '--warn=clippy::inconsistent_struct_constructor' '--warn=clippy::imprecise_flops' '--warn=clippy::implicit_clone' '--allow=clippy::if_same_then_else' '--warn=clippy::from_iter_instead_of_collect' '--warn=clippy::fn_params_excessive_bools' '--warn=clippy::float_cmp_const' '--warn=clippy::flat_map_option' '--warn=clippy::filter_map_next' '--warn=clippy::fallible_impl_from' '--warn=clippy::explicit_into_iter_loop' '--warn=clippy::explicit_deref_methods' '--warn=clippy::expl_impl_clone_on_copy' '--warn=clippy::enum_glob_use' '--warn=clippy::empty_enum' '--warn=clippy::doc_markdown' '--warn=clippy::debug_assert_with_mut_call' '--warn=clippy::dbg_macro' '--warn=clippy::create_dir' '--allow=clippy::collapsible_else_if' '--warn=clippy::checked_conversions' '--allow=clippy::branches_sharing_code' '--allow=clippy::bool_assert_comparison' '--allow=clippy::blocks_in_conditions' '--allow=clippy::assigning_clones' --cfg 'feature="color"' --cfg 'feature="error-context"' --cfg 'feature="help"' --cfg 'feature="std"' --cfg 'feature="suggestions"' --cfg 'feature="usage"' --check-cfg 'cfg(docsrs,test)' --check-cfg 'cfg(feature, values("cargo", "color", "debug", "default", "deprecated", "env", "error-context", "help", "std", "string", "suggestions", "unicode", "unstable-doc", "unstable-ext", "unstable-styles", "unstable-v5", "usage", "wrap_help"))' -C metadata=1c0532627c7d2e24 -C extra-filename=-0149070514a61067 --out-dir /workspaces/noa_ark_os/target/debug/deps -L dependency=/workspaces/noa_ark_os/target/debug/deps --extern anstream=/workspaces/noa_ark_os/target/debug/deps/libanstream-5c5bc50826c29d5c.rmeta --extern anstyle=/workspaces/noa_ark_os/target/debug/deps/libanstyle-d068366c97dda582.rmeta --extern clap_lex=/workspaces/noa_ark_os/target/debug/deps/libclap_lex-4ecf5dd869f540dd.rmeta --extern strsim=/workspaces/noa_ark_os/target/debug/deps/libstrsim-b4ed58300d41cc55.rmeta --cap-lints allow`
   Compiling tempfile v3.23.0
     Running `/home/codespace/.rustup/toolchains/stable-x86_64-unknown-linux-gnu/bin/rustc --crate-name tempfile --edition=2021 /home/codespace/.cargo/registry/src/index.crates.io-1949cf8c6b5b557f/tempfile-3.23.0/src/lib.rs --error-format=json --json=diagnostic-rendered-ansi,artifacts,future-incompat --crate-type lib --emit=dep-info,metadata,link -C embed-bitcode=no --cfg 'feature="default"' --cfg 'feature="getrandom"' --check-cfg 'cfg(docsrs,test)' --check-cfg 'cfg(feature, values("default", "getrandom", "nightly"))' -C metadata=0c10146a6affa956 -C extra-filename=-2dd91a80227c60b6 --out-dir /workspaces/noa_ark_os/target/debug/deps -L dependency=/workspaces/noa_ark_os/target/debug/deps --extern fastrand=/workspaces/noa_ark_os/target/debug/deps/libfastrand-ded841573c2ed126.rmeta --extern getrandom=/workspaces/noa_ark_os/target/debug/deps/libgetrandom-0ffcc24e5633f8c1.rmeta --extern once_cell=/workspaces/noa_ark_os/target/debug/deps/libonce_cell-2f13f097b389347b.rmeta --extern rustix=/workspaces/noa_ark_os/target/debug/deps/librustix-1b40268995f24a22.rmeta --cap-lints allow`
    Checking csv v1.4.0
     Running `/home/codespace/.rustup/toolchains/stable-x86_64-unknown-linux-gnu/bin/rustc --crate-name csv --edition=2021 /home/codespace/.cargo/registry/src/index.crates.io-1949cf8c6b5b557f/csv-1.4.0/src/lib.rs --error-format=json --json=diagnostic-rendered-ansi,artifacts,future-incompat --crate-type lib --emit=dep-info,metadata -C embed-bitcode=no -C debuginfo=2 --check-cfg 'cfg(docsrs,test)' --check-cfg 'cfg(feature, values())' -C metadata=1ff32d0368c07598 -C extra-filename=-cda80ecd518d764f --out-dir /workspaces/noa_ark_os/target/debug/deps -L dependency=/workspaces/noa_ark_os/target/debug/deps --extern csv_core=/workspaces/noa_ark_os/target/debug/deps/libcsv_core-8a73fac52568c008.rmeta --extern itoa=/workspaces/noa_ark_os/target/debug/deps/libitoa-5464c517accf7a26.rmeta --extern ryu=/workspaces/noa_ark_os/target/debug/deps/libryu-09b181dadcf8bb5c.rmeta --extern serde_core=/workspaces/noa_ark_os/target/debug/deps/libserde_core-9b4466dc71da9955.rmeta --cap-lints allow`
     Running `/workspaces/noa_ark_os/target/debug/build/indexmap-eaf4444425cdb24d/build-script-build`
    Checking digest v0.10.7
     Running `/home/codespace/.rustup/toolchains/stable-x86_64-unknown-linux-gnu/bin/rustc --crate-name digest --edition=2018 /home/codespace/.cargo/registry/src/index.crates.io-1949cf8c6b5b557f/digest-0.10.7/src/lib.rs --error-format=json --json=diagnostic-rendered-ansi,artifacts,future-incompat --crate-type lib --emit=dep-info,metadata -C embed-bitcode=no -C debuginfo=2 --cfg 'feature="alloc"' --cfg 'feature="block-buffer"' --cfg 'feature="core-api"' --cfg 'feature="default"' --cfg 'feature="std"' --check-cfg 'cfg(docsrs,test)' --check-cfg 'cfg(feature, values("alloc", "blobby", "block-buffer", "const-oid", "core-api", "default", "dev", "mac", "oid", "rand_core", "std", "subtle"))' -C metadata=f5cb3500e1e327f2 -C extra-filename=-d0f4be517f696ccd --out-dir /workspaces/noa_ark_os/target/debug/deps -L dependency=/workspaces/noa_ark_os/target/debug/deps --extern block_buffer=/workspaces/noa_ark_os/target/debug/deps/libblock_buffer-7e024723c6f8fd33.rmeta --extern crypto_common=/workspaces/noa_ark_os/target/debug/deps/libcrypto_common-44082057d3517c9a.rmeta --cap-lints allow`
   Compiling darling v0.21.3
     Running `/home/codespace/.rustup/toolchains/stable-x86_64-unknown-linux-gnu/bin/rustc --crate-name darling --edition=2021 /home/codespace/.cargo/registry/src/index.crates.io-1949cf8c6b5b557f/darling-0.21.3/src/lib.rs --error-format=json --json=diagnostic-rendered-ansi,artifacts,future-incompat --crate-type lib --emit=dep-info,metadata,link -C embed-bitcode=no --warn=unexpected_cfgs --check-cfg 'cfg(compiletests)' --cfg 'feature="default"' --cfg 'feature="suggestions"' --check-cfg 'cfg(docsrs,test)' --check-cfg 'cfg(feature, values("default", "diagnostics", "serde", "suggestions"))' -C metadata=f73c50a909444d1d -C extra-filename=-e972ad96dbcff2c8 --out-dir /workspaces/noa_ark_os/target/debug/deps -L dependency=/workspaces/noa_ark_os/target/debug/deps --extern darling_core=/workspaces/noa_ark_os/target/debug/deps/libdarling_core-a23ea64c7bb49fab.rmeta --extern darling_macro=/workspaces/noa_ark_os/target/debug/deps/libdarling_macro-18fb801ad0dc8f59.so --cap-lints allow`
   Compiling prost-types v0.12.6
     Running `/home/codespace/.rustup/toolchains/stable-x86_64-unknown-linux-gnu/bin/rustc --crate-name prost_types --edition=2021 /home/codespace/.cargo/registry/src/index.crates.io-1949cf8c6b5b557f/prost-types-0.12.6/src/lib.rs --error-format=json --json=diagnostic-rendered-ansi,artifacts,future-incompat --crate-type lib --emit=dep-info,metadata,link -C embed-bitcode=no --check-cfg 'cfg(docsrs,test)' --check-cfg 'cfg(feature, values("default", "std"))' -C metadata=7f38f2070e331e53 -C extra-filename=-5dca23de40beb2f3 --out-dir /workspaces/noa_ark_os/target/debug/deps -L dependency=/workspaces/noa_ark_os/target/debug/deps --extern prost=/workspaces/noa_ark_os/target/debug/deps/libprost-6abf6a6007340edb.rmeta --cap-lints allow`
     Running `/home/codespace/.rustup/toolchains/stable-x86_64-unknown-linux-gnu/bin/rustc --crate-name prettyplease --edition=2021 /home/codespace/.cargo/registry/src/index.crates.io-1949cf8c6b5b557f/prettyplease-0.2.37/src/lib.rs --error-format=json --json=diagnostic-rendered-ansi,artifacts,future-incompat --crate-type lib --emit=dep-info,metadata,link -C embed-bitcode=no --check-cfg 'cfg(docsrs,test)' --check-cfg 'cfg(feature, values("verbatim"))' -C metadata=0285e60fdead8fad -C extra-filename=-535c55cb55e9eaac --out-dir /workspaces/noa_ark_os/target/debug/deps -L dependency=/workspaces/noa_ark_os/target/debug/deps --extern proc_macro2=/workspaces/noa_ark_os/target/debug/deps/libproc_macro2-0d3780dccc1fd28c.rmeta --extern syn=/workspaces/noa_ark_os/target/debug/deps/libsyn-70f96d4c829c7253.rmeta --cap-lints allow --check-cfg 'cfg(exhaustive)' --check-cfg 'cfg(prettyplease_debug)' --check-cfg 'cfg(prettyplease_debug_indent)'`
   Compiling regex v1.12.2
     Running `/home/codespace/.rustup/toolchains/stable-x86_64-unknown-linux-gnu/bin/rustc --crate-name regex --edition=2021 /home/codespace/.cargo/registry/src/index.crates.io-1949cf8c6b5b557f/regex-1.12.2/src/lib.rs --error-format=json --json=diagnostic-rendered-ansi,artifacts,future-incompat --crate-type lib --emit=dep-info,metadata,link -C embed-bitcode=no --allow=unexpected_cfgs --check-cfg 'cfg(docsrs_regex)' --cfg 'feature="std"' --cfg 'feature="unicode-bool"' --check-cfg 'cfg(docsrs,test)' --check-cfg 'cfg(feature, values("default", "logging", "pattern", "perf", "perf-backtrack", "perf-cache", "perf-dfa", "perf-dfa-full", "perf-inline", "perf-literal", "perf-onepass", "std", "unicode", "unicode-age", "unicode-bool", "unicode-case", "unicode-gencat", "unicode-perl", "unicode-script", "unicode-segment", "unstable", "use_std"))' -C metadata=6e32777edcc468f9 -C extra-filename=-b4da6a6b6bd3f144 --out-dir /workspaces/noa_ark_os/target/debug/deps -L dependency=/workspaces/noa_ark_os/target/debug/deps --extern regex_automata=/workspaces/noa_ark_os/target/debug/deps/libregex_automata-6d953997929b0756.rmeta --extern regex_syntax=/workspaces/noa_ark_os/target/debug/deps/libregex_syntax-6218eb4f63e3cc7b.rmeta --cap-lints allow`
    Checking noa_inference v0.1.0 (/workspaces/noa_ark_os/server/ai/inference)
     Running `/home/codespace/.rustup/toolchains/stable-x86_64-unknown-linux-gnu/bin/rustc --crate-name noa_inference --edition=2021 server/ai/inference/src/lib.rs --error-format=json --json=diagnostic-rendered-ansi,artifacts,future-incompat --crate-type lib --emit=dep-info,metadata -C embed-bitcode=no -C debuginfo=2 --check-cfg 'cfg(docsrs,test)' --check-cfg 'cfg(feature, values())' -C metadata=9001d8a6ca35f413 -C extra-filename=-503888f19fb02346 --out-dir /workspaces/noa_ark_os/target/debug/deps -C incremental=/workspaces/noa_ark_os/target/debug/incremental -L dependency=/workspaces/noa_ark_os/target/debug/deps --extern anyhow=/workspaces/noa_ark_os/target/debug/deps/libanyhow-5507866cbcf9167e.rmeta --extern async_trait=/workspaces/noa_ark_os/target/debug/deps/libasync_trait-4eefe3d1330face5.so --extern reqwest=/workspaces/noa_ark_os/target/debug/deps/libreqwest-6e4c5463f09a4995.rmeta --extern serde=/workspaces/noa_ark_os/target/debug/deps/libserde-05763c756793585d.rmeta --extern serde_json=/workspaces/noa_ark_os/target/debug/deps/libserde_json-da3ada2060f3594c.rmeta --extern thiserror=/workspaces/noa_ark_os/target/debug/deps/libthiserror-a623725ffa7d7e7e.rmeta --extern tokio=/workspaces/noa_ark_os/target/debug/deps/libtokio-a79c50a8f766ff76.rmeta --extern tracing=/workspaces/noa_ark_os/target/debug/deps/libtracing-f3d5401452431b0d.rmeta`
     Running `/home/codespace/.rustup/toolchains/stable-x86_64-unknown-linux-gnu/bin/rustc --crate-name crc32fast --edition=2021 /home/codespace/.cargo/registry/src/index.crates.io-1949cf8c6b5b557f/crc32fast-1.5.0/src/lib.rs --error-format=json --json=diagnostic-rendered-ansi,artifacts,future-incompat --crate-type lib --emit=dep-info,metadata -C embed-bitcode=no -C debuginfo=2 --cfg 'feature="default"' --cfg 'feature="std"' --check-cfg 'cfg(docsrs,test)' --check-cfg 'cfg(feature, values("default", "nightly", "std"))' -C metadata=37525b6b25b71346 -C extra-filename=-25d4485af18b62e5 --out-dir /workspaces/noa_ark_os/target/debug/deps -L dependency=/workspaces/noa_ark_os/target/debug/deps --extern cfg_if=/workspaces/noa_ark_os/target/debug/deps/libcfg_if-8a61fb9a152698a3.rmeta --cap-lints allow --cfg stable_arm_crc32_intrinsics --check-cfg 'cfg(stable_arm_crc32_intrinsics)'`
   Compiling clap_derive v4.5.49
     Running `/home/codespace/.rustup/toolchains/stable-x86_64-unknown-linux-gnu/bin/rustc --crate-name clap_derive --edition=2021 /home/codespace/.cargo/registry/src/index.crates.io-1949cf8c6b5b557f/clap_derive-4.5.49/src/lib.rs --error-format=json --json=diagnostic-rendered-ansi,artifacts,future-incompat --crate-type proc-macro --emit=dep-info,link -C prefer-dynamic -C embed-bitcode=no --warn=rust_2018_idioms '--warn=clippy::zero_sized_map_values' '--warn=clippy::verbose_file_reads' --warn=unused_qualifications --warn=unused_macro_rules --warn=unused_lifetimes --warn=unsafe_op_in_unsafe_fn --warn=unreachable_pub --allow=unnameable_types '--warn=clippy::uninlined_format_args' '--warn=clippy::trait_duplication_in_bounds' '--warn=clippy::todo' '--warn=clippy::string_lit_as_bytes' '--warn=clippy::string_add_assign' '--warn=clippy::semicolon_if_nothing_returned' '--warn=clippy::self_named_module_files' '--warn=clippy::same_functions_in_if_condition' '--allow=clippy::result_large_err' '--warn=clippy::rest_pat_in_fully_bound_structs' '--warn=clippy::ref_option_ref' '--warn=clippy::redundant_feature_names' '--warn=clippy::rc_mutex' '--warn=clippy::ptr_as_ptr' '--warn=clippy::path_buf_push_overwrite' '--warn=clippy::negative_feature_names' '--warn=clippy::needless_for_each' '--allow=clippy::needless_continue' '--warn=clippy::mutex_integer' '--allow=clippy::multiple_bound_locations' '--warn=clippy::mem_forget' '--warn=clippy::macro_use_imports' '--warn=clippy::lossy_float_literal' '--warn=clippy::linkedlist' '--allow=clippy::let_and_return' '--warn=clippy::large_types_passed_by_value' '--warn=clippy::large_stack_arrays' '--warn=clippy::large_digit_groups' '--warn=clippy::invalid_upcast_comparisons' '--warn=clippy::infinite_loop' '--warn=clippy::inefficient_to_string' '--warn=clippy::inconsistent_struct_constructor' '--warn=clippy::imprecise_flops' '--warn=clippy::implicit_clone' '--allow=clippy::if_same_then_else' '--warn=clippy::from_iter_instead_of_collect' '--warn=clippy::fn_params_excessive_bools' '--warn=clippy::float_cmp_const' '--warn=clippy::flat_map_option' '--warn=clippy::filter_map_next' '--warn=clippy::fallible_impl_from' '--warn=clippy::explicit_into_iter_loop' '--warn=clippy::explicit_deref_methods' '--warn=clippy::expl_impl_clone_on_copy' '--warn=clippy::enum_glob_use' '--warn=clippy::empty_enum' '--warn=clippy::doc_markdown' '--warn=clippy::debug_assert_with_mut_call' '--warn=clippy::dbg_macro' '--warn=clippy::create_dir' '--allow=clippy::collapsible_else_if' '--warn=clippy::checked_conversions' '--allow=clippy::branches_sharing_code' '--allow=clippy::bool_assert_comparison' '--allow=clippy::blocks_in_conditions' '--allow=clippy::assigning_clones' --cfg 'feature="default"' --check-cfg 'cfg(docsrs,test)' --check-cfg 'cfg(feature, values("debug", "default", "deprecated", "raw-deprecated", "unstable-markdown", "unstable-v5"))' -C metadata=00c8cb4b98a406cb -C extra-filename=-03eea9a06740a11e --out-dir /workspaces/noa_ark_os/target/debug/deps -L dependency=/workspaces/noa_ark_os/target/debug/deps --extern heck=/workspaces/noa_ark_os/target/debug/deps/libheck-f38127f984e7105d.rlib --extern proc_macro2=/workspaces/noa_ark_os/target/debug/deps/libproc_macro2-0d3780dccc1fd28c.rlib --extern quote=/workspaces/noa_ark_os/target/debug/deps/libquote-3ffe4560c0d1aec9.rlib --extern syn=/workspaces/noa_ark_os/target/debug/deps/libsyn-70f96d4c829c7253.rlib --extern proc_macro --cap-lints allow`
   Compiling axum-core v0.3.4
     Running `/home/codespace/.rustup/toolchains/stable-x86_64-unknown-linux-gnu/bin/rustc --crate-name build_script_build --edition=2021 /home/codespace/.cargo/registry/src/index.crates.io-1949cf8c6b5b557f/axum-core-0.3.4/build.rs --error-format=json --json=diagnostic-rendered-ansi,artifacts,future-incompat --crate-type bin --emit=dep-info,link -C embed-bitcode=no --check-cfg 'cfg(docsrs,test)' --check-cfg 'cfg(feature, values("__private_docs", "tracing"))' -C metadata=501535b751b59e52 -C extra-filename=-e12156265f1a930c --out-dir /workspaces/noa_ark_os/target/debug/build/axum-core-e12156265f1a930c -L dependency=/workspaces/noa_ark_os/target/debug/deps --extern rustversion=/workspaces/noa_ark_os/target/debug/deps/librustversion-95f8a228ca79623d.so --cap-lints allow`
   Compiling blake3 v1.8.2
     Running `/home/codespace/.rustup/toolchains/stable-x86_64-unknown-linux-gnu/bin/rustc --crate-name build_script_build --edition=2021 /home/codespace/.cargo/registry/src/index.crates.io-1949cf8c6b5b557f/blake3-1.8.2/build.rs --error-format=json --json=diagnostic-rendered-ansi,artifacts,future-incompat --crate-type bin --emit=dep-info,link -C embed-bitcode=no --cfg 'feature="default"' --cfg 'feature="std"' --check-cfg 'cfg(docsrs,test)' --check-cfg 'cfg(feature, values("default", "digest", "mmap", "neon", "no_avx2", "no_avx512", "no_neon", "no_sse2", "no_sse41", "prefer_intrinsics", "pure", "rayon", "serde", "std", "traits-preview", "wasm32_simd", "zeroize"))' -C metadata=f1199c154c5280fc -C extra-filename=-e93e4e60d56235dc --out-dir /workspaces/noa_ark_os/target/debug/build/blake3-e93e4e60d56235dc -L dependency=/workspaces/noa_ark_os/target/debug/deps --extern cc=/workspaces/noa_ark_os/target/debug/deps/libcc-ad6bc739ad2bef45.rlib --cap-lints allow`
   Compiling pin-project-internal v1.1.10
     Running `/home/codespace/.rustup/toolchains/stable-x86_64-unknown-linux-gnu/bin/rustc --crate-name pin_project_internal --edition=2021 /home/codespace/.cargo/registry/src/index.crates.io-1949cf8c6b5b557f/pin-project-internal-1.1.10/src/lib.rs --error-format=json --json=diagnostic-rendered-ansi,artifacts,future-incompat --crate-type proc-macro --emit=dep-info,link -C prefer-dynamic -C embed-bitcode=no '--warn=clippy::unused_trait_names' --warn=unreachable_pub --warn=unnameable_types --warn=unexpected_cfgs '--warn=clippy::undocumented_unsafe_blocks' '--warn=clippy::transmute_undefined_repr' '--warn=clippy::trailing_empty_array' --warn=single_use_lifetimes --warn=rust_2018_idioms '--warn=clippy::pedantic' --warn=non_ascii_idents '--warn=clippy::inline_asm_x86_att_syntax' --warn=improper_ctypes_definitions --warn=improper_ctypes --warn=deprecated_safe '--warn=clippy::default_union_representation' '--warn=clippy::as_underscore' '--warn=clippy::as_ptr_cast_mut' '--warn=clippy::all' '--allow=clippy::unreadable_literal' '--allow=clippy::type_complexity' '--allow=clippy::too_many_lines' '--allow=clippy::too_many_arguments' '--allow=clippy::struct_field_names' '--allow=clippy::struct_excessive_bools' '--allow=clippy::single_match_else' '--allow=clippy::single_match' '--allow=clippy::similar_names' '--allow=clippy::range_plus_one' '--allow=clippy::nonminimal_bool' '--allow=clippy::naive_bytecount' '--allow=clippy::module_name_repetitions' '--allow=clippy::missing_errors_doc' '--allow=clippy::manual_range_contains' '--allow=clippy::manual_assert' '--allow=clippy::lint_groups_priority' '--allow=clippy::incompatible_msrv' '--allow=clippy::float_cmp' '--allow=clippy::doc_markdown' '--allow=clippy::declare_interior_mutable_const' '--allow=clippy::cast_lossless' '--allow=clippy::borrow_as_ptr' '--allow=clippy::bool_assert_comparison' --check-cfg 'cfg(docsrs,test)' --check-cfg 'cfg(feature, values())' -C metadata=0c16df4ae28f02e4 -C extra-filename=-029d90403ef9a16b --out-dir /workspaces/noa_ark_os/target/debug/deps -L dependency=/workspaces/noa_ark_os/target/debug/deps --extern proc_macro2=/workspaces/noa_ark_os/target/debug/deps/libproc_macro2-0d3780dccc1fd28c.rlib --extern quote=/workspaces/noa_ark_os/target/debug/deps/libquote-3ffe4560c0d1aec9.rlib --extern syn=/workspaces/noa_ark_os/target/debug/deps/libsyn-70f96d4c829c7253.rlib --extern proc_macro --cap-lints allow`
    Checking filetime v0.2.26
     Running `/home/codespace/.rustup/toolchains/stable-x86_64-unknown-linux-gnu/bin/rustc --crate-name filetime --edition=2018 /home/codespace/.cargo/registry/src/index.crates.io-1949cf8c6b5b557f/filetime-0.2.26/src/lib.rs --error-format=json --json=diagnostic-rendered-ansi,artifacts,future-incompat --crate-type lib --emit=dep-info,metadata -C embed-bitcode=no -C debuginfo=2 --check-cfg 'cfg(docsrs,test)' --check-cfg 'cfg(feature, values())' -C metadata=ca437736b9e22040 -C extra-filename=-79e4e009d50c35ef --out-dir /workspaces/noa_ark_os/target/debug/deps -L dependency=/workspaces/noa_ark_os/target/debug/deps --extern cfg_if=/workspaces/noa_ark_os/target/debug/deps/libcfg_if-8a61fb9a152698a3.rmeta --extern libc=/workspaces/noa_ark_os/target/debug/deps/liblibc-3840e63bd17729f1.rmeta --cap-lints allow`
    Checking inotify-sys v0.1.5
     Running `/home/codespace/.rustup/toolchains/stable-x86_64-unknown-linux-gnu/bin/rustc --crate-name inotify_sys --edition=2015 /home/codespace/.cargo/registry/src/index.crates.io-1949cf8c6b5b557f/inotify-sys-0.1.5/src/lib.rs --error-format=json --json=diagnostic-rendered-ansi,artifacts,future-incompat --crate-type lib --emit=dep-info,metadata -C embed-bitcode=no -C debuginfo=2 --check-cfg 'cfg(docsrs,test)' --check-cfg 'cfg(feature, values())' -C metadata=ca5096a0a0c6e05f -C extra-filename=-b4c845961bb5839a --out-dir /workspaces/noa_ark_os/target/debug/deps -L dependency=/workspaces/noa_ark_os/target/debug/deps --extern libc=/workspaces/noa_ark_os/target/debug/deps/liblibc-3840e63bd17729f1.rmeta --cap-lints allow`
    Checking same-file v1.0.6
     Running `/home/codespace/.rustup/toolchains/stable-x86_64-unknown-linux-gnu/bin/rustc --crate-name same_file --edition=2018 /home/codespace/.cargo/registry/src/index.crates.io-1949cf8c6b5b557f/same-file-1.0.6/src/lib.rs --error-format=json --json=diagnostic-rendered-ansi,artifacts,future-incompat --crate-type lib --emit=dep-info,metadata -C embed-bitcode=no -C debuginfo=2 --check-cfg 'cfg(docsrs,test)' --check-cfg 'cfg(feature, values())' -C metadata=8f9a63d1114b2d20 -C extra-filename=-cc711f6397f629a4 --out-dir /workspaces/noa_ark_os/target/debug/deps -L dependency=/workspaces/noa_ark_os/target/debug/deps --cap-lints allow`
   Compiling multimap v0.10.1
     Running `/home/codespace/.rustup/toolchains/stable-x86_64-unknown-linux-gnu/bin/rustc --crate-name multimap --edition=2015 /home/codespace/.cargo/registry/src/index.crates.io-1949cf8c6b5b557f/multimap-0.10.1/src/lib.rs --error-format=json --json=diagnostic-rendered-ansi,artifacts,future-incompat --crate-type lib --emit=dep-info,metadata,link -C embed-bitcode=no --check-cfg 'cfg(docsrs,test)' --check-cfg 'cfg(feature, values("default", "serde", "serde_impl"))' -C metadata=94a86fc60eec2624 -C extra-filename=-795de2b89b4269be --out-dir /workspaces/noa_ark_os/target/debug/deps -L dependency=/workspaces/noa_ark_os/target/debug/deps --cap-lints allow`
    Checking hashbrown v0.12.3
     Running `/home/codespace/.rustup/toolchains/stable-x86_64-unknown-linux-gnu/bin/rustc --crate-name hashbrown --edition=2021 /home/codespace/.cargo/registry/src/index.crates.io-1949cf8c6b5b557f/hashbrown-0.12.3/src/lib.rs --error-format=json --json=diagnostic-rendered-ansi,artifacts,future-incompat --crate-type lib --emit=dep-info,metadata -C embed-bitcode=no -C debuginfo=2 --cfg 'feature="raw"' --check-cfg 'cfg(docsrs,test)' --check-cfg 'cfg(feature, values("ahash", "ahash-compile-time-rng", "alloc", "bumpalo", "compiler_builtins", "core", "default", "inline-more", "nightly", "raw", "rayon", "rustc-dep-of-std", "rustc-internal-api", "serde"))' -C metadata=0bfcb12181df7ea3 -C extra-filename=-bcc0ed4d927be3b4 --out-dir /workspaces/noa_ark_os/target/debug/deps -L dependency=/workspaces/noa_ark_os/target/debug/deps --cap-lints allow`
    Checking cpufeatures v0.2.17
     Running `/home/codespace/.rustup/toolchains/stable-x86_64-unknown-linux-gnu/bin/rustc --crate-name cpufeatures --edition=2018 /home/codespace/.cargo/registry/src/index.crates.io-1949cf8c6b5b557f/cpufeatures-0.2.17/src/lib.rs --error-format=json --json=diagnostic-rendered-ansi,artifacts,future-incompat --crate-type lib --emit=dep-info,metadata -C embed-bitcode=no -C debuginfo=2 --check-cfg 'cfg(docsrs,test)' --check-cfg 'cfg(feature, values())' -C metadata=25428601fb63d22d -C extra-filename=-4692393e2b17beb9 --out-dir /workspaces/noa_ark_os/target/debug/deps -L dependency=/workspaces/noa_ark_os/target/debug/deps --cap-lints allow`
     Running `/home/codespace/.rustup/toolchains/stable-x86_64-unknown-linux-gnu/bin/rustc --crate-name log --edition=2021 /home/codespace/.cargo/registry/src/index.crates.io-1949cf8c6b5b557f/log-0.4.28/src/lib.rs --error-format=json --json=diagnostic-rendered-ansi,artifacts,future-incompat --crate-type lib --emit=dep-info,metadata,link -C embed-bitcode=no --check-cfg 'cfg(docsrs,test)' --check-cfg 'cfg(feature, values("kv", "kv_serde", "kv_std", "kv_sval", "kv_unstable", "kv_unstable_serde", "kv_unstable_std", "kv_unstable_sval", "max_level_debug", "max_level_error", "max_level_info", "max_level_off", "max_level_trace", "max_level_warn", "release_max_level_debug", "release_max_level_error", "release_max_level_info", "release_max_level_off", "release_max_level_trace", "release_max_level_warn", "serde", "std", "sval", "sval_ref", "value-bag"))' -C metadata=a9aa7f0ddfe83000 -C extra-filename=-6884369e0bf75c32 --out-dir /workspaces/noa_ark_os/target/debug/deps -L dependency=/workspaces/noa_ark_os/target/debug/deps --cap-lints allow`
   Compiling prost-build v0.12.6
     Running `/home/codespace/.rustup/toolchains/stable-x86_64-unknown-linux-gnu/bin/rustc --crate-name prost_build --edition=2021 /home/codespace/.cargo/registry/src/index.crates.io-1949cf8c6b5b557f/prost-build-0.12.6/src/lib.rs --error-format=json --json=diagnostic-rendered-ansi,artifacts,future-incompat --crate-type lib --emit=dep-info,metadata,link -C embed-bitcode=no --cfg 'feature="default"' --cfg 'feature="format"' --check-cfg 'cfg(docsrs,test)' --check-cfg 'cfg(feature, values("cleanup-markdown", "default", "format"))' -C metadata=36293c04964f45d6 -C extra-filename=-46b466a43be1cee1 --out-dir /workspaces/noa_ark_os/target/debug/deps -L dependency=/workspaces/noa_ark_os/target/debug/deps --extern bytes=/workspaces/noa_ark_os/target/debug/deps/libbytes-955de99e1a948d7d.rmeta --extern heck=/workspaces/noa_ark_os/target/debug/deps/libheck-f38127f984e7105d.rmeta --extern itertools=/workspaces/noa_ark_os/target/debug/deps/libitertools-6496b60500bc3a47.rmeta --extern log=/workspaces/noa_ark_os/target/debug/deps/liblog-6884369e0bf75c32.rmeta --extern multimap=/workspaces/noa_ark_os/target/debug/deps/libmultimap-795de2b89b4269be.rmeta --extern once_cell=/workspaces/noa_ark_os/target/debug/deps/libonce_cell-2f13f097b389347b.rmeta --extern petgraph=/workspaces/noa_ark_os/target/debug/deps/libpetgraph-8a8d6f8003da4bec.rmeta --extern prettyplease=/workspaces/noa_ark_os/target/debug/deps/libprettyplease-535c55cb55e9eaac.rmeta --extern prost=/workspaces/noa_ark_os/target/debug/deps/libprost-6abf6a6007340edb.rmeta --extern prost_types=/workspaces/noa_ark_os/target/debug/deps/libprost_types-5dca23de40beb2f3.rmeta --extern regex=/workspaces/noa_ark_os/target/debug/deps/libregex-b4da6a6b6bd3f144.rmeta --extern syn=/workspaces/noa_ark_os/target/debug/deps/libsyn-70f96d4c829c7253.rmeta --extern tempfile=/workspaces/noa_ark_os/target/debug/deps/libtempfile-2dd91a80227c60b6.rmeta --cap-lints allow`
     Running `/home/codespace/.rustup/toolchains/stable-x86_64-unknown-linux-gnu/bin/rustc --crate-name indexmap --edition=2021 /home/codespace/.cargo/registry/src/index.crates.io-1949cf8c6b5b557f/indexmap-1.9.3/src/lib.rs --error-format=json --json=diagnostic-rendered-ansi,artifacts,future-incompat --crate-type lib --emit=dep-info,metadata -C embed-bitcode=no -C debuginfo=2 --check-cfg 'cfg(docsrs,test)' --check-cfg 'cfg(feature, values("arbitrary", "quickcheck", "rayon", "rustc-rayon", "serde", "serde-1", "std", "test_debug", "test_low_transition_point"))' -C metadata=5590afa42c1729e8 -C extra-filename=-42e536b731596cbb --out-dir /workspaces/noa_ark_os/target/debug/deps -L dependency=/workspaces/noa_ark_os/target/debug/deps --extern hashbrown=/workspaces/noa_ark_os/target/debug/deps/libhashbrown-bcc0ed4d927be3b4.rmeta --cap-lints allow --cfg has_std --check-cfg 'cfg(has_std)'`
    Checking sha1 v0.10.6
     Running `/home/codespace/.rustup/toolchains/stable-x86_64-unknown-linux-gnu/bin/rustc --crate-name sha1 --edition=2018 /home/codespace/.cargo/registry/src/index.crates.io-1949cf8c6b5b557f/sha1-0.10.6/src/lib.rs --error-format=json --json=diagnostic-rendered-ansi,artifacts,future-incompat --crate-type lib --emit=dep-info,metadata -C embed-bitcode=no -C debuginfo=2 --cfg 'feature="default"' --cfg 'feature="std"' --check-cfg 'cfg(docsrs,test)' --check-cfg 'cfg(feature, values("asm", "compress", "default", "force-soft", "loongarch64_asm", "oid", "sha1-asm", "std"))' -C metadata=ae006845a235769a -C extra-filename=-11a9c62433c55091 --out-dir /workspaces/noa_ark_os/target/debug/deps -L dependency=/workspaces/noa_ark_os/target/debug/deps --extern cfg_if=/workspaces/noa_ark_os/target/debug/deps/libcfg_if-8a61fb9a152698a3.rmeta --extern cpufeatures=/workspaces/noa_ark_os/target/debug/deps/libcpufeatures-4692393e2b17beb9.rmeta --extern digest=/workspaces/noa_ark_os/target/debug/deps/libdigest-d0f4be517f696ccd.rmeta --cap-lints allow`
    Checking clap v4.5.51
     Running `/home/codespace/.rustup/toolchains/stable-x86_64-unknown-linux-gnu/bin/rustc --crate-name clap --edition=2021 /home/codespace/.cargo/registry/src/index.crates.io-1949cf8c6b5b557f/clap-4.5.51/src/lib.rs --error-format=json --json=diagnostic-rendered-ansi,artifacts,future-incompat --crate-type lib --emit=dep-info,metadata -C embed-bitcode=no -C debuginfo=2 --warn=rust_2018_idioms '--warn=clippy::zero_sized_map_values' '--warn=clippy::verbose_file_reads' --warn=unused_qualifications --warn=unused_macro_rules --warn=unused_lifetimes --warn=unsafe_op_in_unsafe_fn --warn=unreachable_pub --allow=unnameable_types '--warn=clippy::uninlined_format_args' '--warn=clippy::trait_duplication_in_bounds' '--warn=clippy::todo' '--warn=clippy::string_lit_as_bytes' '--warn=clippy::string_add_assign' '--warn=clippy::semicolon_if_nothing_returned' '--warn=clippy::self_named_module_files' '--warn=clippy::same_functions_in_if_condition' '--allow=clippy::result_large_err' '--warn=clippy::rest_pat_in_fully_bound_structs' '--warn=clippy::ref_option_ref' '--warn=clippy::redundant_feature_names' '--warn=clippy::rc_mutex' '--warn=clippy::ptr_as_ptr' '--warn=clippy::path_buf_push_overwrite' '--warn=clippy::negative_feature_names' '--warn=clippy::needless_for_each' '--allow=clippy::needless_continue' '--warn=clippy::mutex_integer' '--allow=clippy::multiple_bound_locations' '--warn=clippy::mem_forget' '--warn=clippy::macro_use_imports' '--warn=clippy::lossy_float_literal' '--warn=clippy::linkedlist' '--allow=clippy::let_and_return' '--warn=clippy::large_types_passed_by_value' '--warn=clippy::large_stack_arrays' '--warn=clippy::large_digit_groups' '--warn=clippy::invalid_upcast_comparisons' '--warn=clippy::infinite_loop' '--warn=clippy::inefficient_to_string' '--warn=clippy::inconsistent_struct_constructor' '--warn=clippy::imprecise_flops' '--warn=clippy::implicit_clone' '--allow=clippy::if_same_then_else' '--warn=clippy::from_iter_instead_of_collect' '--warn=clippy::fn_params_excessive_bools' '--warn=clippy::float_cmp_const' '--warn=clippy::flat_map_option' '--warn=clippy::filter_map_next' '--warn=clippy::fallible_impl_from' '--warn=clippy::explicit_into_iter_loop' '--warn=clippy::explicit_deref_methods' '--warn=clippy::expl_impl_clone_on_copy' '--warn=clippy::enum_glob_use' '--warn=clippy::empty_enum' '--warn=clippy::doc_markdown' '--warn=clippy::debug_assert_with_mut_call' '--warn=clippy::dbg_macro' '--warn=clippy::create_dir' '--allow=clippy::collapsible_else_if' '--warn=clippy::checked_conversions' '--allow=clippy::branches_sharing_code' '--allow=clippy::bool_assert_comparison' '--allow=clippy::blocks_in_conditions' '--allow=clippy::assigning_clones' --cfg 'feature="color"' --cfg 'feature="default"' --cfg 'feature="derive"' --cfg 'feature="error-context"' --cfg 'feature="help"' --cfg 'feature="std"' --cfg 'feature="suggestions"' --cfg 'feature="usage"' --check-cfg 'cfg(docsrs,test)' --check-cfg 'cfg(feature, values("cargo", "color", "debug", "default", "deprecated", "derive", "env", "error-context", "help", "std", "string", "suggestions", "unicode", "unstable-derive-ui-tests", "unstable-doc", "unstable-ext", "unstable-markdown", "unstable-styles", "unstable-v5", "usage", "wrap_help"))' -C metadata=b623630db48f0416 -C extra-filename=-66a02bef8483baa7 --out-dir /workspaces/noa_ark_os/target/debug/deps -L dependency=/workspaces/noa_ark_os/target/debug/deps --extern clap_builder=/workspaces/noa_ark_os/target/debug/deps/libclap_builder-0149070514a61067.rmeta --extern clap_derive=/workspaces/noa_ark_os/target/debug/deps/libclap_derive-03eea9a06740a11e.so --cap-lints allow`
    Checking walkdir v2.5.0
     Running `/home/codespace/.rustup/toolchains/stable-x86_64-unknown-linux-gnu/bin/rustc --crate-name walkdir --edition=2018 /home/codespace/.cargo/registry/src/index.crates.io-1949cf8c6b5b557f/walkdir-2.5.0/src/lib.rs --error-format=json --json=diagnostic-rendered-ansi,artifacts,future-incompat --crate-type lib --emit=dep-info,metadata -C embed-bitcode=no -C debuginfo=2 --check-cfg 'cfg(docsrs,test)' --check-cfg 'cfg(feature, values())' -C metadata=c765b29bbb8b952f -C extra-filename=-bb46e4dcd5446149 --out-dir /workspaces/noa_ark_os/target/debug/deps -L dependency=/workspaces/noa_ark_os/target/debug/deps --extern same_file=/workspaces/noa_ark_os/target/debug/deps/libsame_file-cc711f6397f629a4.rmeta --cap-lints allow`
    Checking inotify v0.9.6
     Running `/home/codespace/.rustup/toolchains/stable-x86_64-unknown-linux-gnu/bin/rustc --crate-name inotify --edition=2018 /home/codespace/.cargo/registry/src/index.crates.io-1949cf8c6b5b557f/inotify-0.9.6/src/lib.rs --error-format=json --json=diagnostic-rendered-ansi,artifacts,future-incompat --crate-type lib --emit=dep-info,metadata -C embed-bitcode=no -C debuginfo=2 --check-cfg 'cfg(docsrs,test)' --check-cfg 'cfg(feature, values("default", "futures-core", "stream", "tokio"))' -C metadata=06ef2a386d5cedd9 -C extra-filename=-a8dcc58c0b487e1a --out-dir /workspaces/noa_ark_os/target/debug/deps -L dependency=/workspaces/noa_ark_os/target/debug/deps --extern bitflags=/workspaces/noa_ark_os/target/debug/deps/libbitflags-21f1ce32ecb18464.rmeta --extern inotify_sys=/workspaces/noa_ark_os/target/debug/deps/libinotify_sys-b4c845961bb5839a.rmeta --extern libc=/workspaces/noa_ark_os/target/debug/deps/liblibc-3840e63bd17729f1.rmeta --cap-lints allow`
    Checking pin-project v1.1.10
     Running `/home/codespace/.rustup/toolchains/stable-x86_64-unknown-linux-gnu/bin/rustc --crate-name pin_project --edition=2021 /home/codespace/.cargo/registry/src/index.crates.io-1949cf8c6b5b557f/pin-project-1.1.10/src/lib.rs --error-format=json --json=diagnostic-rendered-ansi,artifacts,future-incompat --crate-type lib --emit=dep-info,metadata -C embed-bitcode=no -C debuginfo=2 '--warn=clippy::unused_trait_names' --warn=unreachable_pub --warn=unnameable_types --warn=unexpected_cfgs '--warn=clippy::undocumented_unsafe_blocks' '--warn=clippy::transmute_undefined_repr' '--warn=clippy::trailing_empty_array' --warn=single_use_lifetimes --warn=rust_2018_idioms '--warn=clippy::pedantic' --warn=non_ascii_idents '--warn=clippy::inline_asm_x86_att_syntax' --warn=improper_ctypes_definitions --warn=improper_ctypes --warn=deprecated_safe '--warn=clippy::default_union_representation' '--warn=clippy::as_underscore' '--warn=clippy::as_ptr_cast_mut' '--warn=clippy::all' '--allow=clippy::unreadable_literal' '--allow=clippy::type_complexity' '--allow=clippy::too_many_lines' '--allow=clippy::too_many_arguments' '--allow=clippy::struct_field_names' '--allow=clippy::struct_excessive_bools' '--allow=clippy::single_match_else' '--allow=clippy::single_match' '--allow=clippy::similar_names' '--allow=clippy::range_plus_one' '--allow=clippy::nonminimal_bool' '--allow=clippy::naive_bytecount' '--allow=clippy::module_name_repetitions' '--allow=clippy::missing_errors_doc' '--allow=clippy::manual_range_contains' '--allow=clippy::manual_assert' '--allow=clippy::lint_groups_priority' '--allow=clippy::incompatible_msrv' '--allow=clippy::float_cmp' '--allow=clippy::doc_markdown' '--allow=clippy::declare_interior_mutable_const' '--allow=clippy::cast_lossless' '--allow=clippy::borrow_as_ptr' '--allow=clippy::bool_assert_comparison' --check-cfg 'cfg(docsrs,test)' --check-cfg 'cfg(feature, values())' -C metadata=afbff28b6a408dfa -C extra-filename=-191d0d065a291b8f --out-dir /workspaces/noa_ark_os/target/debug/deps -L dependency=/workspaces/noa_ark_os/target/debug/deps --extern pin_project_internal=/workspaces/noa_ark_os/target/debug/deps/libpin_project_internal-029d90403ef9a16b.so --cap-lints allow`
     Running `/workspaces/noa_ark_os/target/debug/build/blake3-e93e4e60d56235dc/build-script-build`
     Running `/workspaces/noa_ark_os/target/debug/build/axum-core-e12156265f1a930c/build-script-build`
    Checking flate2 v1.1.5
     Running `/home/codespace/.rustup/toolchains/stable-x86_64-unknown-linux-gnu/bin/rustc --crate-name flate2 --edition=2018 /home/codespace/.cargo/registry/src/index.crates.io-1949cf8c6b5b557f/flate2-1.1.5/src/lib.rs --error-format=json --json=diagnostic-rendered-ansi,artifacts,future-incompat --crate-type lib --emit=dep-info,metadata -C embed-bitcode=no -C debuginfo=2 --cfg 'feature="any_impl"' --cfg 'feature="default"' --cfg 'feature="miniz_oxide"' --cfg 'feature="rust_backend"' --check-cfg 'cfg(docsrs,test)' --check-cfg 'cfg(feature, values("any_impl", "any_zlib", "cloudflare-zlib-sys", "cloudflare_zlib", "default", "libz-ng-sys", "libz-rs-sys", "libz-sys", "miniz-sys", "miniz_oxide", "rust_backend", "zlib", "zlib-default", "zlib-ng", "zlib-ng-compat", "zlib-rs"))' -C metadata=e80fbd31bf55e6d3 -C extra-filename=-cfd3cea0865734ae --out-dir /workspaces/noa_ark_os/target/debug/deps -L dependency=/workspaces/noa_ark_os/target/debug/deps --extern crc32fast=/workspaces/noa_ark_os/target/debug/deps/libcrc32fast-25d4485af18b62e5.rmeta --extern miniz_oxide=/workspaces/noa_ark_os/target/debug/deps/libminiz_oxide-b9b2586620391c45.rmeta --cap-lints allow`
    Checking noa_agents v0.1.0 (/workspaces/noa_ark_os/agents)
     Running `/home/codespace/.rustup/toolchains/stable-x86_64-unknown-linux-gnu/bin/rustc --crate-name noa_agents --edition=2021 agents/src/lib.rs --error-format=json --json=diagnostic-rendered-ansi,artifacts,future-incompat --crate-type lib --emit=dep-info,metadata -C embed-bitcode=no -C debuginfo=2 --cfg 'feature="default"' --check-cfg 'cfg(docsrs,test)' --check-cfg 'cfg(feature, values("agentaskit-executive", "default"))' -C metadata=f56120e46726d5e5 -C extra-filename=-b45df4368e47be61 --out-dir /workspaces/noa_ark_os/target/debug/deps -C incremental=/workspaces/noa_ark_os/target/debug/incremental -L dependency=/workspaces/noa_ark_os/target/debug/deps --extern anyhow=/workspaces/noa_ark_os/target/debug/deps/libanyhow-5507866cbcf9167e.rmeta --extern async_trait=/workspaces/noa_ark_os/target/debug/deps/libasync_trait-4eefe3d1330face5.so --extern chrono=/workspaces/noa_ark_os/target/debug/deps/libchrono-2dc037d626266df9.rmeta --extern csv=/workspaces/noa_ark_os/target/debug/deps/libcsv-cda80ecd518d764f.rmeta --extern noa_core=/workspaces/noa_ark_os/target/debug/deps/libnoa_core-071024af68237ffe.rmeta --extern noa_inference=/workspaces/noa_ark_os/target/debug/deps/libnoa_inference-503888f19fb02346.rmeta --extern serde=/workspaces/noa_ark_os/target/debug/deps/libserde-05763c756793585d.rmeta --extern serde_json=/workspaces/noa_ark_os/target/debug/deps/libserde_json-da3ada2060f3594c.rmeta --extern thiserror=/workspaces/noa_ark_os/target/debug/deps/libthiserror-a623725ffa7d7e7e.rmeta --extern tokio=/workspaces/noa_ark_os/target/debug/deps/libtokio-a79c50a8f766ff76.rmeta --extern tracing=/workspaces/noa_ark_os/target/debug/deps/libtracing-f3d5401452431b0d.rmeta --extern uuid=/workspaces/noa_ark_os/target/debug/deps/libuuid-83e8c5a31aa6146a.rmeta`
   Compiling serde_with_macros v3.15.1
     Running `/home/codespace/.rustup/toolchains/stable-x86_64-unknown-linux-gnu/bin/rustc --crate-name serde_with_macros --edition=2021 /home/codespace/.cargo/registry/src/index.crates.io-1949cf8c6b5b557f/serde_with_macros-3.15.1/src/lib.rs --error-format=json --json=diagnostic-rendered-ansi,artifacts,future-incompat --crate-type proc-macro --emit=dep-info,link -C prefer-dynamic -C embed-bitcode=no --warn=rust_2018_idioms --warn=variant_size_differences --warn=unused_import_braces --warn=unused_extern_crates --warn=unexpected_cfgs --warn=trivial_numeric_casts --warn=trivial_casts '--warn=clippy::semicolon_if_nothing_returned' '--warn=clippy::redundant_closure_for_method_calls' --warn=missing_docs '--warn=rustdoc::missing_crate_level_docs' '--allow=clippy::manual-unwrap-or-default' '--allow=clippy::explicit_auto_deref' '--warn=clippy::doc_markdown' '--warn=clippy::default_trait_access' '--warn=clippy::cloned_instead_of_copied' --check-cfg 'cfg(tarpaulin)' --check-cfg 'cfg(tarpaulin_include)' --check-cfg 'cfg(docsrs,test)' --check-cfg 'cfg(feature, values("schemars_0_8", "schemars_0_9", "schemars_1"))' -C metadata=750b318083398c3d -C extra-filename=-582e56ff0081d66b --out-dir /workspaces/noa_ark_os/target/debug/deps -L dependency=/workspaces/noa_ark_os/target/debug/deps --extern darling=/workspaces/noa_ark_os/target/debug/deps/libdarling-e972ad96dbcff2c8.rlib --extern proc_macro2=/workspaces/noa_ark_os/target/debug/deps/libproc_macro2-0d3780dccc1fd28c.rlib --extern quote=/workspaces/noa_ark_os/target/debug/deps/libquote-3ffe4560c0d1aec9.rlib --extern syn=/workspaces/noa_ark_os/target/debug/deps/libsyn-70f96d4c829c7253.rlib --extern proc_macro --cap-lints allow`
warning: unused import: `Error`
 --> agents/src/implementations/board/digest.rs:8:13
  |
8 | use crate::{Error, Result};
  |             ^^^^^
  |
  = note: `#[warn(unused_imports)]` (part of `#[warn(unused)]`) on by default

warning: unused import: `Error`
 --> agents/src/implementations/board/finance.rs:7:13
  |
7 | use crate::{Error, Result};
  |             ^^^^^

warning: unused import: `Error`
 --> agents/src/implementations/board/legal.rs:7:13
  |
7 | use crate::{Error, Result};
  |             ^^^^^

warning: unused import: `Error`
 --> agents/src/implementations/board/operations.rs:7:13
  |
7 | use crate::{Error, Result};
  |             ^^^^^

warning: unused import: `Error`
 --> agents/src/implementations/board/strategy.rs:7:13
  |
7 | use crate::{Error, Result};
  |             ^^^^^

warning: unused import: `Error`
 --> agents/src/implementations/executive/emergency.rs:7:13
  |
7 | use crate::{Error, Result};
  |             ^^^^^

warning: unused import: `Error`
 --> agents/src/implementations/executive/noa.rs:8:13
  |
8 | use crate::{Error, Result};
  |             ^^^^^

warning: unused import: `Error`
 --> agents/src/implementations/executive/orchestrator.rs:7:13
  |
7 | use crate::{Error, Result};
  |             ^^^^^

warning: unused import: `Error`
 --> agents/src/implementations/executive/priority.rs:7:13
  |
7 | use crate::{Error, Result};
  |             ^^^^^

warning: unused import: `Error`
 --> agents/src/implementations/executive/resources.rs:7:13
  |
7 | use crate::{Error, Result};
  |             ^^^^^

warning: unused imports: `InferenceConfig` and `InferenceEngine`
 --> agents/src/implementations/model_selector.rs:1:24
  |
1 | use crate::inference::{InferenceConfig, InferenceEngine};
  |                        ^^^^^^^^^^^^^^^  ^^^^^^^^^^^^^^^

warning: unused import: `AgentId`
 --> agents/src/implementations/model_selector.rs:2:13
  |
2 | use crate::{AgentId, AgentMetadata, Error, Result};
  |             ^^^^^^^

warning: unused import: `Error`
 --> agents/src/implementations/specialist/code_generation.rs:7:13
  |
7 | use crate::{Error, Result};
  |             ^^^^^

warning: unused import: `std::sync::Arc`
 --> agents/src/implementations/specialist/data_analytics.rs:5:5
  |
5 | use std::sync::Arc;
  |     ^^^^^^^^^^^^^^

warning: ambiguous glob re-exports
  --> agents/src/implementations/mod.rs:16:9
   |
16 | pub use board::*;
   |         ^^^^^^^^ the name `DigestAgent` in the type namespace is first re-exported here
...
19 | pub use generated::*;
   |         ------------ but the name `DigestAgent` in the type namespace is also re-exported here
   |
   = note: `#[warn(ambiguous_glob_reexports)]` on by default

warning: ambiguous glob re-exports
  --> agents/src/implementations/mod.rs:16:9
   |
16 | pub use board::*;
   |         ^^^^^^^^ the name `LegalAgent` in the type namespace is first re-exported here
...
19 | pub use generated::*;
   |         ------------ but the name `LegalAgent` in the type namespace is also re-exported here

warning: ambiguous glob re-exports
  --> agents/src/implementations/mod.rs:16:9
   |
16 | pub use board::*;
   |         ^^^^^^^^ the name `StrategyAgent` in the type namespace is first re-exported here
...
19 | pub use generated::*;
   |         ------------ but the name `StrategyAgent` in the type namespace is also re-exported here

warning: ambiguous glob re-exports
  --> agents/src/implementations/mod.rs:18:9
   |
18 | pub use executive::*;
   |         ^^^^^^^^^^^^ the name `OrchestratorAgent` in the type namespace is first re-exported here
19 | pub use generated::*;
   |         ------------ but the name `OrchestratorAgent` in the type namespace is also re-exported here

warning: ambiguous glob re-exports
  --> agents/src/implementations/mod.rs:19:9
   |
19 | pub use generated::*;
   |         ^^^^^^^^^^^^ the name `SecurityAgent` in the type namespace is first re-exported here
...
23 | pub use specialist::*;
   |         ------------- but the name `SecurityAgent` in the type namespace is also re-exported here

    Checking xattr v1.6.1
     Running `/home/codespace/.rustup/toolchains/stable-x86_64-unknown-linux-gnu/bin/rustc --crate-name xattr --edition=2021 /home/codespace/.cargo/registry/src/index.crates.io-1949cf8c6b5b557f/xattr-1.6.1/src/lib.rs --error-format=json --json=diagnostic-rendered-ansi,artifacts,future-incompat --crate-type lib --emit=dep-info,metadata -C embed-bitcode=no -C debuginfo=2 --cfg 'feature="default"' --cfg 'feature="unsupported"' --check-cfg 'cfg(docsrs,test)' --check-cfg 'cfg(feature, values("default", "unsupported"))' -C metadata=970927d43c625f35 -C extra-filename=-f5e34d3e26f8643c --out-dir /workspaces/noa_ark_os/target/debug/deps -L dependency=/workspaces/noa_ark_os/target/debug/deps --extern rustix=/workspaces/noa_ark_os/target/debug/deps/librustix-86ae9272d97fbc2b.rmeta --cap-lints allow`
   Compiling axum v0.6.20
     Running `/home/codespace/.rustup/toolchains/stable-x86_64-unknown-linux-gnu/bin/rustc --crate-name build_script_build --edition=2021 /home/codespace/.cargo/registry/src/index.crates.io-1949cf8c6b5b557f/axum-0.6.20/build.rs --error-format=json --json=diagnostic-rendered-ansi,artifacts,future-incompat --crate-type bin --emit=dep-info,link -C embed-bitcode=no --check-cfg 'cfg(docsrs,test)' --check-cfg 'cfg(feature, values("__private_docs", "default", "form", "headers", "http1", "http2", "json", "macros", "matched-path", "multipart", "original-uri", "query", "tokio", "tower-log", "tracing", "ws"))' -C metadata=476c054a5244f71b -C extra-filename=-f00f43f70719dfc2 --out-dir /workspaces/noa_ark_os/target/debug/build/axum-f00f43f70719dfc2 -L dependency=/workspaces/noa_ark_os/target/debug/deps --extern rustversion=/workspaces/noa_ark_os/target/debug/deps/librustversion-95f8a228ca79623d.so --cap-lints allow`
   Compiling multer v3.1.0
     Running `/home/codespace/.rustup/toolchains/stable-x86_64-unknown-linux-gnu/bin/rustc --crate-name build_script_build --edition=2018 /home/codespace/.cargo/registry/src/index.crates.io-1949cf8c6b5b557f/multer-3.1.0/build.rs --error-format=json --json=diagnostic-rendered-ansi,artifacts,future-incompat --crate-type bin --emit=dep-info,link -C embed-bitcode=no --cfg 'feature="default"' --check-cfg 'cfg(docsrs,test)' --check-cfg 'cfg(feature, values("all", "default", "json", "log", "serde", "serde_json", "tokio", "tokio-io", "tokio-util"))' -C metadata=1f8a123b8f696463 -C extra-filename=-b0a75acf614f0470 --out-dir /workspaces/noa_ark_os/target/debug/build/multer-b0a75acf614f0470 -L dependency=/workspaces/noa_ark_os/target/debug/deps --extern version_check=/workspaces/noa_ark_os/target/debug/deps/libversion_check-e0b3f48f4676ed83.rlib --cap-lints allow`
warning: unused variable: `kb`
   --> agents/src/implementations/board/digest.rs:251:13
    |
251 |         let kb = self.knowledge_base.read().await;
    |             ^^ help: if this is intentional, prefix it with an underscore: `_kb`
    |
    = note: `#[warn(unused_variables)]` (part of `#[warn(unused)]`) on by default

    Checking crossbeam-channel v0.5.15
     Running `/home/codespace/.rustup/toolchains/stable-x86_64-unknown-linux-gnu/bin/rustc --crate-name crossbeam_channel --edition=2021 /home/codespace/.cargo/registry/src/index.crates.io-1949cf8c6b5b557f/crossbeam-channel-0.5.15/src/lib.rs --error-format=json --json=diagnostic-rendered-ansi,artifacts,future-incompat --crate-type lib --emit=dep-info,metadata -C embed-bitcode=no -C debuginfo=2 --warn=unexpected_cfgs '--allow=clippy::lint_groups_priority' '--allow=clippy::declare_interior_mutable_const' --check-cfg 'cfg(crossbeam_loom)' --check-cfg 'cfg(crossbeam_sanitize)' --cfg 'feature="default"' --cfg 'feature="std"' --check-cfg 'cfg(docsrs,test)' --check-cfg 'cfg(feature, values("default", "std"))' -C metadata=f78330dbdc98c0e8 -C extra-filename=-33edd0f2c6d9e20c --out-dir /workspaces/noa_ark_os/target/debug/deps -L dependency=/workspaces/noa_ark_os/target/debug/deps --extern crossbeam_utils=/workspaces/noa_ark_os/target/debug/deps/libcrossbeam_utils-141b23c02c335ff9.rmeta --cap-lints allow`
warning: unused variable: `context`
   --> agents/src/implementations/executive/noa.rs:257:9
    |
257 |         context: serde_json::Value,
    |         ^^^^^^^ help: if this is intentional, prefix it with an underscore: `_context`

    Checking mio v0.8.11
     Running `/home/codespace/.rustup/toolchains/stable-x86_64-unknown-linux-gnu/bin/rustc --crate-name mio --edition=2018 /home/codespace/.cargo/registry/src/index.crates.io-1949cf8c6b5b557f/mio-0.8.11/src/lib.rs --error-format=json --json=diagnostic-rendered-ansi,artifacts,future-incompat --crate-type lib --emit=dep-info,metadata -C embed-bitcode=no -C debuginfo=2 --cfg 'feature="default"' --cfg 'feature="log"' --cfg 'feature="os-ext"' --cfg 'feature="os-poll"' --check-cfg 'cfg(docsrs,test)' --check-cfg 'cfg(feature, values("default", "log", "net", "os-ext", "os-poll"))' -C metadata=17c29e1984c05572 -C extra-filename=-7e5ac033252845d9 --out-dir /workspaces/noa_ark_os/target/debug/deps -L dependency=/workspaces/noa_ark_os/target/debug/deps --extern libc=/workspaces/noa_ark_os/target/debug/deps/liblibc-3840e63bd17729f1.rmeta --extern log=/workspaces/noa_ark_os/target/debug/deps/liblog-ca95c85a3b6980cc.rmeta --cap-lints allow`
    Checking hashbrown v0.14.5
     Running `/home/codespace/.rustup/toolchains/stable-x86_64-unknown-linux-gnu/bin/rustc --crate-name hashbrown --edition=2021 /home/codespace/.cargo/registry/src/index.crates.io-1949cf8c6b5b557f/hashbrown-0.14.5/src/lib.rs --error-format=json --json=diagnostic-rendered-ansi,artifacts,future-incompat --crate-type lib --emit=dep-info,metadata -C embed-bitcode=no -C debuginfo=2 --check-cfg 'cfg(docsrs,test)' --check-cfg 'cfg(feature, values("ahash", "alloc", "allocator-api2", "compiler_builtins", "core", "default", "equivalent", "inline-more", "nightly", "raw", "rayon", "rkyv", "rustc-dep-of-std", "rustc-internal-api", "serde"))' -C metadata=696de23e0e835c55 -C extra-filename=-2de0aec9ce3e8a18 --out-dir /workspaces/noa_ark_os/target/debug/deps -L dependency=/workspaces/noa_ark_os/target/debug/deps --cap-lints allow`
    Checking utf-8 v0.7.6
     Running `/home/codespace/.rustup/toolchains/stable-x86_64-unknown-linux-gnu/bin/rustc --crate-name utf8 --edition=2015 /home/codespace/.cargo/registry/src/index.crates.io-1949cf8c6b5b557f/utf-8-0.7.6/src/lib.rs --error-format=json --json=diagnostic-rendered-ansi,artifacts,future-incompat --crate-type lib --emit=dep-info,metadata -C embed-bitcode=no -C debuginfo=2 --check-cfg 'cfg(docsrs,test)' --check-cfg 'cfg(feature, values())' -C metadata=006facbcfffb554a -C extra-filename=-140f5cd8e71f6aa4 --out-dir /workspaces/noa_ark_os/target/debug/deps -L dependency=/workspaces/noa_ark_os/target/debug/deps --cap-lints allow`
    Checking atomic-waker v1.1.2
     Running `/home/codespace/.rustup/toolchains/stable-x86_64-unknown-linux-gnu/bin/rustc --crate-name atomic_waker --edition=2018 /home/codespace/.cargo/registry/src/index.crates.io-1949cf8c6b5b557f/atomic-waker-1.1.2/src/lib.rs --error-format=json --json=diagnostic-rendered-ansi,artifacts,future-incompat --crate-type lib --emit=dep-info,metadata -C embed-bitcode=no -C debuginfo=2 --check-cfg 'cfg(docsrs,test)' --check-cfg 'cfg(feature, values("portable-atomic"))' -C metadata=b91a84d7b52e3f71 -C extra-filename=-f3167f6290799b7b --out-dir /workspaces/noa_ark_os/target/debug/deps -L dependency=/workspaces/noa_ark_os/target/debug/deps --cap-lints allow`
     Running `/home/codespace/.rustup/toolchains/stable-x86_64-unknown-linux-gnu/bin/rustc --crate-name fastrand --edition=2018 /home/codespace/.cargo/registry/src/index.crates.io-1949cf8c6b5b557f/fastrand-2.3.0/src/lib.rs --error-format=json --json=diagnostic-rendered-ansi,artifacts,future-incompat --crate-type lib --emit=dep-info,metadata -C embed-bitcode=no -C debuginfo=2 --cfg 'feature="alloc"' --cfg 'feature="default"' --cfg 'feature="std"' --check-cfg 'cfg(docsrs,test)' --check-cfg 'cfg(feature, values("alloc", "default", "getrandom", "js", "std"))' -C metadata=7258c064079faa05 -C extra-filename=-0365a1bdfd01d089 --out-dir /workspaces/noa_ark_os/target/debug/deps -L dependency=/workspaces/noa_ark_os/target/debug/deps --cap-lints allow`
    Checking constant_time_eq v0.3.1
     Running `/home/codespace/.rustup/toolchains/stable-x86_64-unknown-linux-gnu/bin/rustc --crate-name constant_time_eq --edition=2021 /home/codespace/.cargo/registry/src/index.crates.io-1949cf8c6b5b557f/constant_time_eq-0.3.1/src/lib.rs --error-format=json --json=diagnostic-rendered-ansi,artifacts,future-incompat --crate-type lib --emit=dep-info,metadata -C embed-bitcode=no -C debuginfo=2 --check-cfg 'cfg(docsrs,test)' --check-cfg 'cfg(feature, values("count_instructions_test"))' -C metadata=d714a469bc984ef3 -C extra-filename=-430eef70bd4e4052 --out-dir /workspaces/noa_ark_os/target/debug/deps -L dependency=/workspaces/noa_ark_os/target/debug/deps --cap-lints allow`
    Checking matchit v0.7.3
     Running `/home/codespace/.rustup/toolchains/stable-x86_64-unknown-linux-gnu/bin/rustc --crate-name matchit --edition=2021 /home/codespace/.cargo/registry/src/index.crates.io-1949cf8c6b5b557f/matchit-0.7.3/src/lib.rs --error-format=json --json=diagnostic-rendered-ansi,artifacts,future-incompat --crate-type lib --emit=dep-info,metadata -C embed-bitcode=no -C debuginfo=2 --cfg 'feature="default"' --check-cfg 'cfg(docsrs,test)' --check-cfg 'cfg(feature, values("__test_helpers", "default"))' -C metadata=a544dd43c8a3846a -C extra-filename=-cfb6918d532a419b --out-dir /workspaces/noa_ark_os/target/debug/deps -L dependency=/workspaces/noa_ark_os/target/debug/deps --cap-lints allow`
    Checking sync_wrapper v1.0.2
     Running `/home/codespace/.rustup/toolchains/stable-x86_64-unknown-linux-gnu/bin/rustc --crate-name sync_wrapper --edition=2021 /home/codespace/.cargo/registry/src/index.crates.io-1949cf8c6b5b557f/sync_wrapper-1.0.2/src/lib.rs --error-format=json --json=diagnostic-rendered-ansi,artifacts,future-incompat --crate-type lib --emit=dep-info,metadata -C embed-bitcode=no -C debuginfo=2 --check-cfg 'cfg(docsrs,test)' --check-cfg 'cfg(feature, values("futures", "futures-core"))' -C metadata=98ca0feb036e11e6 -C extra-filename=-1bf49ec7094b8ec2 --out-dir /workspaces/noa_ark_os/target/debug/deps -L dependency=/workspaces/noa_ark_os/target/debug/deps --cap-lints allow`
    Checking arrayvec v0.7.6
     Running `/home/codespace/.rustup/toolchains/stable-x86_64-unknown-linux-gnu/bin/rustc --crate-name arrayvec --edition=2018 /home/codespace/.cargo/registry/src/index.crates.io-1949cf8c6b5b557f/arrayvec-0.7.6/src/lib.rs --error-format=json --json=diagnostic-rendered-ansi,artifacts,future-incompat --crate-type lib --emit=dep-info,metadata -C embed-bitcode=no -C debuginfo=2 --check-cfg 'cfg(docsrs,test)' --check-cfg 'cfg(feature, values("borsh", "default", "serde", "std", "zeroize"))' -C metadata=505e3ba846221cd1 -C extra-filename=-a5a117c123565bd4 --out-dir /workspaces/noa_ark_os/target/debug/deps -L dependency=/workspaces/noa_ark_os/target/debug/deps --cap-lints allow`
    Checking arrayref v0.3.9
     Running `/home/codespace/.rustup/toolchains/stable-x86_64-unknown-linux-gnu/bin/rustc --crate-name arrayref --edition=2015 /home/codespace/.cargo/registry/src/index.crates.io-1949cf8c6b5b557f/arrayref-0.3.9/src/lib.rs --error-format=json --json=diagnostic-rendered-ansi,artifacts,future-incompat --crate-type lib --emit=dep-info,metadata -C embed-bitcode=no -C debuginfo=2 --check-cfg 'cfg(docsrs,test)' --check-cfg 'cfg(feature, values())' -C metadata=31e964fee06fc343 -C extra-filename=-3614a3b45b11e6ef --out-dir /workspaces/noa_ark_os/target/debug/deps -L dependency=/workspaces/noa_ark_os/target/debug/deps --cap-lints allow`
    Checking data-encoding v2.9.0
     Running `/home/codespace/.rustup/toolchains/stable-x86_64-unknown-linux-gnu/bin/rustc --crate-name data_encoding --edition=2018 /home/codespace/.cargo/registry/src/index.crates.io-1949cf8c6b5b557f/data-encoding-2.9.0/src/lib.rs --error-format=json --json=diagnostic-rendered-ansi,artifacts,future-incompat --crate-type lib --emit=dep-info,metadata -C embed-bitcode=no -C debuginfo=2 --warn=unused-results --warn=unsafe-op-in-unsafe-fn --warn=unreachable-pub '--warn=clippy::undocumented-unsafe-blocks' --warn=missing-docs --warn=missing-debug-implementations --warn=let-underscore-drop --warn=elided-lifetimes-in-paths --cfg 'feature="alloc"' --cfg 'feature="default"' --cfg 'feature="std"' --check-cfg 'cfg(docsrs,test)' --check-cfg 'cfg(feature, values("alloc", "default", "std"))' -C metadata=768877bdee8bb559 -C extra-filename=-7e5674bf69e5dd12 --out-dir /workspaces/noa_ark_os/target/debug/deps -L dependency=/workspaces/noa_ark_os/target/debug/deps --cap-lints allow`
     Running `/home/codespace/.rustup/toolchains/stable-x86_64-unknown-linux-gnu/bin/rustc --crate-name fixedbitset --edition=2015 /home/codespace/.cargo/registry/src/index.crates.io-1949cf8c6b5b557f/fixedbitset-0.4.2/src/lib.rs --error-format=json --json=diagnostic-rendered-ansi,artifacts,future-incompat --crate-type lib --emit=dep-info,metadata -C embed-bitcode=no -C debuginfo=2 --check-cfg 'cfg(docsrs,test)' --check-cfg 'cfg(feature, values("default", "serde", "std"))' -C metadata=e5b1546a6875ea10 -C extra-filename=-dc5efe865c71a126 --out-dir /workspaces/noa_ark_os/target/debug/deps -L dependency=/workspaces/noa_ark_os/target/debug/deps --cap-lints allow`
     Running `/home/codespace/.rustup/toolchains/stable-x86_64-unknown-linux-gnu/bin/rustc --crate-name petgraph --edition=2018 /home/codespace/.cargo/registry/src/index.crates.io-1949cf8c6b5b557f/petgraph-0.6.5/src/lib.rs --error-format=json --json=diagnostic-rendered-ansi,artifacts,future-incompat --crate-type lib --emit=dep-info,metadata -C embed-bitcode=no -C debuginfo=2 --cfg 'feature="default"' --cfg 'feature="graphmap"' --cfg 'feature="matrix_graph"' --cfg 'feature="stable_graph"' --check-cfg 'cfg(docsrs,test)' --check-cfg 'cfg(feature, values("all", "default", "generate", "graphmap", "matrix_graph", "quickcheck", "rayon", "serde", "serde-1", "serde_derive", "stable_graph", "unstable"))' -C metadata=c5a998e8a5b6850f -C extra-filename=-33f89253a200672b --out-dir /workspaces/noa_ark_os/target/debug/deps -L dependency=/workspaces/noa_ark_os/target/debug/deps --extern fixedbitset=/workspaces/noa_ark_os/target/debug/deps/libfixedbitset-dc5efe865c71a126.rmeta --extern indexmap=/workspaces/noa_ark_os/target/debug/deps/libindexmap-12377062ef2fd13b.rmeta --cap-lints allow`
warning: variable does not need to be mutable
   --> agents/src/implementations/model_selector.rs:112:13
    |
112 |         let mut candidates: Vec<_> = models
    |             ----^^^^^^^^^^
    |             |
    |             help: remove this `mut`
    |
    = note: `#[warn(unused_mut)]` (part of `#[warn(unused)]`) on by default

    Checking tungstenite v0.24.0
     Running `/home/codespace/.rustup/toolchains/stable-x86_64-unknown-linux-gnu/bin/rustc --crate-name tungstenite --edition=2018 /home/codespace/.cargo/registry/src/index.crates.io-1949cf8c6b5b557f/tungstenite-0.24.0/src/lib.rs --error-format=json --json=diagnostic-rendered-ansi,artifacts,future-incompat --crate-type lib --emit=dep-info,metadata -C embed-bitcode=no -C debuginfo=2 --cfg 'feature="data-encoding"' --cfg 'feature="handshake"' --cfg 'feature="http"' --cfg 'feature="httparse"' --cfg 'feature="sha1"' --check-cfg 'cfg(docsrs,test)' --check-cfg 'cfg(feature, values("__rustls-tls", "data-encoding", "default", "handshake", "http", "httparse", "native-tls", "native-tls-crate", "native-tls-vendored", "rustls", "rustls-native-certs", "rustls-pki-types", "rustls-tls-native-roots", "rustls-tls-webpki-roots", "sha1", "url", "webpki-roots"))' -C metadata=46e902413bedca7a -C extra-filename=-a40ae6e67584fcd3 --out-dir /workspaces/noa_ark_os/target/debug/deps -L dependency=/workspaces/noa_ark_os/target/debug/deps --extern byteorder=/workspaces/noa_ark_os/target/debug/deps/libbyteorder-0e217e6e271d82a4.rmeta --extern bytes=/workspaces/noa_ark_os/target/debug/deps/libbytes-770a4d47e567a9d3.rmeta --extern data_encoding=/workspaces/noa_ark_os/target/debug/deps/libdata_encoding-7e5674bf69e5dd12.rmeta --extern http=/workspaces/noa_ark_os/target/debug/deps/libhttp-28d20393bee645c8.rmeta --extern httparse=/workspaces/noa_ark_os/target/debug/deps/libhttparse-cf32ce9c71382594.rmeta --extern log=/workspaces/noa_ark_os/target/debug/deps/liblog-ca95c85a3b6980cc.rmeta --extern rand=/workspaces/noa_ark_os/target/debug/deps/librand-ae1b95486d2e9bdc.rmeta --extern sha1=/workspaces/noa_ark_os/target/debug/deps/libsha1-11a9c62433c55091.rmeta --extern thiserror=/workspaces/noa_ark_os/target/debug/deps/libthiserror-a623725ffa7d7e7e.rmeta --extern utf8=/workspaces/noa_ark_os/target/debug/deps/libutf8-140f5cd8e71f6aa4.rmeta --cap-lints allow`
     Running `/home/codespace/.rustup/toolchains/stable-x86_64-unknown-linux-gnu/bin/rustc --crate-name blake3 --edition=2021 /home/codespace/.cargo/registry/src/index.crates.io-1949cf8c6b5b557f/blake3-1.8.2/src/lib.rs --error-format=json --json=diagnostic-rendered-ansi,artifacts,future-incompat --crate-type lib --emit=dep-info,metadata -C embed-bitcode=no -C debuginfo=2 --cfg 'feature="default"' --cfg 'feature="std"' --check-cfg 'cfg(docsrs,test)' --check-cfg 'cfg(feature, values("default", "digest", "mmap", "neon", "no_avx2", "no_avx512", "no_neon", "no_sse2", "no_sse41", "prefer_intrinsics", "pure", "rayon", "serde", "std", "traits-preview", "wasm32_simd", "zeroize"))' -C metadata=01aa8eb9e7a2e6bc -C extra-filename=-b280597b684e75dd --out-dir /workspaces/noa_ark_os/target/debug/deps -L dependency=/workspaces/noa_ark_os/target/debug/deps --extern arrayref=/workspaces/noa_ark_os/target/debug/deps/libarrayref-3614a3b45b11e6ef.rmeta --extern arrayvec=/workspaces/noa_ark_os/target/debug/deps/libarrayvec-a5a117c123565bd4.rmeta --extern cfg_if=/workspaces/noa_ark_os/target/debug/deps/libcfg_if-8a61fb9a152698a3.rmeta --extern constant_time_eq=/workspaces/noa_ark_os/target/debug/deps/libconstant_time_eq-430eef70bd4e4052.rmeta --cap-lints allow -L native=/workspaces/noa_ark_os/target/debug/build/blake3-acc8dcaf99251c61/out -L native=/workspaces/noa_ark_os/target/debug/build/blake3-acc8dcaf99251c61/out -l static=blake3_sse2_sse41_avx2_assembly -l static=blake3_avx512_assembly --cfg blake3_sse2_ffi --cfg blake3_sse41_ffi --cfg blake3_avx2_ffi --cfg blake3_avx512_ffi --check-cfg 'cfg(blake3_sse2_ffi, values(none()))' --check-cfg 'cfg(blake3_sse2_rust, values(none()))' --check-cfg 'cfg(blake3_sse41_ffi, values(none()))' --check-cfg 'cfg(blake3_sse41_rust, values(none()))' --check-cfg 'cfg(blake3_avx2_ffi, values(none()))' --check-cfg 'cfg(blake3_avx2_rust, values(none()))' --check-cfg 'cfg(blake3_avx512_ffi, values(none()))' --check-cfg 'cfg(blake3_neon, values(none()))' --check-cfg 'cfg(blake3_wasm32_simd, values(none()))'`
warning: type `UsageStats` is more private than the item `ModelSelectorAgent::get_stats`
   --> agents/src/implementations/model_selector.rs:191:5
    |
191 |     pub fn get_stats(&self, model_name: &str) -> Option<UsageStats> {
    |     ^^^^^^^^^^^^^^^^^^^^^^^^^^^^^^^^^^^^^^^^^^^^^^^^^^^^^^^^^^^^^^^ method `ModelSelectorAgent::get_stats` is reachable at visibility `pub`
    |
note: but type `UsageStats` is only usable at visibility `pub(self)`
   --> agents/src/implementations/model_selector.rs:73:1
    |
 73 | struct UsageStats {
    | ^^^^^^^^^^^^^^^^^
    = note: `#[warn(private_interfaces)]` on by default

warning: field `config` is never read
  --> agents/src/implementations/board/digest.rs:26:5
   |
22 | pub struct DigestAgent {
   |            ----------- field in this struct
...
26 |     config: DigestAgentConfig,
   |     ^^^^^^
   |
   = note: `#[warn(dead_code)]` (part of `#[warn(unused)]`) on by default

warning: fields `domain_id`, `name`, `description`, and `insights_count` are never read
  --> agents/src/implementations/board/digest.rs:64:9
   |
63 | struct KnowledgeDomain {
   |        --------------- fields in this struct
64 |     pub domain_id: String,
   |         ^^^^^^^^^
65 |     pub name: String,
   |         ^^^^
66 |     pub description: String,
   |         ^^^^^^^^^^^
67 |     pub insights_count: usize,
   |         ^^^^^^^^^^^^^^
   |
   = note: `KnowledgeDomain` has derived impls for the traits `Clone` and `Debug`, but these are intentionally ignored during dead code analysis

warning: fields `total_budget`, `allocated`, `spent`, and `remaining` are never read
  --> agents/src/implementations/board/finance.rs:63:9
   |
62 | struct BudgetInfo {
   |        ---------- fields in this struct
63 |     pub total_budget: f64,
   |         ^^^^^^^^^^^^
64 |     pub allocated: f64,
   |         ^^^^^^^^^
65 |     pub spent: f64,
   |         ^^^^^
66 |     pub remaining: f64,
   |         ^^^^^^^^^
   |
   = note: `BudgetInfo` has derived impls for the traits `Clone` and `Debug`, but these are intentionally ignored during dead code analysis

warning: field `audits` is never read
  --> agents/src/implementations/board/legal.rs:31:5
   |
28 | struct ComplianceData {
   |        -------------- field in this struct
...
31 |     audits: Vec<ComplianceAudit>,
   |     ^^^^^^
   |
   = note: `ComplianceData` has a derived impl for the trait `Debug`, but this is intentionally ignored during dead code analysis

warning: field `processes` is never read
  --> agents/src/implementations/board/operations.rs:30:5
   |
28 | struct OperationsData {
   |        -------------- field in this struct
29 |     metrics: OperationalMetrics,
30 |     processes: Vec<BusinessProcess>,
   |     ^^^^^^^^^
   |
   = note: `OperationsData` has a derived impl for the trait `Debug`, but this is intentionally ignored during dead code analysis

warning: field `assessments` is never read
  --> agents/src/implementations/board/strategy.rs:31:5
   |
28 | struct StrategyData {
   |        ------------ field in this struct
...
31 |     assessments: Vec<MarketAssessment>,
   |     ^^^^^^^^^^^
   |
   = note: `StrategyData` has a derived impl for the trait `Debug`, but this is intentionally ignored during dead code analysis

warning: fields `protocol_id`, `emergency_type`, and `actions` are never read
  --> agents/src/implementations/executive/emergency.rs:77:9
   |
76 | struct ResponseProtocol {
   |        ---------------- fields in this struct
77 |     pub protocol_id: String,
   |         ^^^^^^^^^^^
78 |     pub emergency_type: EmergencyType,
   |         ^^^^^^^^^^^^^^
79 |     pub actions: Vec<String>,
   |         ^^^^^^^
   |
   = note: `ResponseProtocol` has derived impls for the traits `Clone` and `Debug`, but these are intentionally ignored during dead code analysis

warning: field `config` is never read
  --> agents/src/implementations/executive/noa.rs:28:5
   |
23 | pub struct NoaCommander {
   |            ------------ field in this struct
...
28 |     config: CommanderConfig,
   |     ^^^^^^

warning: fields `rule_id`, `condition`, and `priority_boost` are never read
  --> agents/src/implementations/executive/priority.rs:58:9
   |
57 | struct PriorityRule {
   |        ------------ fields in this struct
58 |     pub rule_id: String,
   |         ^^^^^^^
59 |     pub condition: String,
   |         ^^^^^^^^^
60 |     pub priority_boost: f64,
   |         ^^^^^^^^^^^^^^
   |
   = note: `PriorityRule` has derived impls for the traits `Clone` and `Debug`, but these are intentionally ignored during dead code analysis

warning: field `high_priority_tasks` is never read
  --> agents/src/implementations/executive/priority.rs:67:9
   |
65 | struct PriorityMetrics {
   |        --------------- field in this struct
66 |     pub total_tasks_prioritized: u64,
67 |     pub high_priority_tasks: u64,
   |         ^^^^^^^^^^^^^^^^^^^
   |
   = note: `PriorityMetrics` has derived impls for the traits `Clone` and `Debug`, but these are intentionally ignored during dead code analysis

warning: fields `pool_id`, `resource_type`, `total_capacity`, `allocated`, and `available` are never read
  --> agents/src/implementations/executive/resources.rs:48:9
   |
47 | struct ResourcePool {
   |        ------------ fields in this struct
48 |     pub pool_id: String,
   |         ^^^^^^^
49 |     pub resource_type: String,
   |         ^^^^^^^^^^^^^
50 |     pub total_capacity: f64,
   |         ^^^^^^^^^^^^^^
51 |     pub allocated: f64,
   |         ^^^^^^^^^
52 |     pub available: f64,
   |         ^^^^^^^^^
   |
   = note: `ResourcePool` has derived impls for the traits `Clone` and `Debug`, but these are intentionally ignored during dead code analysis

warning: field `metadata` is never read
  --> agents/src/implementations/model_selector.rs:67:5
   |
66 | pub struct ModelSelectorAgent {
   |            ------------------ field in this struct
67 |     metadata: AgentMetadata,
   |     ^^^^^^^^

warning: field `templates` is never read
  --> agents/src/implementations/specialist/code_generation.rs:22:5
   |
21 | struct GenerationData {
   |        -------------- field in this struct
22 |     templates: Vec<CodeTemplate>,
   |     ^^^^^^^^^
   |
   = note: `GenerationData` has a derived impl for the trait `Debug`, but this is intentionally ignored during dead code analysis

     Running `/home/codespace/.rustup/toolchains/stable-x86_64-unknown-linux-gnu/bin/rustc --crate-name tempfile --edition=2021 /home/codespace/.cargo/registry/src/index.crates.io-1949cf8c6b5b557f/tempfile-3.23.0/src/lib.rs --error-format=json --json=diagnostic-rendered-ansi,artifacts,future-incompat --crate-type lib --emit=dep-info,metadata -C embed-bitcode=no -C debuginfo=2 --cfg 'feature="default"' --cfg 'feature="getrandom"' --check-cfg 'cfg(docsrs,test)' --check-cfg 'cfg(feature, values("default", "getrandom", "nightly"))' -C metadata=7b043cd8fa1ad7c1 -C extra-filename=-e561681a14d4f6a7 --out-dir /workspaces/noa_ark_os/target/debug/deps -L dependency=/workspaces/noa_ark_os/target/debug/deps --extern fastrand=/workspaces/noa_ark_os/target/debug/deps/libfastrand-0365a1bdfd01d089.rmeta --extern getrandom=/workspaces/noa_ark_os/target/debug/deps/libgetrandom-73d8cd5fd17de8c7.rmeta --extern once_cell=/workspaces/noa_ark_os/target/debug/deps/libonce_cell-1750827ad4c3fd33.rmeta --extern rustix=/workspaces/noa_ark_os/target/debug/deps/librustix-86ae9272d97fbc2b.rmeta --cap-lints allow`
    Checking hyper v1.8.0
     Running `/home/codespace/.rustup/toolchains/stable-x86_64-unknown-linux-gnu/bin/rustc --crate-name hyper --edition=2021 /home/codespace/.cargo/registry/src/index.crates.io-1949cf8c6b5b557f/hyper-1.8.0/src/lib.rs --error-format=json --json=diagnostic-rendered-ansi,artifacts,future-incompat --crate-type lib --emit=dep-info,metadata -C embed-bitcode=no -C debuginfo=2 --warn=unexpected_cfgs --check-cfg 'cfg(hyper_unstable_tracing)' --check-cfg 'cfg(hyper_unstable_ffi)' --cfg 'feature="default"' --cfg 'feature="http1"' --cfg 'feature="server"' --check-cfg 'cfg(docsrs,test)' --check-cfg 'cfg(feature, values("capi", "client", "default", "ffi", "full", "http1", "http2", "nightly", "server", "tracing"))' -C metadata=f7835973155267ca -C extra-filename=-42398c245779073f --out-dir /workspaces/noa_ark_os/target/debug/deps -L dependency=/workspaces/noa_ark_os/target/debug/deps --extern atomic_waker=/workspaces/noa_ark_os/target/debug/deps/libatomic_waker-f3167f6290799b7b.rmeta --extern bytes=/workspaces/noa_ark_os/target/debug/deps/libbytes-770a4d47e567a9d3.rmeta --extern futures_channel=/workspaces/noa_ark_os/target/debug/deps/libfutures_channel-15276bfa71a7903e.rmeta --extern futures_core=/workspaces/noa_ark_os/target/debug/deps/libfutures_core-ef4635112164cc9c.rmeta --extern http=/workspaces/noa_ark_os/target/debug/deps/libhttp-28d20393bee645c8.rmeta --extern http_body=/workspaces/noa_ark_os/target/debug/deps/libhttp_body-41fec6839ca47fca.rmeta --extern httparse=/workspaces/noa_ark_os/target/debug/deps/libhttparse-cf32ce9c71382594.rmeta --extern httpdate=/workspaces/noa_ark_os/target/debug/deps/libhttpdate-bcff5e5f8235e028.rmeta --extern itoa=/workspaces/noa_ark_os/target/debug/deps/libitoa-5464c517accf7a26.rmeta --extern pin_project_lite=/workspaces/noa_ark_os/target/debug/deps/libpin_project_lite-1abd4834f7300c42.rmeta --extern pin_utils=/workspaces/noa_ark_os/target/debug/deps/libpin_utils-c5f2e2152c33e0ae.rmeta --extern smallvec=/workspaces/noa_ark_os/target/debug/deps/libsmallvec-346c429c14fab3be.rmeta --extern tokio=/workspaces/noa_ark_os/target/debug/deps/libtokio-a79c50a8f766ff76.rmeta --cap-lints allow`
warning: `noa_agents` (lib) generated 36 warnings (run `cargo fix --lib -p noa_agents` to apply 15 suggestions)
    Checking dashmap v5.5.3
     Running `/home/codespace/.rustup/toolchains/stable-x86_64-unknown-linux-gnu/bin/rustc --crate-name dashmap --edition=2018 /home/codespace/.cargo/registry/src/index.crates.io-1949cf8c6b5b557f/dashmap-5.5.3/src/lib.rs --error-format=json --json=diagnostic-rendered-ansi,artifacts,future-incompat --crate-type lib --emit=dep-info,metadata -C embed-bitcode=no -C debuginfo=2 --check-cfg 'cfg(docsrs,test)' --check-cfg 'cfg(feature, values("arbitrary", "inline", "raw-api", "rayon", "serde"))' -C metadata=927b01ae0941a159 -C extra-filename=-33acdc319345b49f --out-dir /workspaces/noa_ark_os/target/debug/deps -L dependency=/workspaces/noa_ark_os/target/debug/deps --extern cfg_if=/workspaces/noa_ark_os/target/debug/deps/libcfg_if-8a61fb9a152698a3.rmeta --extern hashbrown=/workspaces/noa_ark_os/target/debug/deps/libhashbrown-2de0aec9ce3e8a18.rmeta --extern lock_api=/workspaces/noa_ark_os/target/debug/deps/liblock_api-804a78642dae6774.rmeta --extern once_cell=/workspaces/noa_ark_os/target/debug/deps/libonce_cell-1750827ad4c3fd33.rmeta --extern parking_lot_core=/workspaces/noa_ark_os/target/debug/deps/libparking_lot_core-7a01610e8cc1b9cf.rmeta --cap-lints allow`
    Checking notify v6.1.1
     Running `/home/codespace/.rustup/toolchains/stable-x86_64-unknown-linux-gnu/bin/rustc --crate-name notify --edition=2021 /home/codespace/.cargo/registry/src/index.crates.io-1949cf8c6b5b557f/notify-6.1.1/src/lib.rs --error-format=json --json=diagnostic-rendered-ansi,artifacts,future-incompat --crate-type lib --emit=dep-info,metadata -C embed-bitcode=no -C debuginfo=2 --cfg 'feature="crossbeam-channel"' --cfg 'feature="default"' --cfg 'feature="fsevent-sys"' --cfg 'feature="macos_fsevent"' --check-cfg 'cfg(docsrs,test)' --check-cfg 'cfg(feature, values("crossbeam-channel", "default", "fsevent-sys", "kqueue", "macos_fsevent", "macos_kqueue", "manual_tests", "mio", "serde", "timing_tests"))' -C metadata=1c3dc59150d0f6d2 -C extra-filename=-8be073826d83042d --out-dir /workspaces/noa_ark_os/target/debug/deps -L dependency=/workspaces/noa_ark_os/target/debug/deps --extern crossbeam_channel=/workspaces/noa_ark_os/target/debug/deps/libcrossbeam_channel-33edd0f2c6d9e20c.rmeta --extern filetime=/workspaces/noa_ark_os/target/debug/deps/libfiletime-79e4e009d50c35ef.rmeta --extern inotify=/workspaces/noa_ark_os/target/debug/deps/libinotify-a8dcc58c0b487e1a.rmeta --extern libc=/workspaces/noa_ark_os/target/debug/deps/liblibc-3840e63bd17729f1.rmeta --extern log=/workspaces/noa_ark_os/target/debug/deps/liblog-ca95c85a3b6980cc.rmeta --extern mio=/workspaces/noa_ark_os/target/debug/deps/libmio-7e5ac033252845d9.rmeta --extern walkdir=/workspaces/noa_ark_os/target/debug/deps/libwalkdir-bb46e4dcd5446149.rmeta --cap-lints allow`
     Running `/workspaces/noa_ark_os/target/debug/build/multer-b0a75acf614f0470/build-script-build`
     Running `/workspaces/noa_ark_os/target/debug/build/axum-f00f43f70719dfc2/build-script-build`
    Checking tar v0.4.44
     Running `/home/codespace/.rustup/toolchains/stable-x86_64-unknown-linux-gnu/bin/rustc --crate-name tar --edition=2021 /home/codespace/.cargo/registry/src/index.crates.io-1949cf8c6b5b557f/tar-0.4.44/src/lib.rs --error-format=json --json=diagnostic-rendered-ansi,artifacts,future-incompat --crate-type lib --emit=dep-info,metadata -C embed-bitcode=no -C debuginfo=2 --cfg 'feature="default"' --cfg 'feature="xattr"' --check-cfg 'cfg(docsrs,test)' --check-cfg 'cfg(feature, values("default", "xattr"))' -C metadata=27558a9bdedcf387 -C extra-filename=-19ce9f2c063b709f --out-dir /workspaces/noa_ark_os/target/debug/deps -L dependency=/workspaces/noa_ark_os/target/debug/deps --extern filetime=/workspaces/noa_ark_os/target/debug/deps/libfiletime-79e4e009d50c35ef.rmeta --extern libc=/workspaces/noa_ark_os/target/debug/deps/liblibc-3840e63bd17729f1.rmeta --extern xattr=/workspaces/noa_ark_os/target/debug/deps/libxattr-f5e34d3e26f8643c.rmeta --cap-lints allow`
    Checking serde_with v3.15.1
     Running `/home/codespace/.rustup/toolchains/stable-x86_64-unknown-linux-gnu/bin/rustc --crate-name serde_with --edition=2021 /home/codespace/.cargo/registry/src/index.crates.io-1949cf8c6b5b557f/serde_with-3.15.1/src/lib.rs --error-format=json --json=diagnostic-rendered-ansi,artifacts,future-incompat --crate-type lib --emit=dep-info,metadata -C embed-bitcode=no -C debuginfo=2 --warn=rust_2018_idioms --warn=variant_size_differences --warn=unused_import_braces --warn=unused_extern_crates --warn=unexpected_cfgs --warn=trivial_numeric_casts --warn=trivial_casts '--warn=clippy::semicolon_if_nothing_returned' '--warn=clippy::redundant_closure_for_method_calls' --warn=missing_docs '--warn=rustdoc::missing_crate_level_docs' '--allow=clippy::manual-unwrap-or-default' '--allow=clippy::explicit_auto_deref' '--warn=clippy::doc_markdown' '--warn=clippy::default_trait_access' '--warn=clippy::cloned_instead_of_copied' --check-cfg 'cfg(tarpaulin)' --check-cfg 'cfg(tarpaulin_include)' --cfg 'feature="alloc"' --cfg 'feature="default"' --cfg 'feature="macros"' --cfg 'feature="std"' --check-cfg 'cfg(docsrs,test)' --check-cfg 'cfg(feature, values("alloc", "base64", "chrono", "chrono_0_4", "default", "guide", "hashbrown_0_14", "hashbrown_0_15", "hashbrown_0_16", "hex", "indexmap", "indexmap_1", "indexmap_2", "json", "macros", "schemars_0_8", "schemars_0_9", "schemars_1", "std", "time_0_3"))' -C metadata=5edb1ca8cb3e5417 -C extra-filename=-3e847dd8060c71fb --out-dir /workspaces/noa_ark_os/target/debug/deps -L dependency=/workspaces/noa_ark_os/target/debug/deps --extern serde_core=/workspaces/noa_ark_os/target/debug/deps/libserde_core-9b4466dc71da9955.rmeta --extern serde_with_macros=/workspaces/noa_ark_os/target/debug/deps/libserde_with_macros-582e56ff0081d66b.so --cap-lints allow`
    Checking zip v0.6.6
     Running `/home/codespace/.rustup/toolchains/stable-x86_64-unknown-linux-gnu/bin/rustc --crate-name zip --edition=2021 /home/codespace/.cargo/registry/src/index.crates.io-1949cf8c6b5b557f/zip-0.6.6/src/lib.rs --error-format=json --json=diagnostic-rendered-ansi,artifacts,future-incompat --crate-type lib --emit=dep-info,metadata -C embed-bitcode=no -C debuginfo=2 --cfg 'feature="deflate"' --cfg 'feature="flate2"' --check-cfg 'cfg(docsrs,test)' --check-cfg 'cfg(feature, values("aes", "aes-crypto", "bzip2", "constant_time_eq", "default", "deflate", "deflate-miniz", "deflate-zlib", "flate2", "hmac", "pbkdf2", "sha1", "time", "unreserved", "zstd"))' -C metadata=048f28b19ec3e248 -C extra-filename=-4a6f2567dbb4754d --out-dir /workspaces/noa_ark_os/target/debug/deps -L dependency=/workspaces/noa_ark_os/target/debug/deps --extern byteorder=/workspaces/noa_ark_os/target/debug/deps/libbyteorder-0e217e6e271d82a4.rmeta --extern crc32fast=/workspaces/noa_ark_os/target/debug/deps/libcrc32fast-25d4485af18b62e5.rmeta --extern flate2=/workspaces/noa_ark_os/target/debug/deps/libflate2-cfd3cea0865734ae.rmeta --cap-lints allow`
     Running `/home/codespace/.rustup/toolchains/stable-x86_64-unknown-linux-gnu/bin/rustc --crate-name axum_core --edition=2021 /home/codespace/.cargo/registry/src/index.crates.io-1949cf8c6b5b557f/axum-core-0.3.4/src/lib.rs --error-format=json --json=diagnostic-rendered-ansi,artifacts,future-incompat --crate-type lib --emit=dep-info,metadata -C embed-bitcode=no -C debuginfo=2 --check-cfg 'cfg(docsrs,test)' --check-cfg 'cfg(feature, values("__private_docs", "tracing"))' -C metadata=949b75ed1ddcd919 -C extra-filename=-793ca7f4866180c1 --out-dir /workspaces/noa_ark_os/target/debug/deps -L dependency=/workspaces/noa_ark_os/target/debug/deps --extern async_trait=/workspaces/noa_ark_os/target/debug/deps/libasync_trait-4eefe3d1330face5.so --extern bytes=/workspaces/noa_ark_os/target/debug/deps/libbytes-770a4d47e567a9d3.rmeta --extern futures_util=/workspaces/noa_ark_os/target/debug/deps/libfutures_util-6d059a5e08de3c2c.rmeta --extern http=/workspaces/noa_ark_os/target/debug/deps/libhttp-41e24f544e6fe696.rmeta --extern http_body=/workspaces/noa_ark_os/target/debug/deps/libhttp_body-cc3c514cd43135d8.rmeta --extern mime=/workspaces/noa_ark_os/target/debug/deps/libmime-656748d210c9ef2c.rmeta --extern tower_layer=/workspaces/noa_ark_os/target/debug/deps/libtower_layer-1f67ada81806e123.rmeta --extern tower_service=/workspaces/noa_ark_os/target/debug/deps/libtower_service-402939a1d16ccc7e.rmeta --cap-lints allow`
    Checking tower v0.4.13
     Running `/home/codespace/.rustup/toolchains/stable-x86_64-unknown-linux-gnu/bin/rustc --crate-name tower --edition=2018 /home/codespace/.cargo/registry/src/index.crates.io-1949cf8c6b5b557f/tower-0.4.13/src/lib.rs --error-format=json --json=diagnostic-rendered-ansi,artifacts,future-incompat --crate-type lib --emit=dep-info,metadata -C embed-bitcode=no -C debuginfo=2 --cfg 'feature="__common"' --cfg 'feature="balance"' --cfg 'feature="buffer"' --cfg 'feature="default"' --cfg 'feature="discover"' --cfg 'feature="futures-core"' --cfg 'feature="futures-util"' --cfg 'feature="indexmap"' --cfg 'feature="limit"' --cfg 'feature="load"' --cfg 'feature="log"' --cfg 'feature="make"' --cfg 'feature="pin-project"' --cfg 'feature="pin-project-lite"' --cfg 'feature="rand"' --cfg 'feature="ready-cache"' --cfg 'feature="slab"' --cfg 'feature="timeout"' --cfg 'feature="tokio"' --cfg 'feature="tokio-util"' --cfg 'feature="tracing"' --cfg 'feature="util"' --check-cfg 'cfg(docsrs,test)' --check-cfg 'cfg(feature, values("__common", "balance", "buffer", "default", "discover", "filter", "full", "futures-core", "futures-util", "hdrhistogram", "hedge", "indexmap", "limit", "load", "load-shed", "log", "make", "pin-project", "pin-project-lite", "rand", "ready-cache", "reconnect", "retry", "slab", "spawn-ready", "steer", "timeout", "tokio", "tokio-stream", "tokio-util", "tracing", "util"))' -C metadata=40c5be11ae2ef965 -C extra-filename=-21edd191487627b6 --out-dir /workspaces/noa_ark_os/target/debug/deps -L dependency=/workspaces/noa_ark_os/target/debug/deps --extern futures_core=/workspaces/noa_ark_os/target/debug/deps/libfutures_core-ef4635112164cc9c.rmeta --extern futures_util=/workspaces/noa_ark_os/target/debug/deps/libfutures_util-6d059a5e08de3c2c.rmeta --extern indexmap=/workspaces/noa_ark_os/target/debug/deps/libindexmap-42e536b731596cbb.rmeta --extern pin_project=/workspaces/noa_ark_os/target/debug/deps/libpin_project-191d0d065a291b8f.rmeta --extern pin_project_lite=/workspaces/noa_ark_os/target/debug/deps/libpin_project_lite-1abd4834f7300c42.rmeta --extern rand=/workspaces/noa_ark_os/target/debug/deps/librand-ae1b95486d2e9bdc.rmeta --extern slab=/workspaces/noa_ark_os/target/debug/deps/libslab-7302a3b4c04533bf.rmeta --extern tokio=/workspaces/noa_ark_os/target/debug/deps/libtokio-a79c50a8f766ff76.rmeta --extern tokio_util=/workspaces/noa_ark_os/target/debug/deps/libtokio_util-656e09705aeacdd4.rmeta --extern tower_layer=/workspaces/noa_ark_os/target/debug/deps/libtower_layer-1f67ada81806e123.rmeta --extern tower_service=/workspaces/noa_ark_os/target/debug/deps/libtower_service-402939a1d16ccc7e.rmeta --extern tracing=/workspaces/noa_ark_os/target/debug/deps/libtracing-f3d5401452431b0d.rmeta --cap-lints allow`
   Compiling tonic-build v0.11.0
     Running `/home/codespace/.rustup/toolchains/stable-x86_64-unknown-linux-gnu/bin/rustc --crate-name tonic_build --edition=2021 /home/codespace/.cargo/registry/src/index.crates.io-1949cf8c6b5b557f/tonic-build-0.11.0/src/lib.rs --error-format=json --json=diagnostic-rendered-ansi,artifacts,future-incompat --crate-type lib --emit=dep-info,metadata,link -C embed-bitcode=no --cfg 'feature="default"' --cfg 'feature="prost"' --cfg 'feature="prost-build"' --cfg 'feature="transport"' --check-cfg 'cfg(docsrs,test)' --check-cfg 'cfg(feature, values("cleanup-markdown", "default", "prost", "prost-build", "transport"))' -C metadata=8a82456e4e23c6aa -C extra-filename=-22606187ef61fc8c --out-dir /workspaces/noa_ark_os/target/debug/deps -L dependency=/workspaces/noa_ark_os/target/debug/deps --extern prettyplease=/workspaces/noa_ark_os/target/debug/deps/libprettyplease-535c55cb55e9eaac.rmeta --extern proc_macro2=/workspaces/noa_ark_os/target/debug/deps/libproc_macro2-0d3780dccc1fd28c.rmeta --extern prost_build=/workspaces/noa_ark_os/target/debug/deps/libprost_build-46b466a43be1cee1.rmeta --extern quote=/workspaces/noa_ark_os/target/debug/deps/libquote-3ffe4560c0d1aec9.rmeta --extern syn=/workspaces/noa_ark_os/target/debug/deps/libsyn-70f96d4c829c7253.rmeta --cap-lints allow`
    Checking http-body-util v0.1.3
     Running `/home/codespace/.rustup/toolchains/stable-x86_64-unknown-linux-gnu/bin/rustc --crate-name http_body_util --edition=2018 /home/codespace/.cargo/registry/src/index.crates.io-1949cf8c6b5b557f/http-body-util-0.1.3/src/lib.rs --error-format=json --json=diagnostic-rendered-ansi,artifacts,future-incompat --crate-type lib --emit=dep-info,metadata -C embed-bitcode=no -C debuginfo=2 --cfg 'feature="default"' --check-cfg 'cfg(docsrs,test)' --check-cfg 'cfg(feature, values("channel", "default", "full"))' -C metadata=7844f1f6a695b2ac -C extra-filename=-4e3cb2ff178a1d97 --out-dir /workspaces/noa_ark_os/target/debug/deps -L dependency=/workspaces/noa_ark_os/target/debug/deps --extern bytes=/workspaces/noa_ark_os/target/debug/deps/libbytes-770a4d47e567a9d3.rmeta --extern futures_core=/workspaces/noa_ark_os/target/debug/deps/libfutures_core-ef4635112164cc9c.rmeta --extern http=/workspaces/noa_ark_os/target/debug/deps/libhttp-28d20393bee645c8.rmeta --extern http_body=/workspaces/noa_ark_os/target/debug/deps/libhttp_body-41fec6839ca47fca.rmeta --extern pin_project_lite=/workspaces/noa_ark_os/target/debug/deps/libpin_project_lite-1abd4834f7300c42.rmeta --cap-lints allow`
     Running `/home/codespace/.rustup/toolchains/stable-x86_64-unknown-linux-gnu/bin/rustc --crate-name prost --edition=2021 /home/codespace/.cargo/registry/src/index.crates.io-1949cf8c6b5b557f/prost-0.12.6/src/lib.rs --error-format=json --json=diagnostic-rendered-ansi,artifacts,future-incompat --crate-type lib --emit=dep-info,metadata -C embed-bitcode=no -C debuginfo=2 --cfg 'feature="default"' --cfg 'feature="derive"' --cfg 'feature="prost-derive"' --cfg 'feature="std"' --check-cfg 'cfg(docsrs,test)' --check-cfg 'cfg(feature, values("default", "derive", "no-recursion-limit", "prost-derive", "std"))' -C metadata=2dcaa6acf7db9541 -C extra-filename=-20eab2541fbebb3c --out-dir /workspaces/noa_ark_os/target/debug/deps -L dependency=/workspaces/noa_ark_os/target/debug/deps --extern bytes=/workspaces/noa_ark_os/target/debug/deps/libbytes-770a4d47e567a9d3.rmeta --extern prost_derive=/workspaces/noa_ark_os/target/debug/deps/libprost_derive-32301fd4c088d6ba.so --cap-lints allow`
    Checking tokio-stream v0.1.17
     Running `/home/codespace/.rustup/toolchains/stable-x86_64-unknown-linux-gnu/bin/rustc --crate-name tokio_stream --edition=2021 /home/codespace/.cargo/registry/src/index.crates.io-1949cf8c6b5b557f/tokio-stream-0.1.17/src/lib.rs --error-format=json --json=diagnostic-rendered-ansi,artifacts,future-incompat --crate-type lib --emit=dep-info,metadata -C embed-bitcode=no -C debuginfo=2 --cfg 'feature="default"' --cfg 'feature="sync"' --cfg 'feature="time"' --cfg 'feature="tokio-util"' --check-cfg 'cfg(docsrs,test)' --check-cfg 'cfg(feature, values("default", "fs", "full", "io-util", "net", "signal", "sync", "time", "tokio-util"))' -C metadata=109a114afcdec043 -C extra-filename=-9fb0b0508be81355 --out-dir /workspaces/noa_ark_os/target/debug/deps -L dependency=/workspaces/noa_ark_os/target/debug/deps --extern futures_core=/workspaces/noa_ark_os/target/debug/deps/libfutures_core-ef4635112164cc9c.rmeta --extern pin_project_lite=/workspaces/noa_ark_os/target/debug/deps/libpin_project_lite-1abd4834f7300c42.rmeta --extern tokio=/workspaces/noa_ark_os/target/debug/deps/libtokio-a79c50a8f766ff76.rmeta --extern tokio_util=/workspaces/noa_ark_os/target/debug/deps/libtokio_util-656e09705aeacdd4.rmeta --cap-lints allow`
    Checking tokio-io-timeout v1.2.1
     Running `/home/codespace/.rustup/toolchains/stable-x86_64-unknown-linux-gnu/bin/rustc --crate-name tokio_io_timeout --edition=2018 /home/codespace/.cargo/registry/src/index.crates.io-1949cf8c6b5b557f/tokio-io-timeout-1.2.1/src/lib.rs --error-format=json --json=diagnostic-rendered-ansi,artifacts,future-incompat --crate-type lib --emit=dep-info,metadata -C embed-bitcode=no -C debuginfo=2 --check-cfg 'cfg(docsrs,test)' --check-cfg 'cfg(feature, values())' -C metadata=02c878550c014b80 -C extra-filename=-459ee2e83260ecdd --out-dir /workspaces/noa_ark_os/target/debug/deps -L dependency=/workspaces/noa_ark_os/target/debug/deps --extern pin_project_lite=/workspaces/noa_ark_os/target/debug/deps/libpin_project_lite-1abd4834f7300c42.rmeta --extern tokio=/workspaces/noa_ark_os/target/debug/deps/libtokio-a79c50a8f766ff76.rmeta --cap-lints allow`
   Compiling async-stream-impl v0.3.6
     Running `/home/codespace/.rustup/toolchains/stable-x86_64-unknown-linux-gnu/bin/rustc --crate-name async_stream_impl --edition=2021 /home/codespace/.cargo/registry/src/index.crates.io-1949cf8c6b5b557f/async-stream-impl-0.3.6/src/lib.rs --error-format=json --json=diagnostic-rendered-ansi,artifacts,future-incompat --crate-type proc-macro --emit=dep-info,link -C prefer-dynamic -C embed-bitcode=no --check-cfg 'cfg(docsrs,test)' --check-cfg 'cfg(feature, values())' -C metadata=9f5a3c11e48b210a -C extra-filename=-041b90017531bcba --out-dir /workspaces/noa_ark_os/target/debug/deps -L dependency=/workspaces/noa_ark_os/target/debug/deps --extern proc_macro2=/workspaces/noa_ark_os/target/debug/deps/libproc_macro2-0d3780dccc1fd28c.rlib --extern quote=/workspaces/noa_ark_os/target/debug/deps/libquote-3ffe4560c0d1aec9.rlib --extern syn=/workspaces/noa_ark_os/target/debug/deps/libsyn-70f96d4c829c7253.rlib --extern proc_macro --cap-lints allow`
    Checking spin v0.9.8
     Running `/home/codespace/.rustup/toolchains/stable-x86_64-unknown-linux-gnu/bin/rustc --crate-name spin --edition=2015 /home/codespace/.cargo/registry/src/index.crates.io-1949cf8c6b5b557f/spin-0.9.8/src/lib.rs --error-format=json --json=diagnostic-rendered-ansi,artifacts,future-incompat --crate-type lib --emit=dep-info,metadata -C embed-bitcode=no -C debuginfo=2 --cfg 'feature="mutex"' --cfg 'feature="spin_mutex"' --check-cfg 'cfg(docsrs,test)' --check-cfg 'cfg(feature, values("barrier", "default", "fair_mutex", "lazy", "lock_api", "lock_api_crate", "mutex", "once", "portable-atomic", "portable_atomic", "rwlock", "spin_mutex", "std", "ticket_mutex", "use_ticket_mutex"))' -C metadata=21d70ff52365f7d1 -C extra-filename=-18fa6f7b5f4464d9 --out-dir /workspaces/noa_ark_os/target/debug/deps -L dependency=/workspaces/noa_ark_os/target/debug/deps --cap-lints allow`
     Running `/home/codespace/.rustup/toolchains/stable-x86_64-unknown-linux-gnu/bin/rustc --crate-name multer --edition=2018 /home/codespace/.cargo/registry/src/index.crates.io-1949cf8c6b5b557f/multer-3.1.0/src/lib.rs --error-format=json --json=diagnostic-rendered-ansi,artifacts,future-incompat --crate-type lib --emit=dep-info,metadata -C embed-bitcode=no -C debuginfo=2 --cfg 'feature="default"' --check-cfg 'cfg(docsrs,test)' --check-cfg 'cfg(feature, values("all", "default", "json", "log", "serde", "serde_json", "tokio", "tokio-io", "tokio-util"))' -C metadata=68ec5d88e5192d90 -C extra-filename=-7dd46dc02a448ceb --out-dir /workspaces/noa_ark_os/target/debug/deps -L dependency=/workspaces/noa_ark_os/target/debug/deps --extern bytes=/workspaces/noa_ark_os/target/debug/deps/libbytes-770a4d47e567a9d3.rmeta --extern encoding_rs=/workspaces/noa_ark_os/target/debug/deps/libencoding_rs-1cb33110548db8c0.rmeta --extern futures_util=/workspaces/noa_ark_os/target/debug/deps/libfutures_util-6d059a5e08de3c2c.rmeta --extern http=/workspaces/noa_ark_os/target/debug/deps/libhttp-28d20393bee645c8.rmeta --extern httparse=/workspaces/noa_ark_os/target/debug/deps/libhttparse-cf32ce9c71382594.rmeta --extern memchr=/workspaces/noa_ark_os/target/debug/deps/libmemchr-5438e9ad5d4917e5.rmeta --extern mime=/workspaces/noa_ark_os/target/debug/deps/libmime-656748d210c9ef2c.rmeta --extern spin=/workspaces/noa_ark_os/target/debug/deps/libspin-18fa6f7b5f4464d9.rmeta --cap-lints allow`
    Checking hyper-timeout v0.4.1
     Running `/home/codespace/.rustup/toolchains/stable-x86_64-unknown-linux-gnu/bin/rustc --crate-name hyper_timeout --edition=2018 /home/codespace/.cargo/registry/src/index.crates.io-1949cf8c6b5b557f/hyper-timeout-0.4.1/src/lib.rs --error-format=json --json=diagnostic-rendered-ansi,artifacts,future-incompat --crate-type lib --emit=dep-info,metadata -C embed-bitcode=no -C debuginfo=2 --check-cfg 'cfg(docsrs,test)' --check-cfg 'cfg(feature, values())' -C metadata=c3da850d52a30e19 -C extra-filename=-b80680a95a30c134 --out-dir /workspaces/noa_ark_os/target/debug/deps -L dependency=/workspaces/noa_ark_os/target/debug/deps --extern hyper=/workspaces/noa_ark_os/target/debug/deps/libhyper-b607056fe1c2bba5.rmeta --extern pin_project_lite=/workspaces/noa_ark_os/target/debug/deps/libpin_project_lite-1abd4834f7300c42.rmeta --extern tokio=/workspaces/noa_ark_os/target/debug/deps/libtokio-a79c50a8f766ff76.rmeta --extern tokio_io_timeout=/workspaces/noa_ark_os/target/debug/deps/libtokio_io_timeout-459ee2e83260ecdd.rmeta --cap-lints allow`
   Compiling noa_ui_api v0.1.0 (/workspaces/noa_ark_os/server/ui_api)
     Running `/home/codespace/.rustup/toolchains/stable-x86_64-unknown-linux-gnu/bin/rustc --crate-name build_script_build --edition=2021 server/ui_api/build.rs --error-format=json --json=diagnostic-rendered-ansi,artifacts,future-incompat --crate-type bin --emit=dep-info,link -C embed-bitcode=no --check-cfg 'cfg(docsrs,test)' --check-cfg 'cfg(feature, values())' -C metadata=ed18b6c7ddbd3069 -C extra-filename=-bbd3e4b97b2febe0 --out-dir /workspaces/noa_ark_os/target/debug/build/noa_ui_api-bbd3e4b97b2febe0 -C incremental=/workspaces/noa_ark_os/target/debug/incremental -L dependency=/workspaces/noa_ark_os/target/debug/deps --extern prost_build=/workspaces/noa_ark_os/target/debug/deps/libprost_build-46b466a43be1cee1.rlib --extern tonic_build=/workspaces/noa_ark_os/target/debug/deps/libtonic_build-22606187ef61fc8c.rlib`
    Checking async-stream v0.3.6
     Running `/home/codespace/.rustup/toolchains/stable-x86_64-unknown-linux-gnu/bin/rustc --crate-name async_stream --edition=2021 /home/codespace/.cargo/registry/src/index.crates.io-1949cf8c6b5b557f/async-stream-0.3.6/src/lib.rs --error-format=json --json=diagnostic-rendered-ansi,artifacts,future-incompat --crate-type lib --emit=dep-info,metadata -C embed-bitcode=no -C debuginfo=2 --check-cfg 'cfg(docsrs,test)' --check-cfg 'cfg(feature, values())' -C metadata=e1b55ca7dfebf300 -C extra-filename=-fbe9842e6d5b1f9b --out-dir /workspaces/noa_ark_os/target/debug/deps -L dependency=/workspaces/noa_ark_os/target/debug/deps --extern async_stream_impl=/workspaces/noa_ark_os/target/debug/deps/libasync_stream_impl-041b90017531bcba.so --extern futures_core=/workspaces/noa_ark_os/target/debug/deps/libfutures_core-ef4635112164cc9c.rmeta --extern pin_project_lite=/workspaces/noa_ark_os/target/debug/deps/libpin_project_lite-1abd4834f7300c42.rmeta --cap-lints allow`
    Checking axum-core v0.4.5
     Running `/home/codespace/.rustup/toolchains/stable-x86_64-unknown-linux-gnu/bin/rustc --crate-name axum_core --edition=2021 /home/codespace/.cargo/registry/src/index.crates.io-1949cf8c6b5b557f/axum-core-0.4.5/src/lib.rs --error-format=json --json=diagnostic-rendered-ansi,artifacts,future-incompat --crate-type lib --emit=dep-info,metadata -C embed-bitcode=no -C debuginfo=2 --cfg 'feature="tracing"' --check-cfg 'cfg(docsrs,test)' --check-cfg 'cfg(feature, values("__private_docs", "tracing"))' -C metadata=8ef911fb0728ab93 -C extra-filename=-1ec524d7e8154eb8 --out-dir /workspaces/noa_ark_os/target/debug/deps -L dependency=/workspaces/noa_ark_os/target/debug/deps --extern async_trait=/workspaces/noa_ark_os/target/debug/deps/libasync_trait-4eefe3d1330face5.so --extern bytes=/workspaces/noa_ark_os/target/debug/deps/libbytes-770a4d47e567a9d3.rmeta --extern futures_util=/workspaces/noa_ark_os/target/debug/deps/libfutures_util-6d059a5e08de3c2c.rmeta --extern http=/workspaces/noa_ark_os/target/debug/deps/libhttp-28d20393bee645c8.rmeta --extern http_body=/workspaces/noa_ark_os/target/debug/deps/libhttp_body-41fec6839ca47fca.rmeta --extern http_body_util=/workspaces/noa_ark_os/target/debug/deps/libhttp_body_util-4e3cb2ff178a1d97.rmeta --extern mime=/workspaces/noa_ark_os/target/debug/deps/libmime-656748d210c9ef2c.rmeta --extern pin_project_lite=/workspaces/noa_ark_os/target/debug/deps/libpin_project_lite-1abd4834f7300c42.rmeta --extern rustversion=/workspaces/noa_ark_os/target/debug/deps/librustversion-95f8a228ca79623d.so --extern sync_wrapper=/workspaces/noa_ark_os/target/debug/deps/libsync_wrapper-1bf49ec7094b8ec2.rmeta --extern tower_layer=/workspaces/noa_ark_os/target/debug/deps/libtower_layer-1f67ada81806e123.rmeta --extern tower_service=/workspaces/noa_ark_os/target/debug/deps/libtower_service-402939a1d16ccc7e.rmeta --extern tracing=/workspaces/noa_ark_os/target/debug/deps/libtracing-f3d5401452431b0d.rmeta --cap-lints allow`
     Running `/home/codespace/.rustup/toolchains/stable-x86_64-unknown-linux-gnu/bin/rustc --crate-name axum --edition=2021 /home/codespace/.cargo/registry/src/index.crates.io-1949cf8c6b5b557f/axum-0.6.20/src/lib.rs --error-format=json --json=diagnostic-rendered-ansi,artifacts,future-incompat --crate-type lib --emit=dep-info,metadata -C embed-bitcode=no -C debuginfo=2 --check-cfg 'cfg(docsrs,test)' --check-cfg 'cfg(feature, values("__private_docs", "default", "form", "headers", "http1", "http2", "json", "macros", "matched-path", "multipart", "original-uri", "query", "tokio", "tower-log", "tracing", "ws"))' -C metadata=33de40029b63398c -C extra-filename=-59f957b092982dfc --out-dir /workspaces/noa_ark_os/target/debug/deps -L dependency=/workspaces/noa_ark_os/target/debug/deps --extern async_trait=/workspaces/noa_ark_os/target/debug/deps/libasync_trait-4eefe3d1330face5.so --extern axum_core=/workspaces/noa_ark_os/target/debug/deps/libaxum_core-793ca7f4866180c1.rmeta --extern bitflags=/workspaces/noa_ark_os/target/debug/deps/libbitflags-21f1ce32ecb18464.rmeta --extern bytes=/workspaces/noa_ark_os/target/debug/deps/libbytes-770a4d47e567a9d3.rmeta --extern futures_util=/workspaces/noa_ark_os/target/debug/deps/libfutures_util-6d059a5e08de3c2c.rmeta --extern http=/workspaces/noa_ark_os/target/debug/deps/libhttp-41e24f544e6fe696.rmeta --extern http_body=/workspaces/noa_ark_os/target/debug/deps/libhttp_body-cc3c514cd43135d8.rmeta --extern hyper=/workspaces/noa_ark_os/target/debug/deps/libhyper-b607056fe1c2bba5.rmeta --extern itoa=/workspaces/noa_ark_os/target/debug/deps/libitoa-5464c517accf7a26.rmeta --extern matchit=/workspaces/noa_ark_os/target/debug/deps/libmatchit-cfb6918d532a419b.rmeta --extern memchr=/workspaces/noa_ark_os/target/debug/deps/libmemchr-5438e9ad5d4917e5.rmeta --extern mime=/workspaces/noa_ark_os/target/debug/deps/libmime-656748d210c9ef2c.rmeta --extern percent_encoding=/workspaces/noa_ark_os/target/debug/deps/libpercent_encoding-bbbfb72321920f01.rmeta --extern pin_project_lite=/workspaces/noa_ark_os/target/debug/deps/libpin_project_lite-1abd4834f7300c42.rmeta --extern serde=/workspaces/noa_ark_os/target/debug/deps/libserde-05763c756793585d.rmeta --extern sync_wrapper=/workspaces/noa_ark_os/target/debug/deps/libsync_wrapper-c35d79362985de2e.rmeta --extern tower=/workspaces/noa_ark_os/target/debug/deps/libtower-21edd191487627b6.rmeta --extern tower_layer=/workspaces/noa_ark_os/target/debug/deps/libtower_layer-1f67ada81806e123.rmeta --extern tower_service=/workspaces/noa_ark_os/target/debug/deps/libtower_service-402939a1d16ccc7e.rmeta --cap-lints allow`
    Checking noa_crc v0.1.0 (/workspaces/noa_ark_os/crc)
     Running `/home/codespace/.rustup/toolchains/stable-x86_64-unknown-linux-gnu/bin/rustc --crate-name noa_crc --edition=2021 crc/src/lib.rs --error-format=json --json=diagnostic-rendered-ansi,artifacts,future-incompat --crate-type lib --emit=dep-info,metadata -C embed-bitcode=no -C debuginfo=2 --check-cfg 'cfg(docsrs,test)' --check-cfg 'cfg(feature, values())' -C metadata=f7d2b8da745cb185 -C extra-filename=-d10f1f1b720126fc --out-dir /workspaces/noa_ark_os/target/debug/deps -C incremental=/workspaces/noa_ark_os/target/debug/incremental -L dependency=/workspaces/noa_ark_os/target/debug/deps --extern anyhow=/workspaces/noa_ark_os/target/debug/deps/libanyhow-5507866cbcf9167e.rmeta --extern base64=/workspaces/noa_ark_os/target/debug/deps/libbase64-28c267c1a3480fea.rmeta --extern blake3=/workspaces/noa_ark_os/target/debug/deps/libblake3-b280597b684e75dd.rmeta --extern chrono=/workspaces/noa_ark_os/target/debug/deps/libchrono-2dc037d626266df9.rmeta --extern clap=/workspaces/noa_ark_os/target/debug/deps/libclap-66a02bef8483baa7.rmeta --extern dashmap=/workspaces/noa_ark_os/target/debug/deps/libdashmap-33acdc319345b49f.rmeta --extern flate2=/workspaces/noa_ark_os/target/debug/deps/libflate2-cfd3cea0865734ae.rmeta --extern notify=/workspaces/noa_ark_os/target/debug/deps/libnotify-8be073826d83042d.rmeta --extern petgraph=/workspaces/noa_ark_os/target/debug/deps/libpetgraph-33f89253a200672b.rmeta --extern serde=/workspaces/noa_ark_os/target/debug/deps/libserde-05763c756793585d.rmeta --extern serde_json=/workspaces/noa_ark_os/target/debug/deps/libserde_json-da3ada2060f3594c.rmeta --extern serde_with=/workspaces/noa_ark_os/target/debug/deps/libserde_with-3e847dd8060c71fb.rmeta --extern serde_yaml=/workspaces/noa_ark_os/target/debug/deps/libserde_yaml-81fe5f479c85e33b.rmeta --extern tar=/workspaces/noa_ark_os/target/debug/deps/libtar-19ce9f2c063b709f.rmeta --extern tempfile=/workspaces/noa_ark_os/target/debug/deps/libtempfile-e561681a14d4f6a7.rmeta --extern thiserror=/workspaces/noa_ark_os/target/debug/deps/libthiserror-a623725ffa7d7e7e.rmeta --extern tokio=/workspaces/noa_ark_os/target/debug/deps/libtokio-a79c50a8f766ff76.rmeta --extern tracing=/workspaces/noa_ark_os/target/debug/deps/libtracing-f3d5401452431b0d.rmeta --extern tracing_subscriber=/workspaces/noa_ark_os/target/debug/deps/libtracing_subscriber-ccdc6ca7cb737134.rmeta --extern uuid=/workspaces/noa_ark_os/target/debug/deps/libuuid-83e8c5a31aa6146a.rmeta --extern walkdir=/workspaces/noa_ark_os/target/debug/deps/libwalkdir-bb46e4dcd5446149.rmeta --extern zip=/workspaces/noa_ark_os/target/debug/deps/libzip-4a6f2567dbb4754d.rmeta -L native=/workspaces/noa_ark_os/target/debug/build/blake3-acc8dcaf99251c61/out -L native=/workspaces/noa_ark_os/target/debug/build/blake3-acc8dcaf99251c61/out`
warning: unused import: `Error`
  --> crc/src/archive.rs:11:40
   |
11 | use crate::{ArchiveIndex, ArchiveInfo, Error, FileEntry, Result, SourceType};
   |                                        ^^^^^
   |
   = note: `#[warn(unused_imports)]` (part of `#[warn(unused)]`) on by default

warning: unused import: `error`
 --> crc/src/commands.rs:6:15
  |
6 | use tracing::{error, info};
  |               ^^^^^

warning: unused import: `SourceType`
 --> crc/src/commands.rs:8:41
  |
8 | use crate::{CRCSystem, Error, Priority, SourceType};
  |                                         ^^^^^^^^^^

warning: unused import: `HashMap`
 --> crc/src/engine.rs:1:34
  |
1 | use std::collections::{BTreeMap, HashMap};
  |                                  ^^^^^^^

warning: unused imports: `debug` and `warn`
 --> crc/src/parallel.rs:9:15
  |
9 | use tracing::{debug, error, info, instrument, warn};
  |               ^^^^^                           ^^^^

warning: unused import: `DropManifest`
  --> crc/src/parallel.rs:11:13
   |
11 | use crate::{DropManifest, Error, SandboxModel, SourceType};
   |             ^^^^^^^^^^^^

warning: unused variable: `now`
   --> crc/src/archive.rs:178:13
    |
178 |         let now = std::time::SystemTime::now()
    |             ^^^ help: if this is intentional, prefix it with an underscore: `_now`
    |
    = note: `#[warn(unused_variables)]` (part of `#[warn(unused)]`) on by default

warning: unused variable: `source_path`
   --> crc/src/archive.rs:321:35
    |
321 |     async fn compress_drop(&self, source_path: &Path, archive_path: &Path) -> Result<u64> {
    |                                   ^^^^^^^^^^^ help: if this is intentional, prefix it with an underscore: `_source_path`

warning: unused variable: `crc`
   --> crc/src/commands.rs:165:5
    |
165 |     crc: &CRCSystem,
    |     ^^^ help: if this is intentional, prefix it with an underscore: `_crc`

warning: unused variable: `crc`
   --> crc/src/commands.rs:200:5
    |
200 |     crc: &CRCSystem,
    |     ^^^ help: if this is intentional, prefix it with an underscore: `_crc`

warning: unused variable: `crc`
   --> crc/src/commands.rs:225:5
    |
225 |     crc: &CRCSystem,
    |     ^^^ help: if this is intentional, prefix it with an underscore: `_crc`

warning: unused variable: `crc`
   --> crc/src/commands.rs:251:5
    |
251 |     crc: &CRCSystem,
    |     ^^^ help: if this is intentional, prefix it with an underscore: `_crc`

warning: unused variable: `crc`
   --> crc/src/commands.rs:289:22
    |
289 | async fn show_status(crc: &CRCSystem, drop_id: String) -> Result<(), Error> {
    |                      ^^^ help: if this is intentional, prefix it with an underscore: `_crc`

warning: unused variable: `crc`
   --> crc/src/commands.rs:309:5
    |
309 |     crc: &CRCSystem,
    |     ^^^ help: if this is intentional, prefix it with an underscore: `_crc`

warning: unused variable: `status`
   --> crc/src/commands.rs:310:5
    |
310 |     status: Option<String>,
    |     ^^^^^^ help: if this is intentional, prefix it with an underscore: `_status`

warning: unused variable: `source_type`
   --> crc/src/commands.rs:311:5
    |
311 |     source_type: Option<String>,
    |     ^^^^^^^^^^^ help: if this is intentional, prefix it with an underscore: `_source_type`

warning: unused variable: `crc`
   --> crc/src/commands.rs:329:22
    |
329 | async fn cancel_drop(crc: &CRCSystem, drop_id: String) -> Result<(), Error> {
    |                      ^^^ help: if this is intentional, prefix it with an underscore: `_crc`

warning: unused variable: `crc`
   --> crc/src/commands.rs:340:21
    |
340 | async fn retry_drop(crc: &CRCSystem, drop_id: String) -> Result<(), Error> {
    |                     ^^^ help: if this is intentional, prefix it with an underscore: `_crc`

warning: variable does not need to be mutable
  --> crc/src/engine.rs:67:13
   |
67 |         let mut cache = self.cache.lock().await;
   |             ----^^^^^
   |             |
   |             help: remove this `mut`
   |
   = note: `#[warn(unused_mut)]` (part of `#[warn(unused)]`) on by default

warning: unused variable: `summary`
  --> crc/src/orchestrator.rs:87:24
   |
87 |                     Ok(summary) => {
   |                        ^^^^^^^ help: if this is intentional, prefix it with an underscore: `_summary`

warning: unused variable: `archive_info`
   --> crc/src/processor.rs:116:13
    |
116 |         let archive_info = archive_manager
    |             ^^^^^^^^^^^^ help: if this is intentional, prefix it with an underscore: `_archive_info`

warning: variable does not need to be mutable
   --> crc/src/processor.rs:311:13
    |
311 |         let mut errors = Vec::new();
    |             ----^^^^^^
    |             |
    |             help: remove this `mut`

warning: unused variable: `path`
   --> crc/src/processor.rs:426:43
    |
426 |     async fn count_files_and_lines(&self, path: &Path) -> Result<(usize, usize)> {
    |                                           ^^^^ help: if this is intentional, prefix it with an underscore: `_path`

warning: variable does not need to be mutable
   --> crc/src/processor.rs:456:13
    |
456 |         let mut dependencies = Vec::new();
    |             ----^^^^^^^^^^^^
    |             |
    |             help: remove this `mut`

    Checking hyper-util v0.1.17
     Running `/home/codespace/.rustup/toolchains/stable-x86_64-unknown-linux-gnu/bin/rustc --crate-name hyper_util --edition=2021 /home/codespace/.cargo/registry/src/index.crates.io-1949cf8c6b5b557f/hyper-util-0.1.17/src/lib.rs --error-format=json --json=diagnostic-rendered-ansi,artifacts,future-incompat --crate-type lib --emit=dep-info,metadata -C embed-bitcode=no -C debuginfo=2 --cfg 'feature="default"' --cfg 'feature="http1"' --cfg 'feature="server"' --cfg 'feature="service"' --cfg 'feature="tokio"' --check-cfg 'cfg(docsrs,test)' --check-cfg 'cfg(feature, values("__internal_happy_eyeballs_tests", "client", "client-legacy", "client-proxy", "client-proxy-system", "default", "full", "http1", "http2", "server", "server-auto", "server-graceful", "service", "tokio", "tracing"))' -C metadata=f2db966bdb73b09b -C extra-filename=-71fb87aaff5eebc0 --out-dir /workspaces/noa_ark_os/target/debug/deps -L dependency=/workspaces/noa_ark_os/target/debug/deps --extern bytes=/workspaces/noa_ark_os/target/debug/deps/libbytes-770a4d47e567a9d3.rmeta --extern futures_core=/workspaces/noa_ark_os/target/debug/deps/libfutures_core-ef4635112164cc9c.rmeta --extern http=/workspaces/noa_ark_os/target/debug/deps/libhttp-28d20393bee645c8.rmeta --extern http_body=/workspaces/noa_ark_os/target/debug/deps/libhttp_body-41fec6839ca47fca.rmeta --extern hyper=/workspaces/noa_ark_os/target/debug/deps/libhyper-42398c245779073f.rmeta --extern pin_project_lite=/workspaces/noa_ark_os/target/debug/deps/libpin_project_lite-1abd4834f7300c42.rmeta --extern tokio=/workspaces/noa_ark_os/target/debug/deps/libtokio-a79c50a8f766ff76.rmeta --extern tower_service=/workspaces/noa_ark_os/target/debug/deps/libtower_service-402939a1d16ccc7e.rmeta --cap-lints allow`
    Checking tokio-tungstenite v0.24.0
     Running `/home/codespace/.rustup/toolchains/stable-x86_64-unknown-linux-gnu/bin/rustc --crate-name tokio_tungstenite --edition=2018 /home/codespace/.cargo/registry/src/index.crates.io-1949cf8c6b5b557f/tokio-tungstenite-0.24.0/src/lib.rs --error-format=json --json=diagnostic-rendered-ansi,artifacts,future-incompat --crate-type lib --emit=dep-info,metadata -C embed-bitcode=no -C debuginfo=2 --cfg 'feature="connect"' --cfg 'feature="default"' --cfg 'feature="handshake"' --cfg 'feature="stream"' --check-cfg 'cfg(docsrs,test)' --check-cfg 'cfg(feature, values("__rustls-tls", "connect", "default", "handshake", "native-tls", "native-tls-crate", "native-tls-vendored", "rustls", "rustls-native-certs", "rustls-pki-types", "rustls-tls-native-roots", "rustls-tls-webpki-roots", "stream", "tokio-native-tls", "tokio-rustls", "url", "webpki-roots"))' -C metadata=4e59a35a4508a3d7 -C extra-filename=-24f616a5539c4591 --out-dir /workspaces/noa_ark_os/target/debug/deps -L dependency=/workspaces/noa_ark_os/target/debug/deps --extern futures_util=/workspaces/noa_ark_os/target/debug/deps/libfutures_util-6d059a5e08de3c2c.rmeta --extern log=/workspaces/noa_ark_os/target/debug/deps/liblog-ca95c85a3b6980cc.rmeta --extern tokio=/workspaces/noa_ark_os/target/debug/deps/libtokio-a79c50a8f766ff76.rmeta --extern tungstenite=/workspaces/noa_ark_os/target/debug/deps/libtungstenite-a40ae6e67584fcd3.rmeta --cap-lints allow`
    Checking tower v0.5.2
     Running `/home/codespace/.rustup/toolchains/stable-x86_64-unknown-linux-gnu/bin/rustc --crate-name tower --edition=2018 /home/codespace/.cargo/registry/src/index.crates.io-1949cf8c6b5b557f/tower-0.5.2/src/lib.rs --error-format=json --json=diagnostic-rendered-ansi,artifacts,future-incompat --crate-type lib --emit=dep-info,metadata -C embed-bitcode=no -C debuginfo=2 --cfg 'feature="__common"' --cfg 'feature="futures-core"' --cfg 'feature="futures-util"' --cfg 'feature="log"' --cfg 'feature="make"' --cfg 'feature="pin-project-lite"' --cfg 'feature="sync_wrapper"' --cfg 'feature="tokio"' --cfg 'feature="tracing"' --cfg 'feature="util"' --check-cfg 'cfg(docsrs,test)' --check-cfg 'cfg(feature, values("__common", "balance", "buffer", "discover", "filter", "full", "futures-core", "futures-util", "hdrhistogram", "hedge", "indexmap", "limit", "load", "load-shed", "log", "make", "pin-project-lite", "ready-cache", "reconnect", "retry", "slab", "spawn-ready", "steer", "sync_wrapper", "timeout", "tokio", "tokio-stream", "tokio-util", "tracing", "util"))' -C metadata=3588a1f0e7cb3a78 -C extra-filename=-4abeee4a93d81f4f --out-dir /workspaces/noa_ark_os/target/debug/deps -L dependency=/workspaces/noa_ark_os/target/debug/deps --extern futures_core=/workspaces/noa_ark_os/target/debug/deps/libfutures_core-ef4635112164cc9c.rmeta --extern futures_util=/workspaces/noa_ark_os/target/debug/deps/libfutures_util-6d059a5e08de3c2c.rmeta --extern pin_project_lite=/workspaces/noa_ark_os/target/debug/deps/libpin_project_lite-1abd4834f7300c42.rmeta --extern sync_wrapper=/workspaces/noa_ark_os/target/debug/deps/libsync_wrapper-1bf49ec7094b8ec2.rmeta --extern tokio=/workspaces/noa_ark_os/target/debug/deps/libtokio-a79c50a8f766ff76.rmeta --extern tower_layer=/workspaces/noa_ark_os/target/debug/deps/libtower_layer-1f67ada81806e123.rmeta --extern tower_service=/workspaces/noa_ark_os/target/debug/deps/libtower_service-402939a1d16ccc7e.rmeta --extern tracing=/workspaces/noa_ark_os/target/debug/deps/libtracing-f3d5401452431b0d.rmeta --cap-lints allow`
    Checking relocation-daemon v0.1.0 (/workspaces/noa_ark_os/services/relocation-daemon)
     Running `/home/codespace/.rustup/toolchains/stable-x86_64-unknown-linux-gnu/bin/rustc --crate-name relocation_daemon --edition=2021 services/relocation-daemon/src/lib.rs --error-format=json --json=diagnostic-rendered-ansi,artifacts,future-incompat --crate-type lib --emit=dep-info,metadata -C embed-bitcode=no -C debuginfo=2 --check-cfg 'cfg(docsrs,test)' --check-cfg 'cfg(feature, values())' -C metadata=01423f7f08cacf6f -C extra-filename=-dad3899faa9baf3c --out-dir /workspaces/noa_ark_os/target/debug/deps -C incremental=/workspaces/noa_ark_os/target/debug/incremental -L dependency=/workspaces/noa_ark_os/target/debug/deps --extern anyhow=/workspaces/noa_ark_os/target/debug/deps/libanyhow-5507866cbcf9167e.rmeta --extern chrono=/workspaces/noa_ark_os/target/debug/deps/libchrono-2dc037d626266df9.rmeta --extern noa_core=/workspaces/noa_ark_os/target/debug/deps/libnoa_core-071024af68237ffe.rmeta --extern serde=/workspaces/noa_ark_os/target/debug/deps/libserde-05763c756793585d.rmeta --extern serde_json=/workspaces/noa_ark_os/target/debug/deps/libserde_json-da3ada2060f3594c.rmeta --extern serde_yaml=/workspaces/noa_ark_os/target/debug/deps/libserde_yaml-81fe5f479c85e33b.rmeta --extern tokio=/workspaces/noa_ark_os/target/debug/deps/libtokio-a79c50a8f766ff76.rmeta --extern tracing=/workspaces/noa_ark_os/target/debug/deps/libtracing-f3d5401452431b0d.rmeta --extern uuid=/workspaces/noa_ark_os/target/debug/deps/libuuid-83e8c5a31aa6146a.rmeta`
    Checking futures-executor v0.3.31
     Running `/home/codespace/.rustup/toolchains/stable-x86_64-unknown-linux-gnu/bin/rustc --crate-name futures_executor --edition=2018 /home/codespace/.cargo/registry/src/index.crates.io-1949cf8c6b5b557f/futures-executor-0.3.31/src/lib.rs --error-format=json --json=diagnostic-rendered-ansi,artifacts,future-incompat --crate-type lib --emit=dep-info,metadata -C embed-bitcode=no -C debuginfo=2 --warn=unreachable_pub --warn=unexpected_cfgs --warn=single_use_lifetimes --warn=rust_2018_idioms --warn=missing_debug_implementations --check-cfg 'cfg(futures_sanitizer)' --cfg 'feature="std"' --check-cfg 'cfg(docsrs,test)' --check-cfg 'cfg(feature, values("default", "num_cpus", "std", "thread-pool"))' -C metadata=4c350515f95de69a -C extra-filename=-d9c20ee0b2bb9251 --out-dir /workspaces/noa_ark_os/target/debug/deps -L dependency=/workspaces/noa_ark_os/target/debug/deps --extern futures_core=/workspaces/noa_ark_os/target/debug/deps/libfutures_core-ef4635112164cc9c.rmeta --extern futures_task=/workspaces/noa_ark_os/target/debug/deps/libfutures_task-5a2bc8c849377ff1.rmeta --extern futures_util=/workspaces/noa_ark_os/target/debug/deps/libfutures_util-6d059a5e08de3c2c.rmeta --cap-lints allow`
warning: fields `openapi` and `info` are never read
  --> crc/src/digestors/api.rs:13:9
   |
11 | struct OpenApiDoc {
   |        ---------- fields in this struct
12 |     #[serde(default)]
13 |     pub openapi: Option<String>,
   |         ^^^^^^^
14 |     #[serde(default)]
15 |     pub info: Option<serde_json::Value>,
   |         ^^^^
   |
   = note: `OpenApiDoc` has a derived impl for the trait `Debug`, but this is intentionally ignored during dead code analysis
   = note: `#[warn(dead_code)]` (part of `#[warn(unused)]`) on by default

warning: fields `workers` and `semaphore` are never read
  --> crc/src/parallel.rs:35:5
   |
33 | pub struct WorkerPool {
   |            ---------- fields in this struct
34 |     name: String,
35 |     workers: Vec<JoinHandle<()>>,
   |     ^^^^^^^
36 |     semaphore: Arc<Semaphore>,
   |     ^^^^^^^^^

warning: fields `analysis_pool`, `adaptation_pool`, and `validation_pool` are never read
  --> crc/src/parallel.rs:74:5
   |
66 | pub struct ParallelDropProcessor {
   |            --------------------- fields in this struct
...
74 |     analysis_pool: WorkerPool,
   |     ^^^^^^^^^^^^^
75 |     adaptation_pool: WorkerPool,
   |     ^^^^^^^^^^^^^^^
76 |     validation_pool: WorkerPool,
   |     ^^^^^^^^^^^^^^^

    Checking serde_path_to_error v0.1.20
     Running `/home/codespace/.rustup/toolchains/stable-x86_64-unknown-linux-gnu/bin/rustc --crate-name serde_path_to_error --edition=2021 /home/codespace/.cargo/registry/src/index.crates.io-1949cf8c6b5b557f/serde_path_to_error-0.1.20/src/lib.rs --error-format=json --json=diagnostic-rendered-ansi,artifacts,future-incompat --crate-type lib --emit=dep-info,metadata -C embed-bitcode=no -C debuginfo=2 --check-cfg 'cfg(docsrs,test)' --check-cfg 'cfg(feature, values())' -C metadata=1d2619eaab396400 -C extra-filename=-738fc5a9afb9b844 --out-dir /workspaces/noa_ark_os/target/debug/deps -L dependency=/workspaces/noa_ark_os/target/debug/deps --extern itoa=/workspaces/noa_ark_os/target/debug/deps/libitoa-5464c517accf7a26.rmeta --extern serde_core=/workspaces/noa_ark_os/target/debug/deps/libserde_core-9b4466dc71da9955.rmeta --cap-lints allow`
warning: `noa_crc` (lib) generated 27 warnings (run `cargo fix --lib -p noa_crc` to apply 9 suggestions)
    Checking base64 v0.22.1
     Running `/home/codespace/.rustup/toolchains/stable-x86_64-unknown-linux-gnu/bin/rustc --crate-name base64 --edition=2018 /home/codespace/.cargo/registry/src/index.crates.io-1949cf8c6b5b557f/base64-0.22.1/src/lib.rs --error-format=json --json=diagnostic-rendered-ansi,artifacts,future-incompat --crate-type lib --emit=dep-info,metadata -C embed-bitcode=no -C debuginfo=2 --cfg 'feature="alloc"' --cfg 'feature="default"' --cfg 'feature="std"' --check-cfg 'cfg(docsrs,test)' --check-cfg 'cfg(feature, values("alloc", "default", "std"))' -C metadata=b116d20c1dc00440 -C extra-filename=-476db40d737287e7 --out-dir /workspaces/noa_ark_os/target/debug/deps -L dependency=/workspaces/noa_ark_os/target/debug/deps --cap-lints allow`
    Checking futures v0.3.31
     Running `/home/codespace/.rustup/toolchains/stable-x86_64-unknown-linux-gnu/bin/rustc --crate-name futures --edition=2018 /home/codespace/.cargo/registry/src/index.crates.io-1949cf8c6b5b557f/futures-0.3.31/src/lib.rs --error-format=json --json=diagnostic-rendered-ansi,artifacts,future-incompat --crate-type lib --emit=dep-info,metadata -C embed-bitcode=no -C debuginfo=2 --warn=unreachable_pub --warn=unexpected_cfgs --warn=single_use_lifetimes --warn=rust_2018_idioms --warn=missing_debug_implementations --check-cfg 'cfg(futures_sanitizer)' --cfg 'feature="alloc"' --cfg 'feature="async-await"' --cfg 'feature="default"' --cfg 'feature="executor"' --cfg 'feature="futures-executor"' --cfg 'feature="std"' --check-cfg 'cfg(docsrs,test)' --check-cfg 'cfg(feature, values("alloc", "async-await", "bilock", "cfg-target-has-atomic", "compat", "default", "executor", "futures-executor", "io-compat", "std", "thread-pool", "unstable", "write-all-vectored"))' -C metadata=30b764c015b7fe68 -C extra-filename=-be3879b4897e70d1 --out-dir /workspaces/noa_ark_os/target/debug/deps -L dependency=/workspaces/noa_ark_os/target/debug/deps --extern futures_channel=/workspaces/noa_ark_os/target/debug/deps/libfutures_channel-15276bfa71a7903e.rmeta --extern futures_core=/workspaces/noa_ark_os/target/debug/deps/libfutures_core-ef4635112164cc9c.rmeta --extern futures_executor=/workspaces/noa_ark_os/target/debug/deps/libfutures_executor-d9c20ee0b2bb9251.rmeta --extern futures_io=/workspaces/noa_ark_os/target/debug/deps/libfutures_io-0127b49d7fef78ed.rmeta --extern futures_sink=/workspaces/noa_ark_os/target/debug/deps/libfutures_sink-c7a22e93b24bd68e.rmeta --extern futures_task=/workspaces/noa_ark_os/target/debug/deps/libfutures_task-5a2bc8c849377ff1.rmeta --extern futures_util=/workspaces/noa_ark_os/target/debug/deps/libfutures_util-6d059a5e08de3c2c.rmeta --cap-lints allow`
    Checking axum v0.7.9
     Running `/home/codespace/.rustup/toolchains/stable-x86_64-unknown-linux-gnu/bin/rustc --crate-name axum --edition=2021 /home/codespace/.cargo/registry/src/index.crates.io-1949cf8c6b5b557f/axum-0.7.9/src/lib.rs --error-format=json --json=diagnostic-rendered-ansi,artifacts,future-incompat --crate-type lib --emit=dep-info,metadata -C embed-bitcode=no -C debuginfo=2 --cfg 'feature="default"' --cfg 'feature="form"' --cfg 'feature="http1"' --cfg 'feature="json"' --cfg 'feature="matched-path"' --cfg 'feature="multipart"' --cfg 'feature="original-uri"' --cfg 'feature="query"' --cfg 'feature="tokio"' --cfg 'feature="tower-log"' --cfg 'feature="tracing"' --cfg 'feature="ws"' --check-cfg 'cfg(docsrs,test)' --check-cfg 'cfg(feature, values("__private_docs", "default", "form", "http1", "http2", "json", "macros", "matched-path", "multipart", "original-uri", "query", "tokio", "tower-log", "tracing", "ws"))' -C metadata=44eafba6b49bb513 -C extra-filename=-01cd653bdb3a4ed5 --out-dir /workspaces/noa_ark_os/target/debug/deps -L dependency=/workspaces/noa_ark_os/target/debug/deps --extern async_trait=/workspaces/noa_ark_os/target/debug/deps/libasync_trait-4eefe3d1330face5.so --extern axum_core=/workspaces/noa_ark_os/target/debug/deps/libaxum_core-1ec524d7e8154eb8.rmeta --extern base64=/workspaces/noa_ark_os/target/debug/deps/libbase64-476db40d737287e7.rmeta --extern bytes=/workspaces/noa_ark_os/target/debug/deps/libbytes-770a4d47e567a9d3.rmeta --extern futures_util=/workspaces/noa_ark_os/target/debug/deps/libfutures_util-6d059a5e08de3c2c.rmeta --extern http=/workspaces/noa_ark_os/target/debug/deps/libhttp-28d20393bee645c8.rmeta --extern http_body=/workspaces/noa_ark_os/target/debug/deps/libhttp_body-41fec6839ca47fca.rmeta --extern http_body_util=/workspaces/noa_ark_os/target/debug/deps/libhttp_body_util-4e3cb2ff178a1d97.rmeta --extern hyper=/workspaces/noa_ark_os/target/debug/deps/libhyper-42398c245779073f.rmeta --extern hyper_util=/workspaces/noa_ark_os/target/debug/deps/libhyper_util-71fb87aaff5eebc0.rmeta --extern itoa=/workspaces/noa_ark_os/target/debug/deps/libitoa-5464c517accf7a26.rmeta --extern matchit=/workspaces/noa_ark_os/target/debug/deps/libmatchit-cfb6918d532a419b.rmeta --extern memchr=/workspaces/noa_ark_os/target/debug/deps/libmemchr-5438e9ad5d4917e5.rmeta --extern mime=/workspaces/noa_ark_os/target/debug/deps/libmime-656748d210c9ef2c.rmeta --extern multer=/workspaces/noa_ark_os/target/debug/deps/libmulter-7dd46dc02a448ceb.rmeta --extern percent_encoding=/workspaces/noa_ark_os/target/debug/deps/libpercent_encoding-bbbfb72321920f01.rmeta --extern pin_project_lite=/workspaces/noa_ark_os/target/debug/deps/libpin_project_lite-1abd4834f7300c42.rmeta --extern rustversion=/workspaces/noa_ark_os/target/debug/deps/librustversion-95f8a228ca79623d.so --extern serde=/workspaces/noa_ark_os/target/debug/deps/libserde-05763c756793585d.rmeta --extern serde_json=/workspaces/noa_ark_os/target/debug/deps/libserde_json-da3ada2060f3594c.rmeta --extern serde_path_to_error=/workspaces/noa_ark_os/target/debug/deps/libserde_path_to_error-738fc5a9afb9b844.rmeta --extern serde_urlencoded=/workspaces/noa_ark_os/target/debug/deps/libserde_urlencoded-87c3491033f3e46a.rmeta --extern sha1=/workspaces/noa_ark_os/target/debug/deps/libsha1-11a9c62433c55091.rmeta --extern sync_wrapper=/workspaces/noa_ark_os/target/debug/deps/libsync_wrapper-1bf49ec7094b8ec2.rmeta --extern tokio=/workspaces/noa_ark_os/target/debug/deps/libtokio-a79c50a8f766ff76.rmeta --extern tokio_tungstenite=/workspaces/noa_ark_os/target/debug/deps/libtokio_tungstenite-24f616a5539c4591.rmeta --extern tower=/workspaces/noa_ark_os/target/debug/deps/libtower-4abeee4a93d81f4f.rmeta --extern tower_layer=/workspaces/noa_ark_os/target/debug/deps/libtower_layer-1f67ada81806e123.rmeta --extern tower_service=/workspaces/noa_ark_os/target/debug/deps/libtower_service-402939a1d16ccc7e.rmeta --extern tracing=/workspaces/noa_ark_os/target/debug/deps/libtracing-f3d5401452431b0d.rmeta --cap-lints allow`
    Checking tonic v0.11.0
     Running `/home/codespace/.rustup/toolchains/stable-x86_64-unknown-linux-gnu/bin/rustc --crate-name tonic --edition=2021 /home/codespace/.cargo/registry/src/index.crates.io-1949cf8c6b5b557f/tonic-0.11.0/src/lib.rs --error-format=json --json=diagnostic-rendered-ansi,artifacts,future-incompat --crate-type lib --emit=dep-info,metadata -C embed-bitcode=no -C debuginfo=2 --cfg 'feature="channel"' --cfg 'feature="codegen"' --cfg 'feature="default"' --cfg 'feature="prost"' --cfg 'feature="transport"' --check-cfg 'cfg(docsrs,test)' --check-cfg 'cfg(feature, values("channel", "codegen", "default", "gzip", "prost", "tls", "tls-roots", "tls-roots-common", "tls-webpki-roots", "transport", "zstd"))' -C metadata=c6c3c347795a1e8b -C extra-filename=-59a37fa4ed4879fa --out-dir /workspaces/noa_ark_os/target/debug/deps -L dependency=/workspaces/noa_ark_os/target/debug/deps --extern async_stream=/workspaces/noa_ark_os/target/debug/deps/libasync_stream-fbe9842e6d5b1f9b.rmeta --extern async_trait=/workspaces/noa_ark_os/target/debug/deps/libasync_trait-4eefe3d1330face5.so --extern axum=/workspaces/noa_ark_os/target/debug/deps/libaxum-59f957b092982dfc.rmeta --extern base64=/workspaces/noa_ark_os/target/debug/deps/libbase64-28c267c1a3480fea.rmeta --extern bytes=/workspaces/noa_ark_os/target/debug/deps/libbytes-770a4d47e567a9d3.rmeta --extern h2=/workspaces/noa_ark_os/target/debug/deps/libh2-a431cec9435fe685.rmeta --extern http=/workspaces/noa_ark_os/target/debug/deps/libhttp-41e24f544e6fe696.rmeta --extern http_body=/workspaces/noa_ark_os/target/debug/deps/libhttp_body-cc3c514cd43135d8.rmeta --extern hyper=/workspaces/noa_ark_os/target/debug/deps/libhyper-b607056fe1c2bba5.rmeta --extern hyper_timeout=/workspaces/noa_ark_os/target/debug/deps/libhyper_timeout-b80680a95a30c134.rmeta --extern percent_encoding=/workspaces/noa_ark_os/target/debug/deps/libpercent_encoding-bbbfb72321920f01.rmeta --extern pin_project=/workspaces/noa_ark_os/target/debug/deps/libpin_project-191d0d065a291b8f.rmeta --extern prost=/workspaces/noa_ark_os/target/debug/deps/libprost-20eab2541fbebb3c.rmeta --extern tokio=/workspaces/noa_ark_os/target/debug/deps/libtokio-a79c50a8f766ff76.rmeta --extern tokio_stream=/workspaces/noa_ark_os/target/debug/deps/libtokio_stream-9fb0b0508be81355.rmeta --extern tower=/workspaces/noa_ark_os/target/debug/deps/libtower-21edd191487627b6.rmeta --extern tower_layer=/workspaces/noa_ark_os/target/debug/deps/libtower_layer-1f67ada81806e123.rmeta --extern tower_service=/workspaces/noa_ark_os/target/debug/deps/libtower_service-402939a1d16ccc7e.rmeta --extern tracing=/workspaces/noa_ark_os/target/debug/deps/libtracing-f3d5401452431b0d.rmeta --cap-lints allow`
     Running `/workspaces/noa_ark_os/target/debug/build/noa_ui_api-bbd3e4b97b2febe0/build-script-build`
error: failed to run custom build command for `noa_ui_api v0.1.0 (/workspaces/noa_ark_os/server/ui_api)`

Caused by:
  process didn't exit successfully: `/workspaces/noa_ark_os/target/debug/build/noa_ui_api-bbd3e4b97b2febe0/build-script-build` (exit status: 101)
  --- stdout
  cargo:rerun-if-changed=proto/ui_schema.proto
  cargo:rerun-if-changed=proto

  --- stderr

  thread 'main' (39105) panicked at server/ui_api/build.rs:4:10:
  failed to compile ui schema proto: Custom { kind: NotFound, error: "Could not find `protoc`. If `protoc` is installed, try setting the `PROTOC` environment variable to the path of the `protoc` binary. To install it on Debian, run `apt-get install protobuf-compiler`. It is also available at https://github.com/protocolbuffers/protobuf/releases  For more information: https://docs.rs/prost-build/#sourcing-protoc" }
  note: run with `RUST_BACKTRACE=1` environment variable to display a backtrace
warning: build failed, waiting for other jobs to finish...
